2026-03-20 18:25:12.855  1412-1412  AndroidIME              com...gle.android.inputmethod.latin  I  AbstractIme.onActivate():90 LatinIme.onActivate() : EditorInfo = EditorInfo{packageName=com.lmsa.app, inputType=ac0a1, inputTypeString=WebEditText[NoSuggestion|MultiLine|CapSentences|AutoCorrect], enableLearning=true, autoCorrection=true, autoComplete=true, imeOptions=12000001, privateImeOptions=null, actionName=NONE, actionLabel=null, initialSelStart=0, initialSelEnd=0, initialCapsMode=0, label=null, fieldId=2131231187, fieldName=null, extras=null, hintText=null, hintLocales=[]}, IncognitoMode = false, DeviceLocked = false
2026-03-20 18:25:12.883   713-2043  CoreBackPreview         system_server                        D  Window{9c101f8 u0 com.lmsa.app/com.lmsa.app.WebViewActivity}: Setting back callback OnBackInvokedCallbackInfo{mCallback=android.window.IOnBackInvokedCallback$Stub$Proxy@a4063de, mPriority=0, mIsAnimationCallback=true, mOverrideBehavior=0}
2026-03-20 18:25:13.204 14887-14887 ImeTracker              pid-14887                            I  com.lmsa.app:72915cff: onShown
2026-03-20 18:25:16.729 14887-14887 ImeTracker              pid-14887                            I  com.lmsa.app:76b1061: onRequestHide at ORIGIN_CLIENT reason HIDE_SOFT_INPUT fromUser false
2026-03-20 18:25:16.730   713-2043  CoreBackPreview         system_server                        D  Window{9c101f8 u0 com.lmsa.app/com.lmsa.app.WebViewActivity}: Setting back callback OnBackInvokedCallbackInfo{mCallback=android.window.IOnBackInvokedCallback$Stub$Proxy@16adfea, mPriority=0, mIsAnimationCallback=false, mOverrideBehavior=0}
2026-03-20 18:25:16.732  1412-1412  GoogleInpu...hodService com...gle.android.inputmethod.latin  I  GoogleInputMethodService.onStartInput():1293 onStartInput(EditorInfo{EditorInfo{packageName=com.lmsa.app, inputType=0, inputTypeString=NULL, enableLearning=false, autoCorrection=false, autoComplete=false, imeOptions=12000000, privateImeOptions=null, actionName=UNSPECIFIED, actionLabel=null, initialSelStart=-1, initialSelEnd=-1, initialCapsMode=0, label=null, fieldId=0, fieldName=null, extras=null, hintText=null, hintLocales=[]}}, true)
2026-03-20 18:25:16.733   713-2043  PackageConfigPersister  system_server                        W  App-specific configuration not found for packageName: com.lmsa.app and userId: 0
2026-03-20 18:25:16.734  1412-1412  GoogleInpu...hodService com...gle.android.inputmethod.latin  I  GoogleInputMethodService.onStartInputView():1392 onStartInputView(EditorInfo{EditorInfo{packageName=com.lmsa.app, inputType=0, inputTypeString=NULL, enableLearning=false, autoCorrection=false, autoComplete=false, imeOptions=12000000, privateImeOptions=null, actionName=UNSPECIFIED, actionLabel=null, initialSelStart=-1, initialSelEnd=-1, initialCapsMode=0, label=null, fieldId=0, fieldName=null, extras=null, hintText=null, hintLocales=[]}}, true)
2026-03-20 18:25:16.742  1412-1412  AndroidIME              com...gle.android.inputmethod.latin  I  AbstractIme.onActivate():90 PasswordIme.onActivate() : EditorInfo = EditorInfo{packageName=com.lmsa.app, inputType=0, inputTypeString=NULL, enableLearning=false, autoCorrection=false, autoComplete=false, imeOptions=12000000, privateImeOptions=null, actionName=UNSPECIFIED, actionLabel=null, initialSelStart=-1, initialSelEnd=-1, initialCapsMode=0, label=null, fieldId=0, fieldName=null, extras=null, hintText=null, hintLocales=[]}, IncognitoMode = false, DeviceLocked = false
2026-03-20 18:25:17.171   713-836   ImeTracker              system_server                        I  com.lmsa.app:ddacd45c: setFinished at PHASE_CLIENT_ANIMATION_CANCEL with STATUS_TIMEOUT
2026-03-20 18:25:18.462 14887-15102 LMSA_WebView            pid-14887                            D  Successfully saved data to internal storage: chatHistory
2026-03-20 18:25:18.467 14887-15102 LMSA_WebView            pid-14887                            D  Successfully saved data to internal storage: chatHistory
2026-03-20 18:25:18.485 14887-14887 chromium                pid-14887                            I  [INFO:CONSOLE:443] "Preparing to send API request...", source: file:///android_asset/LMSA/js/chat-service.js (443)
2026-03-20 18:25:18.485 14887-14887 chromium                pid-14887                            I  [INFO:CONSOLE:444] "Request body messages count: 1", source: file:///android_asset/LMSA/js/chat-service.js (444)
2026-03-20 18:25:18.485 14887-14887 chromium                pid-14887                            I  [INFO:CONSOLE:445] "Last message structure: {
                                                                                                      "role": "user",
                                                                                                      "content": "yo"
                                                                                                    }", source: file:///android_asset/LMSA/js/chat-service.js (445)
2026-03-20 18:25:18.485 14887-14887 chromium                pid-14887                            I  [INFO:CONSOLE:473] "Sending fetch request to: https://openrouter.ai/api/v1/chat/completions", source: file:///android_asset/LMSA/js/chat-service.js (473)
2026-03-20 18:25:18.485 14887-14887 chromium                pid-14887                            I  [INFO:CONSOLE:493] "Waiting for API response...", source: file:///android_asset/LMSA/js/chat-service.js (493)
2026-03-20 18:25:19.873 14887-14887 chromium                pid-14887                            I  [INFO:CONSOLE:495] "Received response, status: 200 ", source: file:///android_asset/LMSA/js/chat-service.js (495)
2026-03-20 18:25:20.367 14887-15102 LMSA_WebView            pid-14887                            D  Successfully saved data to internal storage: chatHistory
2026-03-20 18:25:20.373 14887-15102 LMSA_WebView            pid-14887                            D  Successfully saved data to internal storage: chatHistory
2026-03-20 18:25:21.101  3589-3601  artd                    artd                                 W  Could not get dex checksums for location /data/app/~~z_gZJR6MTtdJXmSeW8VSEA==/com.lmsa.app-CWWcXZ-v4_RuS5SE4tr0sw==/base.apk, fd=-1
2026-03-20 18:25:21.968 14887-14887 chromium                pid-14887                            I  [INFO:CONSOLE:544] "Android TTS is ready after 100 ms", source: file:///android_asset/LMSA/js/tts-service.js (544)
2026-03-20 18:25:21.974   713-2049  MediaFocusControl       system_server                        I  requestAudioFocus() from uid/pid 10217/14887 AA=USAGE_MEDIA/CONTENT_TYPE_SPEECH clientId=android.media.AudioManager@f1b956ecom.lmsa.app.WebViewActivity$$ExternalSyntheticLambda24@75a540f callingPack=com.lmsa.app req=2 flags=0x1 sdk=35
2026-03-20 18:25:21.985 14887-14887 LMSA_WebView            pid-14887                            D  TTS speaking chunk 0 of 1: Yo! What's up? How can I help you today?...
2026-03-20 18:25:22.092 14887-14928 LMSA_WebView            pid-14887                            D  TTS started chunk: tts_1774045521968_1_chunk_0
2026-03-20 18:25:22.094 14887-14887 chromium                pid-14887                            I  [INFO:CONSOLE:314] "Android TTS started: tts_1774045521968_1", source: file:///android_asset/LMSA/js/tts-service.js (314)
2026-03-20 18:25:23.370   713-1973  MediaFocusControl       system_server                        I  abandonAudioFocus() from uid/pid 10217/14887 clientId=android.media.AudioManager@f1b956ecom.lmsa.app.WebViewActivity$$ExternalSyntheticLambda24@75a540f callingPack=com.lmsa.app
2026-03-20 18:25:23.370 14887-14887 LMSA_WebView            pid-14887                            D  TTS stopped (reason: speaker-toggle-stop)
2026-03-20 18:25:26.734   713-836   ImeTracker              system_server                        I  com.lmsa.app:76b1061: setFinished at PHASE_CLIENT_ANIMATION_CANCEL with STATUS_TIMEOUT
2026-03-20 18:25:27.092 14887-15102 LMSA_WebView            pid-14887                            D  Successfully saved data to internal storage: chatHistory
2026-03-20 18:25:27.096 14887-15102 LMSA_WebView            pid-14887                            D  Successfully saved data to internal storage: chatHistory
2026-03-20 18:25:31.095  3589-3589  artd                    artd                                 W  Could not get dex checksums for location /data/app/~~z_gZJR6MTtdJXmSeW8VSEA==/com.lmsa.app-CWWcXZ-v4_RuS5SE4tr0sw==/base.apk, fd=-1
2026-03-20 18:25:41.126  3589-3601  artd                    artd                                 W  Could not get dex checksums for location /data/app/~~z_gZJR6MTtdJXmSeW8VSEA==/com.lmsa.app-CWWcXZ-v4_RuS5SE4tr0sw==/base.apk, fd=-1
2026-03-20 18:25:45.098 14887-14887 chromium                pid-14887                            I  [INFO:CONSOLE:24] "Premium status updated: true", source: file:///android_asset/LMSA/js/android-interface.js (24)
2026-03-20 18:25:47.165   713-1317  AppsFilter              system_server                        I  interaction: PackageSetting{7cc69fe com.lmsa.app/10217} -> PackageSetting{460380f com.google.android.inputmethod.latin/10160} BLOCKED
2026-03-20 18:25:47.166 14887-14887 ImeTracker              pid-14887                            I  com.lmsa.app:6d1b5d3c: onRequestShow at ORIGIN_CLIENT reason SHOW_SOFT_INPUT fromUser false
2026-03-20 18:25:47.169  1412-1412  GoogleInpu...hodService com...gle.android.inputmethod.latin  I  GoogleInputMethodService.onStartInput():1293 onStartInput(EditorInfo{EditorInfo{packageName=com.lmsa.app, inputType=8c0a1, inputTypeString=WebEditText[NoSuggestion|CapSentences|AutoCorrect], enableLearning=true, autoCorrection=true, autoComplete=true, imeOptions=12000005, privateImeOptions=null, actionName=NEXT, actionLabel=null, initialSelStart=0, initialSelEnd=0, initialCapsMode=0, label=null, fieldId=2131231187, fieldName=null, extras=null, hintText=null, hintLocales=[]}}, true)
2026-03-20 18:25:47.169   713-2049  ContentCap...serService system_server                        D  Notified activity assist data for activity: Token{b347de5 ActivityRecord{26384719 u0 com.lmsa.app/.WebViewActivity t53}} without a session Id
2026-03-20 18:25:47.172   713-738   PackageConfigPersister  system_server                        W  App-specific configuration not found for packageName: com.lmsa.app and userId: 0
2026-03-20 18:25:47.173  1412-1412  GoogleInpu...hodService com...gle.android.inputmethod.latin  I  GoogleInputMethodService.onStartInputView():1392 onStartInputView(EditorInfo{EditorInfo{packageName=com.lmsa.app, inputType=8c0a1, inputTypeString=WebEditText[NoSuggestion|CapSentences|AutoCorrect], enableLearning=true, autoCorrection=true, autoComplete=true, imeOptions=12000005, privateImeOptions=null, actionName=NEXT, actionLabel=null, initialSelStart=0, initialSelEnd=0, initialCapsMode=0, label=null, fieldId=2131231187, fieldName=null, extras=null, hintText=null, hintLocales=[]}}, false)
2026-03-20 18:25:47.177  1412-1412  AndroidIME              com...gle.android.inputmethod.latin  I  AbstractIme.onActivate():90 LatinIme.onActivate() : EditorInfo = EditorInfo{packageName=com.lmsa.app, inputType=8c0a1, inputTypeString=WebEditText[NoSuggestion|CapSentences|AutoCorrect], enableLearning=true, autoCorrection=true, autoComplete=true, imeOptions=12000005, privateImeOptions=null, actionName=NEXT, actionLabel=null, initialSelStart=0, initialSelEnd=0, initialCapsMode=0, label=null, fieldId=2131231187, fieldName=null, extras=null, hintText=null, hintLocales=[]}, IncognitoMode = false, DeviceLocked = false
2026-03-20 18:25:47.222   713-738   CoreBackPreview         system_server                        D  Window{9c101f8 u0 com.lmsa.app/com.lmsa.app.WebViewActivity}: Setting back callback OnBackInvokedCallbackInfo{mCallback=android.window.IOnBackInvokedCallback$Stub$Proxy@2571fa9, mPriority=0, mIsAnimationCallback=true, mOverrideBehavior=0}
2026-03-20 18:25:47.538 14887-14887 ImeTracker              pid-14887                            I  com.lmsa.app:6d1b5d3c: onShown
2026-03-20 18:25:48.669   713-738   AppsFilter              system_server                        I  interaction: PackageSetting{7cc69fe com.lmsa.app/10217} -> PackageSetting{460380f com.google.android.inputmethod.latin/10160} BLOCKED
2026-03-20 18:25:48.670 14887-14887 ImeTracker              pid-14887                            I  com.lmsa.app:983182e8: onRequestShow at ORIGIN_CLIENT reason SHOW_SOFT_INPUT fromUser false
2026-03-20 18:25:48.671 14887-14887 ImeTracker              pid-14887                            I  com.lmsa.app:983182e8: onCancelled at PHASE_CLIENT_APPLY_ANIMATION
2026-03-20 18:25:48.671   713-836   ImeTracker              system_server                        I  com.lmsa.app:7bd0d5db: onRequestShow at ORIGIN_SERVER reason ATTACH_NEW_INPUT fromUser false
2026-03-20 18:25:48.671  1412-1412  GoogleInpu...hodService com...gle.android.inputmethod.latin  I  GoogleInputMethodService.onStartInput():1293 onStartInput(EditorInfo{EditorInfo{packageName=com.lmsa.app, inputType=8c0a1, inputTypeString=WebEditText[NoSuggestion|CapSentences|AutoCorrect], enableLearning=true, autoCorrection=true, autoComplete=true, imeOptions=12000005, privateImeOptions=null, actionName=NEXT, actionLabel=null, initialSelStart=0, initialSelEnd=0, initialCapsMode=0, label=null, fieldId=2131231187, fieldName=null, extras=null, hintText=null, hintLocales=[]}}, true)
2026-03-20 18:25:48.673   713-2049  PackageConfigPersister  system_server                        W  App-specific configuration not found for packageName: com.lmsa.app and userId: 0
2026-03-20 18:25:48.673   713-738   ContentCap...serService system_server                        D  Notified activity assist data for activity: Token{b347de5 ActivityRecord{26384719 u0 com.lmsa.app/.WebViewActivity t53}} without a session Id
2026-03-20 18:25:48.674  1412-1412  GoogleInpu...hodService com...gle.android.inputmethod.latin  I  GoogleInputMethodService.onStartInputView():1392 onStartInputView(EditorInfo{EditorInfo{packageName=com.lmsa.app, inputType=8c0a1, inputTypeString=WebEditText[NoSuggestion|CapSentences|AutoCorrect], enableLearning=true, autoCorrection=true, autoComplete=true, imeOptions=12000005, privateImeOptions=null, actionName=NEXT, actionLabel=null, initialSelStart=0, initialSelEnd=0, initialCapsMode=0, label=null, fieldId=2131231187, fieldName=null, extras=null, hintText=null, hintLocales=[]}}, true)
2026-03-20 18:25:48.678  1412-1412  AndroidIME              com...gle.android.inputmethod.latin  I  AbstractIme.onActivate():90 LatinIme.onActivate() : EditorInfo = EditorInfo{packageName=com.lmsa.app, inputType=8c0a1, inputTypeString=WebEditText[NoSuggestion|CapSentences|AutoCorrect], enableLearning=true, autoCorrection=true, autoComplete=true, imeOptions=12000005, privateImeOptions=null, actionName=NEXT, actionLabel=null, initialSelStart=0, initialSelEnd=0, initialCapsMode=0, label=null, fieldId=2131231187, fieldName=null, extras=null, hintText=null, hintLocales=[]}, IncognitoMode = false, DeviceLocked = false
2026-03-20 18:25:50.890 14887-14887 ImeTracker              pid-14887                            I  com.lmsa.app:8819d81f: onRequestHide at ORIGIN_CLIENT reason HIDE_SOFT_INPUT fromUser false
2026-03-20 18:25:50.891   713-1973  CoreBackPreview         system_server                        D  Window{9c101f8 u0 com.lmsa.app/com.lmsa.app.WebViewActivity}: Setting back callback OnBackInvokedCallbackInfo{mCallback=android.window.IOnBackInvokedCallback$Stub$Proxy@f13dc60, mPriority=0, mIsAnimationCallback=false, mOverrideBehavior=0}
2026-03-20 18:25:50.892  1412-1412  GoogleInpu...hodService com...gle.android.inputmethod.latin  I  GoogleInputMethodService.onStartInput():1293 onStartInput(EditorInfo{EditorInfo{packageName=com.lmsa.app, inputType=0, inputTypeString=NULL, enableLearning=false, autoCorrection=false, autoComplete=false, imeOptions=12000000, privateImeOptions=null, actionName=UNSPECIFIED, actionLabel=null, initialSelStart=-1, initialSelEnd=-1, initialCapsMode=0, label=null, fieldId=0, fieldName=null, extras=null, hintText=null, hintLocales=[]}}, true)
2026-03-20 18:25:50.894   713-940   PackageConfigPersister  system_server                        W  App-specific configuration not found for packageName: com.lmsa.app and userId: 0
2026-03-20 18:25:50.894  1412-1412  GoogleInpu...hodService com...gle.android.inputmethod.latin  I  GoogleInputMethodService.onStartInputView():1392 onStartInputView(EditorInfo{EditorInfo{packageName=com.lmsa.app, inputType=0, inputTypeString=NULL, enableLearning=false, autoCorrection=false, autoComplete=false, imeOptions=12000000, privateImeOptions=null, actionName=UNSPECIFIED, actionLabel=null, initialSelStart=-1, initialSelEnd=-1, initialCapsMode=0, label=null, fieldId=0, fieldName=null, extras=null, hintText=null, hintLocales=[]}}, true)
2026-03-20 18:25:50.910  1412-1412  AndroidIME              com...gle.android.inputmethod.latin  I  AbstractIme.onActivate():90 PasswordIme.onActivate() : EditorInfo = EditorInfo{packageName=com.lmsa.app, inputType=0, inputTypeString=NULL, enableLearning=false, autoCorrection=false, autoComplete=false, imeOptions=12000000, privateImeOptions=null, actionName=UNSPECIFIED, actionLabel=null, initialSelStart=-1, initialSelEnd=-1, initialCapsMode=0, label=null, fieldId=0, fieldName=null, extras=null, hintText=null, hintLocales=[]}, IncognitoMode = false, DeviceLocked = false
2026-03-20 18:25:50.941   713-1317  ImeTracker              system_server                        I  com.lmsa.app:7bd0d5db: onCancelled at PHASE_WM_POST_LAYOUT_NOTIFY_CONTROLS_CHANGED
2026-03-20 18:25:51.100  3589-3601  artd                    artd                                 W  Could not get dex checksums for location /data/app/~~z_gZJR6MTtdJXmSeW8VSEA==/com.lmsa.app-CWWcXZ-v4_RuS5SE4tr0sw==/base.apk, fd=-1
2026-03-20 18:26:00.893   713-836   ImeTracker              system_server                        I  com.lmsa.app:8819d81f: setFinished at PHASE_CLIENT_ANIMATION_CANCEL with STATUS_TIMEOUT
2026-03-20 18:26:01.102  3589-3601  artd                    artd                                 W  Could not get dex checksums for location /data/app/~~z_gZJR6MTtdJXmSeW8VSEA==/com.lmsa.app-CWWcXZ-v4_RuS5SE4tr0sw==/base.apk, fd=-1
2026-03-20 18:26:02.489 14887-14887 ImeTracker              pid-14887                            I  com.lmsa.app:17565ebd: onRequestShow at ORIGIN_CLIENT reason SHOW_SOFT_INPUT fromUser false
2026-03-20 18:26:02.490  1412-1412  GoogleInpu...hodService com...gle.android.inputmethod.latin  I  GoogleInputMethodService.onStartInput():1293 onStartInput(EditorInfo{EditorInfo{packageName=com.lmsa.app, inputType=ac0a1, inputTypeString=WebEditText[NoSuggestion|MultiLine|CapSentences|AutoCorrect], enableLearning=true, autoCorrection=true, autoComplete=true, imeOptions=12000001, privateImeOptions=null, actionName=NONE, actionLabel=null, initialSelStart=192, initialSelEnd=192, initialCapsMode=0, label=null, fieldId=2131231187, fieldName=null, extras=null, hintText=null, hintLocales=[]}}, true)
2026-03-20 18:26:02.493   713-2048  PackageConfigPersister  system_server                        W  App-specific configuration not found for packageName: com.lmsa.app and userId: 0
2026-03-20 18:26:02.494  1412-1412  GoogleInpu...hodService com...gle.android.inputmethod.latin  I  GoogleInputMethodService.onStartInputView():1392 onStartInputView(EditorInfo{EditorInfo{packageName=com.lmsa.app, inputType=ac0a1, inputTypeString=WebEditText[NoSuggestion|MultiLine|CapSentences|AutoCorrect], enableLearning=true, autoCorrection=true, autoComplete=true, imeOptions=12000001, privateImeOptions=null, actionName=NONE, actionLabel=null, initialSelStart=192, initialSelEnd=192, initialCapsMode=0, label=null, fieldId=2131231187, fieldName=null, extras=null, hintText=null, hintLocales=[]}}, false)
2026-03-20 18:26:02.496  1412-1412  AndroidIME              com...gle.android.inputmethod.latin  I  AbstractIme.onActivate():90 LatinIme.onActivate() : EditorInfo = EditorInfo{packageName=com.lmsa.app, inputType=ac0a1, inputTypeString=WebEditText[NoSuggestion|MultiLine|CapSentences|AutoCorrect], enableLearning=true, autoCorrection=true, autoComplete=true, imeOptions=12000001, privateImeOptions=null, actionName=NONE, actionLabel=null, initialSelStart=192, initialSelEnd=192, initialCapsMode=0, label=null, fieldId=2131231187, fieldName=null, extras=null, hintText=null, hintLocales=[]}, IncognitoMode = false, DeviceLocked = false
2026-03-20 18:26:02.728   713-940   CoreBackPreview         system_server                        D  Window{9c101f8 u0 com.lmsa.app/com.lmsa.app.WebViewActivity}: Setting back callback OnBackInvokedCallbackInfo{mCallback=android.window.IOnBackInvokedCallback$Stub$Proxy@27e3726, mPriority=0, mIsAnimationCallback=true, mOverrideBehavior=0}
2026-03-20 18:26:03.103 14887-14887 ImeTracker              pid-14887                            I  com.lmsa.app:17565ebd: onShown
2026-03-20 18:26:05.076 14887-14887 ImeTracker              pid-14887                            I  com.lmsa.app:45c4a95b: onRequestShow at ORIGIN_CLIENT reason SHOW_SOFT_INPUT fromUser false
2026-03-20 18:26:05.076 14887-14887 ImeTracker              pid-14887                            I  com.lmsa.app:45c4a95b: onCancelled at PHASE_CLIENT_APPLY_ANIMATION
2026-03-20 18:26:05.077   713-836   ImeTracker              system_server                        I  com.lmsa.app:4742af7a: onRequestShow at ORIGIN_SERVER reason ATTACH_NEW_INPUT fromUser false
2026-03-20 18:26:05.077  1412-1412  GoogleInpu...hodService com...gle.android.inputmethod.latin  I  GoogleInputMethodService.onStartInput():1293 onStartInput(EditorInfo{EditorInfo{packageName=com.lmsa.app, inputType=8c0a1, inputTypeString=WebEditText[NoSuggestion|CapSentences|AutoCorrect], enableLearning=true, autoCorrection=true, autoComplete=true, imeOptions=12000005, privateImeOptions=null, actionName=NEXT, actionLabel=null, initialSelStart=4, initialSelEnd=4, initialCapsMode=0, label=null, fieldId=2131231187, fieldName=null, extras=null, hintText=null, hintLocales=[]}}, true)
2026-03-20 18:26:05.080   713-1973  PackageConfigPersister  system_server                        W  App-specific configuration not found for packageName: com.lmsa.app and userId: 0
2026-03-20 18:26:05.080  1412-1412  GoogleInpu...hodService com...gle.android.inputmethod.latin  I  GoogleInputMethodService.onStartInputView():1392 onStartInputView(EditorInfo{EditorInfo{packageName=com.lmsa.app, inputType=8c0a1, inputTypeString=WebEditText[NoSuggestion|CapSentences|AutoCorrect], enableLearning=true, autoCorrection=true, autoComplete=true, imeOptions=12000005, privateImeOptions=null, actionName=NEXT, actionLabel=null, initialSelStart=4, initialSelEnd=4, initialCapsMode=0, label=null, fieldId=2131231187, fieldName=null, extras=null, hintText=null, hintLocales=[]}}, true)
2026-03-20 18:26:05.084  1412-1412  AndroidIME              com...gle.android.inputmethod.latin  I  AbstractIme.onActivate():90 LatinIme.onActivate() : EditorInfo = EditorInfo{packageName=com.lmsa.app, inputType=8c0a1, inputTypeString=WebEditText[NoSuggestion|CapSentences|AutoCorrect], enableLearning=true, autoCorrection=true, autoComplete=true, imeOptions=12000005, privateImeOptions=null, actionName=NEXT, actionLabel=null, initialSelStart=4, initialSelEnd=4, initialCapsMode=0, label=null, fieldId=2131231187, fieldName=null, extras=null, hintText=null, hintLocales=[]}, IncognitoMode = false, DeviceLocked = false
2026-03-20 18:26:06.045 14887-14887 ImeTracker              pid-14887                            I  com.lmsa.app:91e4a5b1: onRequestShow at ORIGIN_CLIENT reason SHOW_SOFT_INPUT fromUser false
2026-03-20 18:26:06.045   713-836   ImeTracker              system_server                        I  com.lmsa.app:b2566581: onRequestShow at ORIGIN_SERVER reason ATTACH_NEW_INPUT fromUser false
2026-03-20 18:26:06.045 14887-14887 ImeTracker              pid-14887                            I  com.lmsa.app:91e4a5b1: onCancelled at PHASE_CLIENT_APPLY_ANIMATION
2026-03-20 18:26:06.046  1412-1412  GoogleInpu...hodService com...gle.android.inputmethod.latin  I  GoogleInputMethodService.onStartInput():1293 onStartInput(EditorInfo{EditorInfo{packageName=com.lmsa.app, inputType=ac0a1, inputTypeString=WebEditText[NoSuggestion|MultiLine|CapSentences|AutoCorrect], enableLearning=true, autoCorrection=true, autoComplete=true, imeOptions=12000001, privateImeOptions=null, actionName=NONE, actionLabel=null, initialSelStart=159, initialSelEnd=159, initialCapsMode=0, label=null, fieldId=2131231187, fieldName=null, extras=null, hintText=null, hintLocales=[]}}, true)
2026-03-20 18:26:06.048   713-1317  PackageConfigPersister  system_server                        W  App-specific configuration not found for packageName: com.lmsa.app and userId: 0
2026-03-20 18:26:06.048  1412-1412  GoogleInpu...hodService com...gle.android.inputmethod.latin  I  GoogleInputMethodService.onStartInputView():1392 onStartInputView(EditorInfo{EditorInfo{packageName=com.lmsa.app, inputType=ac0a1, inputTypeString=WebEditText[NoSuggestion|MultiLine|CapSentences|AutoCorrect], enableLearning=true, autoCorrection=true, autoComplete=true, imeOptions=12000001, privateImeOptions=null, actionName=NONE, actionLabel=null, initialSelStart=159, initialSelEnd=159, initialCapsMode=0, label=null, fieldId=2131231187, fieldName=null, extras=null, hintText=null, hintLocales=[]}}, true)
2026-03-20 18:26:06.052  1412-1412  AndroidIME              com...gle.android.inputmethod.latin  I  AbstractIme.onActivate():90 LatinIme.onActivate() : EditorInfo = EditorInfo{packageName=com.lmsa.app, inputType=ac0a1, inputTypeString=WebEditText[NoSuggestion|MultiLine|CapSentences|AutoCorrect], enableLearning=true, autoCorrection=true, autoComplete=true, imeOptions=12000001, privateImeOptions=null, actionName=NONE, actionLabel=null, initialSelStart=159, initialSelEnd=159, initialCapsMode=0, label=null, fieldId=2131231187, fieldName=null, extras=null, hintText=null, hintLocales=[]}, IncognitoMode = false, DeviceLocked = false
2026-03-20 18:26:06.074   713-738   ImeInsetsSourceProvider system_server                        D  showImePostLayout cancelled, isScheduledAndReadyToShowIme: false, mImeRequester: null, serverVisible: true, frozen: false, mWindowContainer is: non-null, windowState: Window{6a744e4 u0 InputMethod}, isDrawn: true, mGivenInsetsPending: false, dcTarget: Window{9c101f8 u0 com.lmsa.app/com.lmsa.app.WebViewActivity}, controlTarget: Window{9c101f8 u0 com.lmsa.app/com.lmsa.app.WebViewActivity}
2026-03-20 18:26:06.075   713-738   ImeTracker              system_server                        I  com.lmsa.app:4742af7a: onCancelled at PHASE_WM_ABORT_SHOW_IME_POST_LAYOUT
2026-03-20 18:26:06.718   713-836   ImeTracker              system_server                        I  com.lmsa.app:f882fd77: onRequestShow at ORIGIN_SERVER reason ATTACH_NEW_INPUT fromUser false
2026-03-20 18:26:06.718 14887-14887 ImeTracker              pid-14887                            I  com.lmsa.app:e2b89513: onRequestShow at ORIGIN_CLIENT reason SHOW_SOFT_INPUT fromUser false
2026-03-20 18:26:06.718 14887-14887 ImeTracker              pid-14887                            I  com.lmsa.app:e2b89513: onCancelled at PHASE_CLIENT_APPLY_ANIMATION
2026-03-20 18:26:06.719  1412-1412  GoogleInpu...hodService com...gle.android.inputmethod.latin  I  GoogleInputMethodService.onStartInput():1293 onStartInput(EditorInfo{EditorInfo{packageName=com.lmsa.app, inputType=8c0a1, inputTypeString=WebEditText[NoSuggestion|CapSentences|AutoCorrect], enableLearning=true, autoCorrection=true, autoComplete=true, imeOptions=12000005, privateImeOptions=null, actionName=NEXT, actionLabel=null, initialSelStart=4, initialSelEnd=4, initialCapsMode=0, label=null, fieldId=2131231187, fieldName=null, extras=null, hintText=null, hintLocales=[]}}, true)
2026-03-20 18:26:06.721   713-2048  PackageConfigPersister  system_server                        W  App-specific configuration not found for packageName: com.lmsa.app and userId: 0
2026-03-20 18:26:06.721  1412-1412  GoogleInpu...hodService com...gle.android.inputmethod.latin  I  GoogleInputMethodService.onStartInputView():1392 onStartInputView(EditorInfo{EditorInfo{packageName=com.lmsa.app, inputType=8c0a1, inputTypeString=WebEditText[NoSuggestion|CapSentences|AutoCorrect], enableLearning=true, autoCorrection=true, autoComplete=true, imeOptions=12000005, privateImeOptions=null, actionName=NEXT, actionLabel=null, initialSelStart=4, initialSelEnd=4, initialCapsMode=0, label=null, fieldId=2131231187, fieldName=null, extras=null, hintText=null, hintLocales=[]}}, true)
2026-03-20 18:26:06.725  1412-1412  AndroidIME              com...gle.android.inputmethod.latin  I  AbstractIme.onActivate():90 LatinIme.onActivate() : EditorInfo = EditorInfo{packageName=com.lmsa.app, inputType=8c0a1, inputTypeString=WebEditText[NoSuggestion|CapSentences|AutoCorrect], enableLearning=true, autoCorrection=true, autoComplete=true, imeOptions=12000005, privateImeOptions=null, actionName=NEXT, actionLabel=null, initialSelStart=4, initialSelEnd=4, initialCapsMode=0, label=null, fieldId=2131231187, fieldName=null, extras=null, hintText=null, hintLocales=[]}, IncognitoMode = false, DeviceLocked = false
2026-03-20 18:26:06.754   713-738   ImeInsetsSourceProvider system_server                        D  showImePostLayout cancelled, isScheduledAndReadyToShowIme: false, mImeRequester: null, serverVisible: true, frozen: false, mWindowContainer is: non-null, windowState: Window{6a744e4 u0 InputMethod}, isDrawn: true, mGivenInsetsPending: false, dcTarget: Window{9c101f8 u0 com.lmsa.app/com.lmsa.app.WebViewActivity}, controlTarget: Window{9c101f8 u0 com.lmsa.app/com.lmsa.app.WebViewActivity}
2026-03-20 18:26:06.754   713-738   ImeTracker              system_server                        I  com.lmsa.app:b2566581: onCancelled at PHASE_WM_ABORT_SHOW_IME_POST_LAYOUT
2026-03-20 18:26:07.530 14887-14887 ImeTracker              pid-14887                            I  com.lmsa.app:a6714d61: onRequestHide at ORIGIN_CLIENT reason HIDE_SOFT_INPUT fromUser false
2026-03-20 18:26:07.530   713-1317  CoreBackPreview         system_server                        D  Window{9c101f8 u0 com.lmsa.app/com.lmsa.app.WebViewActivity}: Setting back callback OnBackInvokedCallbackInfo{mCallback=android.window.IOnBackInvokedCallback$Stub$Proxy@b6f3775, mPriority=0, mIsAnimationCallback=false, mOverrideBehavior=0}
2026-03-20 18:26:07.532  1412-1412  GoogleInpu...hodService com...gle.android.inputmethod.latin  I  GoogleInputMethodService.onStartInput():1293 onStartInput(EditorInfo{EditorInfo{packageName=com.lmsa.app, inputType=0, inputTypeString=NULL, enableLearning=false, autoCorrection=false, autoComplete=false, imeOptions=12000000, privateImeOptions=null, actionName=UNSPECIFIED, actionLabel=null, initialSelStart=-1, initialSelEnd=-1, initialCapsMode=0, label=null, fieldId=0, fieldName=null, extras=null, hintText=null, hintLocales=[]}}, true)
2026-03-20 18:26:07.533   713-738   PackageConfigPersister  system_server                        W  App-specific configuration not found for packageName: com.lmsa.app and userId: 0
2026-03-20 18:26:07.533  1412-1412  GoogleInpu...hodService com...gle.android.inputmethod.latin  I  GoogleInputMethodService.onStartInputView():1392 onStartInputView(EditorInfo{EditorInfo{packageName=com.lmsa.app, inputType=0, inputTypeString=NULL, enableLearning=false, autoCorrection=false, autoComplete=false, imeOptions=12000000, privateImeOptions=null, actionName=UNSPECIFIED, actionLabel=null, initialSelStart=-1, initialSelEnd=-1, initialCapsMode=0, label=null, fieldId=0, fieldName=null, extras=null, hintText=null, hintLocales=[]}}, true)
2026-03-20 18:26:07.542  1412-1412  AndroidIME              com...gle.android.inputmethod.latin  I  AbstractIme.onActivate():90 PasswordIme.onActivate() : EditorInfo = EditorInfo{packageName=com.lmsa.app, inputType=0, inputTypeString=NULL, enableLearning=false, autoCorrection=false, autoComplete=false, imeOptions=12000000, privateImeOptions=null, actionName=UNSPECIFIED, actionLabel=null, initialSelStart=-1, initialSelEnd=-1, initialCapsMode=0, label=null, fieldId=0, fieldName=null, extras=null, hintText=null, hintLocales=[]}, IncognitoMode = false, DeviceLocked = false
2026-03-20 18:26:07.561   713-2048  ImeTracker              system_server                        I  com.lmsa.app:f882fd77: onCancelled at PHASE_WM_POST_LAYOUT_NOTIFY_CONTROLS_CHANGED
2026-03-20 18:26:11.098  3589-3589  artd                    artd                                 W  Could not get dex checksums for location /data/app/~~z_gZJR6MTtdJXmSeW8VSEA==/com.lmsa.app-CWWcXZ-v4_RuS5SE4tr0sw==/base.apk, fd=-1
2026-03-20 18:26:17.421 14887-14887 chromium                pid-14887                            I  [INFO:CONSOLE:19] "TTSService created, Android available: true", source: file:///android_asset/LMSA/js/tts-service.js (19)
2026-03-20 18:26:17.530   713-836   ImeTracker              system_server                        I  com.lmsa.app:a6714d61: setFinished at PHASE_CLIENT_ANIMATION_CANCEL with STATUS_TIMEOUT
2026-03-20 18:26:17.547 14887-14887 chromium                pid-14887                            I  [INFO:CONSOLE:24] "Loading modals...", source: file:///android_asset/LMSA/js/components/modal-loader.js (24)
2026-03-20 18:26:17.548 14887-14887 chromium                pid-14887                            I  [INFO:CONSOLE:40] "Modals loaded successfully", source: file:///android_asset/LMSA/js/components/modal-loader.js (40)
2026-03-20 18:26:17.568 14887-15102 LMSA_WebView            pid-14887                            D  Successfully saved data to internal storage: chatHistory
2026-03-20 18:26:17.605 14887-14887 chromium                pid-14887                            I  [INFO:CONSOLE:95] "Performing silent model check...", source: file:///android_asset/LMSA/js/model-manager.js (95)
2026-03-20 18:26:17.605 14887-14887 chromium                pid-14887                            I  [INFO:CONSOLE:233] "Loading model information from server...", source: file:///android_asset/LMSA/js/model-manager.js (233)
2026-03-20 18:26:17.652 14887-14887 chromium                pid-14887                            I  [INFO:CONSOLE:228] "KaTeX loaded successfully", source: file:///android_asset/LMSA/js/external-libs-loader.js (228)
2026-03-20 18:26:17.659 14887-14887 chromium                pid-14887                            I  [INFO:CONSOLE:82] "Initializing OpenRouter Key Required Modal...", source: file:///android_asset/LMSA/js/components/modals/openrouter-key-required-modal.js (82)
2026-03-20 18:26:17.659 14887-14887 chromium                pid-14887                            I  [INFO:CONSOLE:120] "OpenRouter Key Required Modal initialized successfully", source: file:///android_asset/LMSA/js/components/modals/openrouter-key-required-modal.js (120)
2026-03-20 18:26:17.659 14887-14887 chromium                pid-14887                            I  [INFO:CONSOLE:88] "Initializing Smart Reply Warning Modal...", source: file:///android_asset/LMSA/js/components/modals/smart-reply-warning-modal.js (88)
2026-03-20 18:26:17.660 14887-14887 chromium                pid-14887                            I  [INFO:CONSOLE:136] "Smart Reply Warning Modal initialized successfully", source: file:///android_asset/LMSA/js/components/modals/smart-reply-warning-modal.js (136)
2026-03-20 18:26:17.660 14887-14887 chromium                pid-14887                            I  [INFO:CONSOLE:111] "Initializing OpenRouter Warning Modal...", source: file:///android_asset/LMSA/js/components/modals/openrouter-warning-modal.js (111)
2026-03-20 18:26:17.660 14887-14887 chromium                pid-14887                            I  [INFO:CONSOLE:155] "OpenRouter Warning Modal initialized successfully", source: file:///android_asset/LMSA/js/components/modals/openrouter-warning-modal.js (155)
2026-03-20 18:26:17.660 14887-14887 chromium                pid-14887                            I  [INFO:CONSOLE:170] "Pre-initializing TTS service...", source: file:///android_asset/LMSA/js/main.js (170)
2026-03-20 18:26:17.660 14887-14887 chromium                pid-14887                            I  [INFO:CONSOLE:90] "Calling AndroidTTS.initializeTTS()", source: file:///android_asset/LMSA/js/tts-service.js (90)
2026-03-20 18:26:17.662 14887-14887 chromium                pid-14887                            I  [INFO:CONSOLE:24] "Premium status updated: true", source: file:///android_asset/LMSA/js/android-interface.js (24)
2026-03-20 18:26:17.938 14887-14887 chromium                pid-14887                            I  [INFO:CONSOLE:260] "OpenRouter models loaded: 350", source: file:///android_asset/LMSA/js/api-service.js (260)
2026-03-20 18:26:17.938 14887-14887 chromium                pid-14887                            I  [INFO:CONSOLE:287] "OpenRouter models loaded - active model: openrouter/free", source: file:///android_asset/LMSA/js/api-service.js (287)
2026-03-20 18:26:17.939 14887-14887 chromium                pid-14887                            I  [INFO:CONSOLE:258] "Currently loaded models according to API: openrouter/free", source: file:///android_asset/LMSA/js/model-manager.js (258)
2026-03-20 18:26:17.939 14887-14887 chromium                pid-14887                            I  [INFO:CONSOLE:262] "Using model from API service: openrouter/free", source: file:///android_asset/LMSA/js/model-manager.js (262)
2026-03-20 18:26:17.939 14887-14887 chromium                pid-14887                            I  [INFO:CONSOLE:295] "Default model ID from storage: null", source: file:///android_asset/LMSA/js/model-manager.js (295)
2026-03-20 18:26:17.939 14887-14887 chromium                pid-14887                            I  [INFO:CONSOLE:296] "Currently loaded model ID: openrouter/free", source: file:///android_asset/LMSA/js/model-manager.js (296)
2026-03-20 18:26:17.939 14887-14887 chromium                pid-14887                            I  [INFO:CONSOLE:297] "originalStartupFlag: true", source: file:///android_asset/LMSA/js/model-manager.js (297)
2026-03-20 18:26:17.940 14887-14887 chromium                pid-14887                            I  [INFO:CONSOLE:974] "Displaying models with loaded model ID: openrouter/free", source: file:///android_asset/LMSA/js/model-manager.js (974)
2026-03-20 18:26:18.048 14887-14887 chromium                pid-14887                            I  [INFO:CONSOLE:587] "[Settings Scroll Fix] Applied touch scrolling styles to settings-content-wrapper", source: file:///android_asset/LMSA/index.html (587)
2026-03-20 18:26:18.167 14887-14887 chromium                pid-14887                            I  [INFO:CONSOLE:260] "OpenRouter models loaded: 350", source: file:///android_asset/LMSA/js/api-service.js (260)
2026-03-20 18:26:18.167 14887-14887 chromium                pid-14887                            I  [INFO:CONSOLE:287] "OpenRouter models loaded - active model: openrouter/free", source: file:///android_asset/LMSA/js/api-service.js (287)
2026-03-20 18:26:21.115  3589-3589  artd                    artd                                 W  Could not get dex checksums for location /data/app/~~z_gZJR6MTtdJXmSeW8VSEA==/com.lmsa.app-CWWcXZ-v4_RuS5SE4tr0sw==/base.apk, fd=-1
2026-03-20 18:26:31.126  3589-3589  artd                    artd                                 W  Could not get dex checksums for location /data/app/~~z_gZJR6MTtdJXmSeW8VSEA==/com.lmsa.app-CWWcXZ-v4_RuS5SE4tr0sw==/base.apk, fd=-1
2026-03-20 18:26:31.137   713-1317  CoreBackPreview         system_server                        D  startBackNavigation currentTask=Task{83b88dc #53 type=standard A=10217:com.lmsa.app}, topRunningActivity=ActivityRecord{26384719 u0 com.lmsa.app/.WebViewActivity t53}, callbackInfo=OnBackInvokedCallbackInfo{mCallback=android.window.IOnBackInvokedCallback$Stub$Proxy@b6f3775, mPriority=0, mIsAnimationCallback=false, mOverrideBehavior=0}, currentFocus=Window{9c101f8 u0 com.lmsa.app/com.lmsa.app.WebViewActivity}
2026-03-20 18:26:31.228   713-1317  InputDispatcher         system_server                        I  Channel [Gesture Monitor] edge-swipe is stealing input gesture for device 12 from [9c101f8 com.lmsa.app/com.lmsa.app.WebViewActivity, [Gesture Monitor] swipe-up]
2026-03-20 18:26:32.663 14887-14887 chromium                pid-14887                            I  [INFO:CONSOLE:96] "TTS initialization timeout after 15000ms, assuming failure", source: file:///android_asset/LMSA/js/tts-service.js (96)
2026-03-20 18:26:32.667 14887-14887 chromium                pid-14887                            I  [INFO:CONSOLE:544] "Android TTS is ready after 100 ms", source: file:///android_asset/LMSA/js/tts-service.js (544)
2026-03-20 18:26:32.687 14887-15102 LMSA_WebView            pid-14887                            D  Available TTS voices: [{"name":"es-us-x-sfb-local","locale":"es_US","quality":"High","isNetworkConnectionRequired":false,"gender":""},{"name":"ur-PK-language","locale":"ur_PK","quality":"High","isNetworkConnectionRequired":false,"gender":""},{"name":"ja-jp-x-htm-network","locale":"ja_JP","quality":"High","isNetworkConnectionRequired":true,"gender":""},{"name":"ru-ru-x-rud-local","locale":"ru_RU","quality":"High","isNetworkConnectionRequired":false,"gender":""},{"name":"th-th-x-thd-network","locale":"th_TH","quality":"High","isNetworkConnectionRequired":true,"gender":""},{"name":"nl-nl-x-yfr-network","locale":"nl_NL","quality":"High","isNetworkConnectionRequired":true,"gender":""},{"name":"it-it-x-itd-local","locale":"it_IT","quality":"High","isNetworkConnectionRequired":false,"gender":""},{"name":"en-AU-language","locale":"en_AU","quality":"High","isNetworkConnectionRequired":false,"gender":""},{"name":"as-in-x-end-local","locale":"as_IN","quality":"High","isNetworkConnectionRequired":false,"gender":""},{"name":"vi-vn-x-vif-network","locale":"vi_VN","quality":"High","isNetworkConnectionRequired":true,"gender":""},{"name":"uk-UA-language","locale":"uk_UA","quality":"High","isNetworkConnectionRequired":false,"gender":""},{"name":"sv-se-x-lfs-local","locale":"sv_SE","quality":"High","isNetworkConnectionRequired":false,"gender":""},{"name":"cmn-tw-x-ctc-network","locale":"zh_TW","quality":"High","isNetworkConnectionRequired":true,"gender":""},{"name":"ar-xa-x-arz-local","locale":"ar","quality":"High","isNetworkConnectionRequired":false,"gender":""},{"name":"en-us-x-tpf-local","locale":"en_US","quality":"High","isNetworkConnectionRequired":false,"gender":""},{"name":"de-de-x-deb-network","locale":"de_DE","quality":"High","isNetworkConnectionRequired":true,"gender":""},{"name":"bn-in-x-bnd-local","locale":"bn_IN","quality":"High","isNetworkConnectionRequired":false,"gender":""},{"name":"yue-hk-x-yuf-network","locale":"yue_HK","quality":"High","isNetworkConnectionRequired":true,"gender":""},{"name":"cy-gb-x-cyf-local","locale":"cy_GB","quality":"High","isNetworkConnectionRequired":false,"gender":""},{"name":"en-in-x-end-network","locale":"en_IN","quality":"High","isNetworkConnectionRequired":true,"gender":""},{"name":"nl-nl-x-yfr-local","locale":"nl_NL","quality":"High","isNetworkConnectionRequired":false,"gender":""},{"name":"ur-in-x-urc-local","locale":"ur_IN","quality":"High","isNetworkConnectionRequired":false,"gender":""},{"name":"cy-gb-x-cyf-network","locale":"cy_GB","quality":"High","isNetworkConnectionRequired":true,"gender":""},{"name":"pl-pl-x-afb-local","locale":"pl_PL","quality":"High","isNetworkConnectionRequired":false,"gender":""},{"name":"fr-ca-x-cab-local","locale":"fr_CA","quality":"High","isNetworkConnectionRequired":false,"gender":""},{"name":"id-id-x-idd-network","locale":"id_ID","quality":"High","isNetworkConnectionRequired":true,"gender":""},{"name":"ar-xa-x-ard-local","locale":"ar","quality":"High","isNetworkConnectionRequired":false,"gender":""},{"name":"id-id-x-idc-local","locale":"id_ID","quality":"High","isNetworkConnectionRequired":false,"gender":""},{"name":"da-dk-x-sfp-network","locale":"da_DK","quality":"High","isNetworkConnectionRequired":true,"gender":""},{"name":"bn-BD-language","locale":"bn_BD","quality":"High","isNetworkConnectionRequired":false,"gender":""},{"name":"ml-in-x-mlc-local","locale":"ml_IN","quality":"High","isNetworkConnectionRequired":false,"gender":""},{"name":"hr-HR-language","locale":"hr_HR","quality":"High","isNetworkConnectionRequired":false,"gender":""},{"name":"zh-TW-language","locale":"zh_TW","quality":"High","isNetworkConnectionRequired":false,"gender":""},{"name":"mni-in-x-end-local","locale":"mni_IN","quality":"High","isNetworkConnectionRequired":false,"gender":""},{"name":"en-au-x-aua-network","locale":"en_AU","quality":"High","isNetworkConnectionRequired":true,"gender":""},{"name":"en-GB-language","locale":"en_GB","quality":"High","isNetworkConnectionRequired":false,"gender":""},{"name":"vi-vn-x-vid-network","locale":"vi_V
2026-03-20 18:26:32.691 14887-14887 chromium                pid-14887                            I  [INFO:CONSOLE:508] "Retrieved voices from Android TTS: 472", source: file:///android_asset/LMSA/js/tts-service.js (508)
2026-03-20 18:26:32.691 14887-14887 chromium                pid-14887                            I  [INFO:CONSOLE:90] "Calling AndroidTTS.initializeTTS()", source: file:///android_asset/LMSA/js/tts-service.js (90)
2026-03-20 18:26:32.705   713-738   AppsFilter              system_server                        I  interaction: PackageSetting{7cc69fe com.lmsa.app/10217} -> PackageSetting{460380f com.google.android.inputmethod.latin/10160} BLOCKED
2026-03-20 18:26:32.709   713-738   ContentCap...serService system_server                        D  Notified activity assist data for activity: Token{b347de5 ActivityRecord{26384719 u0 com.lmsa.app/.WebViewActivity t53}} without a session Id
2026-03-20 18:26:41.112  3589-3601  artd                    artd                                 W  Could not get dex checksums for location /data/app/~~z_gZJR6MTtdJXmSeW8VSEA==/com.lmsa.app-CWWcXZ-v4_RuS5SE4tr0sw==/base.apk, fd=-1
2026-03-20 18:26:47.703 14887-14887 chromium                pid-14887                            I  [INFO:CONSOLE:96] "TTS initialization timeout after 15000ms, assuming failure", source: file:///android_asset/LMSA/js/tts-service.js (96)
2026-03-20 18:26:47.713 14887-15102 LMSA_WebView            pid-14887                            D  Voice set to: en-us-x-sfg-local
2026-03-20 18:26:51.116  3589-3589  artd                    artd                                 W  Could not get dex checksums for location /data/app/~~z_gZJR6MTtdJXmSeW8VSEA==/com.lmsa.app-CWWcXZ-v4_RuS5SE4tr0sw==/base.apk, fd=-1
2026-03-20 18:27:01.151  3589-3589  artd                    artd                                 W  Could not get dex checksums for location /data/app/~~z_gZJR6MTtdJXmSeW8VSEA==/com.lmsa.app-CWWcXZ-v4_RuS5SE4tr0sw==/base.apk, fd=-1
2026-03-20 18:27:11.173  3589-3589  artd                    artd                                 W  Could not get dex checksums for location /data/app/~~z_gZJR6MTtdJXmSeW8VSEA==/com.lmsa.app-CWWcXZ-v4_RuS5SE4tr0sw==/base.apk, fd=-1
2026-03-20 18:27:21.153  3589-3589  artd                    artd                                 W  Could not get dex checksums for location /data/app/~~z_gZJR6MTtdJXmSeW8VSEA==/com.lmsa.app-CWWcXZ-v4_RuS5SE4tr0sw==/base.apk, fd=-1
2026-03-20 18:27:23.262   713-2048  CoreBackPreview         system_server                        D  startBackNavigation currentTask=Task{83b88dc #53 type=standard A=10217:com.lmsa.app}, topRunningActivity=ActivityRecord{26384719 u0 com.lmsa.app/.WebViewActivity t53}, callbackInfo=OnBackInvokedCallbackInfo{mCallback=android.window.IOnBackInvokedCallback$Stub$Proxy@b6f3775, mPriority=0, mIsAnimationCallback=false, mOverrideBehavior=0}, currentFocus=Window{9c101f8 u0 com.lmsa.app/com.lmsa.app.WebViewActivity}
2026-03-20 18:27:23.263   713-2048  InputDispatcher         system_server                        I  Channel [Gesture Monitor] edge-swipe is stealing input gesture for device 12 from [9c101f8 com.lmsa.app/com.lmsa.app.WebViewActivity, [Gesture Monitor] swipe-up]
2026-03-20 18:27:23.583 14887-14887 chromium                pid-14887                            I  [INFO:CONSOLE:24] "Premium status updated: true", source: file:///android_asset/LMSA/js/android-interface.js (24)
2026-03-20 18:27:24.016   713-940   CoreBackPreview         system_server                        D  startBackNavigation currentTask=Task{83b88dc #53 type=standard A=10217:com.lmsa.app}, topRunningActivity=ActivityRecord{26384719 u0 com.lmsa.app/.WebViewActivity t53}, callbackInfo=OnBackInvokedCallbackInfo{mCallback=android.window.IOnBackInvokedCallback$Stub$Proxy@b6f3775, mPriority=0, mIsAnimationCallback=false, mOverrideBehavior=0}, currentFocus=Window{9c101f8 u0 com.lmsa.app/com.lmsa.app.WebViewActivity}
2026-03-20 18:27:24.017   713-940   InputDispatcher         system_server                        I  Channel [Gesture Monitor] edge-swipe is stealing input gesture for device 12 from [9c101f8 com.lmsa.app/com.lmsa.app.WebViewActivity, [Gesture Monitor] swipe-up]
2026-03-20 18:27:24.385 14887-14887 chromium                pid-14887                            I  [INFO:CONSOLE:19] "TTSService created, Android available: true", source: file:///android_asset/LMSA/js/tts-service.js (19)
2026-03-20 18:27:24.395 14887-14887 chromium                pid-14887                            I  [INFO:CONSOLE:24] "Loading modals...", source: file:///android_asset/LMSA/js/components/modal-loader.js (24)
2026-03-20 18:27:24.399 14887-14887 chromium                pid-14887                            I  [INFO:CONSOLE:40] "Modals loaded successfully", source: file:///android_asset/LMSA/js/components/modal-loader.js (40)
2026-03-20 18:27:24.489 14887-15102 LMSA_WebView            pid-14887                            D  Successfully saved data to internal storage: chatHistory
