2026-03-20 13:30:36.962   713-742   WindowManager           system_server                        V  Sent Transition (#141) createdAt=03-20 13:30:36.028 via request=TransitionRequestInfo { type = OPEN, triggerTask = TaskInfo{userId=0 taskId=50 effectiveUid=10217 displayId=0 isRunning=true baseIntent=Intent { act=android.intent.action.MAIN cat=[android.intent.category.LAUNCHER] flg=0x10000000 cmp=com.lmsa.app/.WebViewActivity } baseActivity=ComponentInfo{com.lmsa.app/com.lmsa.app.WebViewActivity} topActivity=ComponentInfo{com.google.android.permissioncontroller/com.android.permissioncontroller.permission.ui.GrantPermissionsActivity} origActivity=null realActivity=ComponentInfo{com.lmsa.app/com.lmsa.app.WebViewActivity} numActivities=2 lastActiveTime=3098236 supportsMultiWindow=true resizeMode=1 isResizeable=true minWidth=-1 minHeight=-1 defaultMinSize=220 token=WCT{RemoteToken{c584860 Task{6edb8f5 #50 type=standard A=10217:com.lmsa.app}}} topActivityType=1 pictureInPictureParams=null shouldDockBigOverlays=false launchIntoPipHostTaskId=-1 lastParentTaskIdBeforePip=-1 displayCutoutSafeInsets=Rect(0, 0 - 0, 0) topActivityInfo=ActivityInfo{5c8b1b8 com.android.permissioncontroller.permission.ui.GrantPermissionsActivity} launchCookies=[] positionInParent=Point(0, 0) parentTaskId=-1 isFocused=true isVisible=true isVisibleRequested=true isTopActivityNoDisplay=false isSleeping=false locusId=null displayAreaFeatureId=1 isTopActivityTransparent=true isActivityStackTransparent=false lastNonFullscreenBounds=Rect(345, 867 - 999, 2211) capturedLink=null capturedLinkTimestamp=0 requestedVisibleTypes=-9 topActivityRequestOpenInBrowserEducationTimestamp=0 appCompatTaskInfo=AppCompatTaskInfo { topActivityInSizeCompat=false eligibleForLetterboxEducation= false isLetterboxEducationEnabled= true isLetterboxDoubleTapEnabled= false eligibleForUserAspectRatioButton= false topActivityBoundsLetterboxed= false isFromLetterboxDoubleTap= false topActivityLetterboxVerticalPosition= -1 topActivityLetterboxHorizontalPosition= -1 topActivityLetterboxWidth=-1 topActivityLetterboxHeight=-1 topActivityAppBounds=Rect(0, 0 - 1344, 2992) isUserFullscreenOverrideEnabled=false isSystemFullscreenOverrideEnabled=false hasMinAspectRatioOverride=false topActivityLetterboxBounds=null cameraCompatTaskInfo=CameraCompatTaskInfo { freeformCameraCompatMode=inactive}} topActivityMainWindowFrame=null}, pipChange = null, remoteTransition = null, displayChange = null, flags = 0, debugId = 141 }
2026-03-20 13:30:37.073 14043-14043 LMSA_WebView            pid-14043                            D  Audio attributes set for TTS with USAGE_MEDIA/CONTENT_TYPE_SPEECH
2026-03-20 13:30:37.077 14043-14043 LMSA_WebView            pid-14043                            D  TTS initialized successfully with optimized settings and audio attributes
2026-03-20 13:30:37.142  5399-5399  GrantPermi...sViewModel com....android.permissioncontroller  I  Permission grant result requestId=-2503278842938940556 callingUid=10217 callingPackage=com.lmsa.app permission=android.permission.READ_EXTERNAL_STORAGE isImplicit=false result=1 isPermissionRationaleShown=falseisPackageRestrictedByEnhancedConfirmation=false
2026-03-20 13:30:37.230   713-2050  MediaFocusControl       system_server                        I  abandonAudioFocus() from uid/pid 10217/14043 clientId=android.media.AudioManager@f5fc238com.lmsa.app.WebViewActivity$$ExternalSyntheticLambda24@842f211 callingPack=com.lmsa.app
2026-03-20 13:30:37.230 14043-14043 LMSA_WebView            pid-14043                            D  Creating TextToSpeech instance
2026-03-20 13:30:37.237 14043-14043 LMSA_WebView            pid-14043                            D  TTS reset and re-initialization started on resume
2026-03-20 13:30:37.273   713-836   ImeTracker              system_server                        I  com.lmsa.app:a92ccd08: onRequestHide at ORIGIN_SERVER reason HIDE_UNSPECIFIED_WINDOW fromUser false
2026-03-20 13:30:37.288 14043-14043 ImeTracker              pid-14043                            I  com.lmsa.app:a92ccd08: onCancelled at PHASE_CLIENT_ALREADY_HIDDEN
2026-03-20 13:30:37.295  1412-1412  GoogleInpu...hodService com...gle.android.inputmethod.latin  I  GoogleInputMethodService.onStartInput():1293 onStartInput(EditorInfo{EditorInfo{packageName=com.lmsa.app, inputType=0, inputTypeString=NULL, enableLearning=false, autoCorrection=false, autoComplete=false, imeOptions=0, privateImeOptions=null, actionName=UNSPECIFIED, actionLabel=null, initialSelStart=-1, initialSelEnd=-1, initialCapsMode=0, label=null, fieldId=0, fieldName=null, extras=null, hintText=null, hintLocales=[]}}, false)
2026-03-20 13:30:37.299   713-1758  PackageConfigPersister  system_server                        W  App-specific configuration not found for packageName: com.lmsa.app and userId: 0
2026-03-20 13:30:37.502 14043-14043 chromium                pid-14043                            I  [INFO:CONSOLE:19] "TTSService created, Android available: true", source: file:///android_asset/LMSA/js/tts-service.js (19)
2026-03-20 13:30:37.698 14043-14043 chromium                pid-14043                            I  [INFO:CONSOLE:24] "Loading modals...", source: file:///android_asset/LMSA/js/components/modal-loader.js (24)
2026-03-20 13:30:37.699 14043-14043 chromium                pid-14043                            I  [INFO:CONSOLE:40] "Modals loaded successfully", source: file:///android_asset/LMSA/js/components/modal-loader.js (40)
2026-03-20 13:30:37.710 14043-14047 com.lmsa.app            pid-14043                            I  Compiler allocated 5042KB to compile void android.view.ViewRootImpl.performTraversals()
2026-03-20 13:30:38.053 14043-14140 LMSA_WebView            pid-14043                            D  Successfully saved data to internal storage: chatHistory
2026-03-20 13:30:38.094 14043-14043 LMSA_WebView            pid-14043                            D  Audio attributes set for TTS with USAGE_MEDIA/CONTENT_TYPE_SPEECH
2026-03-20 13:30:38.094 14043-14043 LMSA_WebView            pid-14043                            D  TTS initialized successfully with optimized settings and audio attributes
2026-03-20 13:30:38.207 14043-14043 chromium                pid-14043                            I  [INFO:CONSOLE:72] "Performing silent model check...", source: file:///android_asset/LMSA/js/model-manager.js (72)
2026-03-20 13:30:38.208 14043-14043 chromium                pid-14043                            I  [INFO:CONSOLE:210] "Loading model information from server...", source: file:///android_asset/LMSA/js/model-manager.js (210)
2026-03-20 13:30:38.211 14043-14043 chromium                pid-14043                            I  [INFO:CONSOLE:82] "Initializing OpenRouter Key Required Modal...", source: file:///android_asset/LMSA/js/components/modals/openrouter-key-required-modal.js (82)
2026-03-20 13:30:38.211 14043-14043 chromium                pid-14043                            I  [INFO:CONSOLE:120] "OpenRouter Key Required Modal initialized successfully", source: file:///android_asset/LMSA/js/components/modals/openrouter-key-required-modal.js (120)
2026-03-20 13:30:38.211 14043-14043 chromium                pid-14043                            I  [INFO:CONSOLE:88] "Initializing Smart Reply Warning Modal...", source: file:///android_asset/LMSA/js/components/modals/smart-reply-warning-modal.js (88)
2026-03-20 13:30:38.211 14043-14043 chromium                pid-14043                            I  [INFO:CONSOLE:136] "Smart Reply Warning Modal initialized successfully", source: file:///android_asset/LMSA/js/components/modals/smart-reply-warning-modal.js (136)
2026-03-20 13:30:38.213 14043-14043 chromium                pid-14043                            I  [INFO:CONSOLE:111] "Initializing OpenRouter Warning Modal...", source: file:///android_asset/LMSA/js/components/modals/openrouter-warning-modal.js (111)
2026-03-20 13:30:38.213 14043-14043 chromium                pid-14043                            I  [INFO:CONSOLE:155] "OpenRouter Warning Modal initialized successfully", source: file:///android_asset/LMSA/js/components/modals/openrouter-warning-modal.js (155)
2026-03-20 13:30:38.213 14043-14043 chromium                pid-14043                            I  [INFO:CONSOLE:170] "Pre-initializing TTS service...", source: file:///android_asset/LMSA/js/main.js (170)
2026-03-20 13:30:38.213 14043-14043 chromium                pid-14043                            I  [INFO:CONSOLE:90] "Calling AndroidTTS.initializeTTS()", source: file:///android_asset/LMSA/js/tts-service.js (90)
2026-03-20 13:30:38.231 14043-14043 chromium                pid-14043                            I  [INFO:CONSOLE:79] "TTS initialization callback received: true", source: file:///android_asset/LMSA/js/tts-service.js (79)
2026-03-20 13:30:38.232 14043-14043 chromium                pid-14043                            I  [INFO:CONSOLE:82] "Android TTS initialized successfully", source: file:///android_asset/LMSA/js/tts-service.js (82)
2026-03-20 13:30:38.518 14043-14043 chromium                pid-14043                            I  [INFO:CONSOLE:593] "[Settings Scroll Fix] Applied touch scrolling styles to settings-content-wrapper", source: file:///android_asset/LMSA/index.html (593)
2026-03-20 13:30:38.587 14043-14043 chromium                pid-14043                            I  [INFO:CONSOLE:228] "KaTeX loaded successfully", source: file:///android_asset/LMSA/js/external-libs-loader.js (228)
2026-03-20 13:30:38.748 14043-14043 chromium                pid-14043                            I  [INFO:CONSOLE:24] "Premium status updated: true", source: file:///android_asset/LMSA/js/android-interface.js (24)
2026-03-20 13:30:38.988 14043-14043 chromium                pid-14043                            I  [INFO:CONSOLE:260] "OpenRouter models loaded: 350", source: file:///android_asset/LMSA/js/api-service.js (260)
2026-03-20 13:30:38.988 14043-14043 chromium                pid-14043                            I  [INFO:CONSOLE:287] "OpenRouter models loaded - active model: openai/gpt-5.4-nano", source: file:///android_asset/LMSA/js/api-service.js (287)
2026-03-20 13:30:38.990 14043-14043 chromium                pid-14043                            I  [INFO:CONSOLE:235] "Currently loaded models according to API: openai/gpt-5.4-nano", source: file:///android_asset/LMSA/js/model-manager.js (235)
2026-03-20 13:30:38.990 14043-14043 chromium                pid-14043                            I  [INFO:CONSOLE:239] "Using model from API service: openai/gpt-5.4-nano", source: file:///android_asset/LMSA/js/model-manager.js (239)
2026-03-20 13:30:38.990 14043-14043 chromium                pid-14043                            I  [INFO:CONSOLE:272] "Default model ID from storage: null", source: file:///android_asset/LMSA/js/model-manager.js (272)
2026-03-20 13:30:38.991 14043-14043 chromium                pid-14043                            I  [INFO:CONSOLE:273] "Currently loaded model ID: openai/gpt-5.4-nano", source: file:///android_asset/LMSA/js/model-manager.js (273)
2026-03-20 13:30:38.991 14043-14043 chromium                pid-14043                            I  [INFO:CONSOLE:274] "originalStartupFlag: true", source: file:///android_asset/LMSA/js/model-manager.js (274)
2026-03-20 13:30:38.992 14043-14043 chromium                pid-14043                            I  [INFO:CONSOLE:941] "Displaying models with loaded model ID: openai/gpt-5.4-nano", source: file:///android_asset/LMSA/js/model-manager.js (941)
2026-03-20 13:30:39.117 14043-14043 chromium                pid-14043                            I  [INFO:CONSOLE:260] "OpenRouter models loaded: 350", source: file:///android_asset/LMSA/js/api-service.js (260)
2026-03-20 13:30:39.117 14043-14043 chromium                pid-14043                            I  [INFO:CONSOLE:287] "OpenRouter models loaded - active model: openai/gpt-5.4-nano", source: file:///android_asset/LMSA/js/api-service.js (287)
2026-03-20 13:30:40.030 14043-14208 ProfileInstaller        pid-14043                            D  Installing profile for com.lmsa.app
2026-03-20 13:30:40.601  3589-3601  artd                    artd                                 W  Could not get dex checksums for location /data/app/~~z_gZJR6MTtdJXmSeW8VSEA==/com.lmsa.app-CWWcXZ-v4_RuS5SE4tr0sw==/base.apk, fd=-1
2026-03-20 13:30:41.211 14043-14043 chromium                pid-14043                            I  [INFO:CONSOLE:83] "showModelModal called, isInitialStartup: false", source: file:///android_asset/LMSA/js/model-manager.js (83)
2026-03-20 13:30:41.214 14043-14043 chromium                pid-14043                            I  [INFO:CONSOLE:210] "Loading model information from server...", source: file:///android_asset/LMSA/js/model-manager.js (210)
2026-03-20 13:30:41.360 14043-14043 chromium                pid-14043                            I  [INFO:CONSOLE:260] "OpenRouter models loaded: 350", source: file:///android_asset/LMSA/js/api-service.js (260)
2026-03-20 13:30:41.361 14043-14043 chromium                pid-14043                            I  [INFO:CONSOLE:287] "OpenRouter models loaded - active model: openai/gpt-5.4-nano", source: file:///android_asset/LMSA/js/api-service.js (287)
2026-03-20 13:30:41.361 14043-14043 chromium                pid-14043                            I  [INFO:CONSOLE:235] "Currently loaded models according to API: openai/gpt-5.4-nano", source: file:///android_asset/LMSA/js/model-manager.js (235)
2026-03-20 13:30:41.361 14043-14043 chromium                pid-14043                            I  [INFO:CONSOLE:239] "Using model from API service: openai/gpt-5.4-nano", source: file:///android_asset/LMSA/js/model-manager.js (239)
2026-03-20 13:30:41.361 14043-14043 chromium                pid-14043                            I  [INFO:CONSOLE:272] "Default model ID from storage: null", source: file:///android_asset/LMSA/js/model-manager.js (272)
2026-03-20 13:30:41.362 14043-14043 chromium                pid-14043                            I  [INFO:CONSOLE:273] "Currently loaded model ID: openai/gpt-5.4-nano", source: file:///android_asset/LMSA/js/model-manager.js (273)
2026-03-20 13:30:41.363 14043-14043 chromium                pid-14043                            I  [INFO:CONSOLE:274] "originalStartupFlag: false", source: file:///android_asset/LMSA/js/model-manager.js (274)
2026-03-20 13:30:41.363 14043-14043 chromium                pid-14043                            I  [INFO:CONSOLE:941] "Displaying models with loaded model ID: openai/gpt-5.4-nano", source: file:///android_asset/LMSA/js/model-manager.js (941)
2026-03-20 13:30:43.004  1412-1412  GoogleInpu...hodService com...gle.android.inputmethod.latin  I  GoogleInputMethodService.onStartInput():1293 onStartInput(EditorInfo{EditorInfo{packageName=com.lmsa.app, inputType=0, inputTypeString=NULL, enableLearning=false, autoCorrection=false, autoComplete=false, imeOptions=12000000, privateImeOptions=null, actionName=UNSPECIFIED, actionLabel=null, initialSelStart=-1, initialSelEnd=-1, initialCapsMode=0, label=null, fieldId=0, fieldName=null, extras=null, hintText=null, hintLocales=[]}}, false)
2026-03-20 13:30:43.008   713-1758  PackageConfigPersister  system_server                        W  App-specific configuration not found for packageName: com.lmsa.app and userId: 0
2026-03-20 13:30:43.155 14043-14043 chromium                pid-14043                            I  [INFO:CONSOLE:260] "OpenRouter models loaded: 350", source: file:///android_asset/LMSA/js/api-service.js (260)
2026-03-20 13:30:43.156 14043-14043 chromium                pid-14043                            I  [INFO:CONSOLE:287] "OpenRouter models loaded - active model: openai/gpt-5.4-mini", source: file:///android_asset/LMSA/js/api-service.js (287)
2026-03-20 13:30:43.156 14043-14043 chromium                pid-14043                            I  [INFO:CONSOLE:429] "Using explicitly provided modelId: openai/gpt-5.4-mini", source: file:///android_asset/LMSA/js/model-manager.js (429)
2026-03-20 13:30:43.157 14043-14043 chromium                pid-14043                            I  [INFO:CONSOLE:941] "Displaying models with loaded model ID: openai/gpt-5.4-mini", source: file:///android_asset/LMSA/js/model-manager.js (941)
2026-03-20 13:30:43.211 14043-14043 chromium                pid-14043                            I  [INFO:CONSOLE:45] "Returning cached vision capability: false", source: file:///android_asset/LMSA/js/file-upload.js (45)
2026-03-20 13:30:50.610  3589-3601  artd                    artd                                 W  Could not get dex checksums for location /data/app/~~z_gZJR6MTtdJXmSeW8VSEA==/com.lmsa.app-CWWcXZ-v4_RuS5SE4tr0sw==/base.apk, fd=-1
2026-03-20 13:30:50.755 14043-14043 chromium                pid-14043                            I  [INFO:CONSOLE:83] "showModelModal called, isInitialStartup: false", source: file:///android_asset/LMSA/js/model-manager.js (83)
2026-03-20 13:30:50.758 14043-14043 chromium                pid-14043                            I  [INFO:CONSOLE:210] "Loading model information from server...", source: file:///android_asset/LMSA/js/model-manager.js (210)
2026-03-20 13:30:50.999 14043-14043 chromium                pid-14043                            I  [INFO:CONSOLE:260] "OpenRouter models loaded: 350", source: file:///android_asset/LMSA/js/api-service.js (260)
2026-03-20 13:30:51.000 14043-14043 chromium                pid-14043                            I  [INFO:CONSOLE:287] "OpenRouter models loaded - active model: openai/gpt-5.4-mini", source: file:///android_asset/LMSA/js/api-service.js (287)
2026-03-20 13:30:51.001 14043-14043 chromium                pid-14043                            I  [INFO:CONSOLE:235] "Currently loaded models according to API: openai/gpt-5.4-mini", source: file:///android_asset/LMSA/js/model-manager.js (235)
2026-03-20 13:30:51.001 14043-14043 chromium                pid-14043                            I  [INFO:CONSOLE:239] "Using model from API service: openai/gpt-5.4-mini", source: file:///android_asset/LMSA/js/model-manager.js (239)
2026-03-20 13:30:51.001 14043-14043 chromium                pid-14043                            I  [INFO:CONSOLE:272] "Default model ID from storage: null", source: file:///android_asset/LMSA/js/model-manager.js (272)
2026-03-20 13:30:51.001 14043-14043 chromium                pid-14043                            I  [INFO:CONSOLE:273] "Currently loaded model ID: openai/gpt-5.4-mini", source: file:///android_asset/LMSA/js/model-manager.js (273)
2026-03-20 13:30:51.001 14043-14043 chromium                pid-14043                            I  [INFO:CONSOLE:274] "originalStartupFlag: false", source: file:///android_asset/LMSA/js/model-manager.js (274)
2026-03-20 13:30:51.001 14043-14043 chromium                pid-14043                            I  [INFO:CONSOLE:941] "Displaying models with loaded model ID: openai/gpt-5.4-mini", source: file:///android_asset/LMSA/js/model-manager.js (941)
2026-03-20 13:30:51.865   713-1758  AppsFilter              system_server                        I  interaction: PackageSetting{6adef71 com.lmsa.app/10217} -> PackageSetting{460380f com.google.android.inputmethod.latin/10160} BLOCKED
2026-03-20 13:30:51.871 14043-14043 ImeTracker              pid-14043                            I  com.lmsa.app:d1b39b6c: onRequestShow at ORIGIN_CLIENT reason SHOW_SOFT_INPUT fromUser false
2026-03-20 13:30:51.876  1412-1412  GoogleInpu...hodService com...gle.android.inputmethod.latin  I  GoogleInputMethodService.onStartInput():1293 onStartInput(EditorInfo{EditorInfo{packageName=com.lmsa.app, inputType=8c0a1, inputTypeString=WebEditText[NoSuggestion|CapSentences|AutoCorrect], enableLearning=true, autoCorrection=true, autoComplete=true, imeOptions=12000002, privateImeOptions=null, actionName=GO, actionLabel=null, initialSelStart=0, initialSelEnd=0, initialCapsMode=0, label=null, fieldId=2131231187, fieldName=null, extras=null, hintText=null, hintLocales=[]}}, true)
2026-03-20 13:30:51.885   713-1758  ContentCap...serService system_server                        D  Notified activity assist data for activity: Token{410968a ActivityRecord{1541676 u0 com.lmsa.app/.WebViewActivity t50}} without a session Id
2026-03-20 13:30:51.886   713-1758  PackageConfigPersister  system_server                        W  App-specific configuration not found for packageName: com.lmsa.app and userId: 0
2026-03-20 13:30:51.893  1412-1412  GoogleInpu...hodService com...gle.android.inputmethod.latin  I  GoogleInputMethodService.onStartInputView():1392 onStartInputView(EditorInfo{EditorInfo{packageName=com.lmsa.app, inputType=8c0a1, inputTypeString=WebEditText[NoSuggestion|CapSentences|AutoCorrect], enableLearning=true, autoCorrection=true, autoComplete=true, imeOptions=12000002, privateImeOptions=null, actionName=GO, actionLabel=null, initialSelStart=0, initialSelEnd=0, initialCapsMode=0, label=null, fieldId=2131231187, fieldName=null, extras=null, hintText=null, hintLocales=[]}}, false)
2026-03-20 13:30:51.924  1412-1412  AndroidIME              com...gle.android.inputmethod.latin  I  AbstractIme.onActivate():90 LatinIme.onActivate() : EditorInfo = EditorInfo{packageName=com.lmsa.app, inputType=8c0a1, inputTypeString=WebEditText[NoSuggestion|CapSentences|AutoCorrect], enableLearning=true, autoCorrection=true, autoComplete=true, imeOptions=12000002, privateImeOptions=null, actionName=GO, actionLabel=null, initialSelStart=0, initialSelEnd=0, initialCapsMode=0, label=null, fieldId=2131231187, fieldName=null, extras=null, hintText=null, hintLocales=[]}, IncognitoMode = false, DeviceLocked = false
2026-03-20 13:30:51.966 14043-14048 com.lmsa.app            pid-14043                            I  NativeAlloc concurrent mark compact GC freed 17MB AllocSpace bytes, 48(1972KB) LOS objects, 49% free, 6249KB/12MB, paused 1.892ms,5.856ms total 103.973ms
2026-03-20 13:30:52.147   713-1904  CoreBackPreview         system_server                        D  Window{58db337 u0 com.lmsa.app/com.lmsa.app.WebViewActivity}: Setting back callback OnBackInvokedCallbackInfo{mCallback=android.window.IOnBackInvokedCallback$Stub$Proxy@1a8bb20, mPriority=0, mIsAnimationCallback=true, mOverrideBehavior=0}
2026-03-20 13:30:52.266 14043-14222 InteractionJankMonitor  pid-14043                            W  Initializing without READ_DEVICE_CONFIG permission. enabled=false, interval=1, missedFrameThreshold=3, frameTimeThreshold=64, package=com.lmsa.app
2026-03-20 13:30:52.848 14043-14043 ImeTracker              pid-14043                            I  com.lmsa.app:d1b39b6c: onShown
2026-03-20 13:30:53.732 14043-14043 ImeTracker              pid-14043                            I  com.lmsa.app:e0d1a599: onRequestHide at ORIGIN_CLIENT reason HIDE_SOFT_INPUT fromUser false
2026-03-20 13:30:53.733   713-1971  CoreBackPreview         system_server                        D  Window{58db337 u0 com.lmsa.app/com.lmsa.app.WebViewActivity}: Setting back callback OnBackInvokedCallbackInfo{mCallback=android.window.IOnBackInvokedCallback$Stub$Proxy@654feaa, mPriority=0, mIsAnimationCallback=false, mOverrideBehavior=0}
2026-03-20 13:30:53.736  1412-1412  GoogleInpu...hodService com...gle.android.inputmethod.latin  I  GoogleInputMethodService.onStartInput():1293 onStartInput(EditorInfo{EditorInfo{packageName=com.lmsa.app, inputType=0, inputTypeString=NULL, enableLearning=false, autoCorrection=false, autoComplete=false, imeOptions=12000000, privateImeOptions=null, actionName=UNSPECIFIED, actionLabel=null, initialSelStart=-1, initialSelEnd=-1, initialCapsMode=0, label=null, fieldId=0, fieldName=null, extras=null, hintText=null, hintLocales=[]}}, true)
2026-03-20 13:30:53.740   713-1758  PackageConfigPersister  system_server                        W  App-specific configuration not found for packageName: com.lmsa.app and userId: 0
2026-03-20 13:30:53.741  1412-1412  GoogleInpu...hodService com...gle.android.inputmethod.latin  I  GoogleInputMethodService.onStartInputView():1392 onStartInputView(EditorInfo{EditorInfo{packageName=com.lmsa.app, inputType=0, inputTypeString=NULL, enableLearning=false, autoCorrection=false, autoComplete=false, imeOptions=12000000, privateImeOptions=null, actionName=UNSPECIFIED, actionLabel=null, initialSelStart=-1, initialSelEnd=-1, initialCapsMode=0, label=null, fieldId=0, fieldName=null, extras=null, hintText=null, hintLocales=[]}}, true)
2026-03-20 13:30:53.783  1412-1412  AndroidIME              com...gle.android.inputmethod.latin  I  AbstractIme.onActivate():90 PasswordIme.onActivate() : EditorInfo = EditorInfo{packageName=com.lmsa.app, inputType=0, inputTypeString=NULL, enableLearning=false, autoCorrection=false, autoComplete=false, imeOptions=12000000, privateImeOptions=null, actionName=UNSPECIFIED, actionLabel=null, initialSelStart=-1, initialSelEnd=-1, initialCapsMode=0, label=null, fieldId=0, fieldName=null, extras=null, hintText=null, hintLocales=[]}, IncognitoMode = false, DeviceLocked = false
2026-03-20 13:30:54.191 14043-14043 chromium                pid-14043                            I  [INFO:CONSOLE:260] "OpenRouter models loaded: 350", source: file:///android_asset/LMSA/js/api-service.js (260)
2026-03-20 13:30:54.191 14043-14043 chromium                pid-14043                            I  [INFO:CONSOLE:287] "OpenRouter models loaded - active model: openrouter/free", source: file:///android_asset/LMSA/js/api-service.js (287)
2026-03-20 13:30:54.191 14043-14043 chromium                pid-14043                            I  [INFO:CONSOLE:429] "Using explicitly provided modelId: openrouter/free", source: file:///android_asset/LMSA/js/model-manager.js (429)
2026-03-20 13:30:54.192 14043-14043 chromium                pid-14043                            I  [INFO:CONSOLE:941] "Displaying models with loaded model ID: openrouter/free", source: file:///android_asset/LMSA/js/model-manager.js (941)
2026-03-20 13:30:54.193 14043-14043 chromium                pid-14043                            I  [INFO:CONSOLE:45] "Returning cached vision capability: false", source: file:///android_asset/LMSA/js/file-upload.js (45)
2026-03-20 13:31:00.662  3589-3601  artd                    artd                                 W  Could not get dex checksums for location /data/app/~~z_gZJR6MTtdJXmSeW8VSEA==/com.lmsa.app-CWWcXZ-v4_RuS5SE4tr0sw==/base.apk, fd=-1
2026-03-20 13:31:02.561 14043-14043 chromium                pid-14043                            I  [INFO:CONSOLE:166] "Debug Mode toggled: true", source: file:///android_asset/LMSA/js/about.js (166)
2026-03-20 13:31:02.565 14043-14043 chromium                pid-14043                            I  [INFO:CONSOLE:24] "Premium status updated: false", source: file:///android_asset/LMSA/js/android-interface.js (24)
2026-03-20 13:31:03.735   713-836   ImeTracker              system_server                        I  com.lmsa.app:e0d1a599: setFinished at PHASE_CLIENT_ANIMATION_CANCEL with STATUS_TIMEOUT
2026-03-20 13:31:05.170   713-1972  NotificationService     system_server                        W  Toast already killed. pkg=com.lmsa.app token=android.os.BinderProxy@20b7c4
2026-03-20 13:31:08.573 14043-14043 chromium                pid-14043                            I  [INFO:CONSOLE:83] "showModelModal called, isInitialStartup: false", source: file:///android_asset/LMSA/js/model-manager.js (83)
2026-03-20 13:31:08.573 14043-14043 chromium                pid-14043                            I  [INFO:CONSOLE:210] "Loading model information from server...", source: file:///android_asset/LMSA/js/model-manager.js (210)
2026-03-20 13:31:08.803 14043-14043 chromium                pid-14043                            I  [INFO:CONSOLE:260] "OpenRouter models loaded: 350", source: file:///android_asset/LMSA/js/api-service.js (260)
2026-03-20 13:31:08.803 14043-14043 chromium                pid-14043                            I  [INFO:CONSOLE:287] "OpenRouter models loaded - active model: openrouter/free", source: file:///android_asset/LMSA/js/api-service.js (287)
2026-03-20 13:31:08.803 14043-14043 chromium                pid-14043                            I  [INFO:CONSOLE:235] "Currently loaded models according to API: openrouter/free", source: file:///android_asset/LMSA/js/model-manager.js (235)
2026-03-20 13:31:08.803 14043-14043 chromium                pid-14043                            I  [INFO:CONSOLE:239] "Using model from API service: openrouter/free", source: file:///android_asset/LMSA/js/model-manager.js (239)
2026-03-20 13:31:08.803 14043-14043 chromium                pid-14043                            I  [INFO:CONSOLE:272] "Default model ID from storage: null", source: file:///android_asset/LMSA/js/model-manager.js (272)
2026-03-20 13:31:08.803 14043-14043 chromium                pid-14043                            I  [INFO:CONSOLE:273] "Currently loaded model ID: openrouter/free", source: file:///android_asset/LMSA/js/model-manager.js (273)
2026-03-20 13:31:08.804 14043-14043 chromium                pid-14043                            I  [INFO:CONSOLE:274] "originalStartupFlag: false", source: file:///android_asset/LMSA/js/model-manager.js (274)
2026-03-20 13:31:08.804 14043-14043 chromium                pid-14043                            I  [INFO:CONSOLE:941] "Displaying models with loaded model ID: openrouter/free", source: file:///android_asset/LMSA/js/model-manager.js (941)
2026-03-20 13:31:10.621  3589-3601  artd                    artd                                 W  Could not get dex checksums for location /data/app/~~z_gZJR6MTtdJXmSeW8VSEA==/com.lmsa.app-CWWcXZ-v4_RuS5SE4tr0sw==/base.apk, fd=-1
2026-03-20 13:31:11.817 14043-14043 chromium                pid-14043                            I  [INFO:CONSOLE:498] "Showing interstitial ad during OpenRouter model load for: xiaomi/mimo-v2-omni", source: file:///android_asset/LMSA/js/model-manager.js (498)
2026-03-20 13:31:14.372 14043-14043 com.lmsa.app            pid-14043                            I  AssetManager2(0x7826757bb8b8) locale list changing from [] to [en-US]
2026-03-20 13:31:14.419   713-1972  ConnectivityService     system_server                        D  requestNetwork for uid/pid:10217/14043 activeRequest: null callbackRequest: 416 [NetworkRequest [ REQUEST id=417, [ Capabilities: INTERNET&NOT_RESTRICTED&TRUSTED&NOT_VCN_MANAGED&NOT_BANDWIDTH_CONSTRAINED Uid: 10217 RequestorUid: 10217 RequestorPkg: com.lmsa.app UnderlyingNetworks: Null] ]] callback flags: 0 order: 2147483647 isUidTracked: false declaredMethods: AVAIL|LOST|NC
2026-03-20 13:31:14.421   713-866   WifiNetworkFactory      system_server                        D  got request NetworkRequest [ REQUEST id=417, [ Capabilities: INTERNET&NOT_RESTRICTED&TRUSTED&NOT_VCN_MANAGED&NOT_BANDWIDTH_CONSTRAINED Uid: 10217 RequestorUid: 10217 RequestorPkg: com.lmsa.app UnderlyingNetworks: Null] ]
2026-03-20 13:31:14.421   713-866   UntrustedW...orkFactory system_server                        D  got request NetworkRequest [ REQUEST id=417, [ Capabilities: INTERNET&NOT_RESTRICTED&TRUSTED&NOT_VCN_MANAGED&NOT_BANDWIDTH_CONSTRAINED Uid: 10217 RequestorUid: 10217 RequestorPkg: com.lmsa.app UnderlyingNetworks: Null] ]
2026-03-20 13:31:14.421   713-866   OemPaidWif...orkFactory system_server                        D  got request NetworkRequest [ REQUEST id=417, [ Capabilities: INTERNET&NOT_RESTRICTED&TRUSTED&NOT_VCN_MANAGED&NOT_BANDWIDTH_CONSTRAINED Uid: 10217 RequestorUid: 10217 RequestorPkg: com.lmsa.app UnderlyingNetworks: Null] ]
2026-03-20 13:31:14.421   713-866   MultiInter...orkFactory system_server                        D  got request NetworkRequest [ REQUEST id=417, [ Capabilities: INTERNET&NOT_RESTRICTED&TRUSTED&NOT_VCN_MANAGED&NOT_BANDWIDTH_CONSTRAINED Uid: 10217 RequestorUid: 10217 RequestorPkg: com.lmsa.app UnderlyingNetworks: Null] ]
2026-03-20 13:31:14.428   713-1972  ConnectivityService     system_server                        D  requestNetwork for uid/pid:10217/14043 activeRequest: null callbackRequest: 418 [NetworkRequest [ REQUEST id=419, [ Capabilities: INTERNET&NOT_RESTRICTED&TRUSTED&NOT_VCN_MANAGED&NOT_BANDWIDTH_CONSTRAINED Uid: 10217 RequestorUid: 10217 RequestorPkg: com.lmsa.app UnderlyingNetworks: Null] ]] callback flags: 0 order: 2147483647 isUidTracked: false declaredMethods: AVAIL|LOST|NC
2026-03-20 13:31:14.429   713-866   WifiNetworkFactory      system_server                        D  got request NetworkRequest [ REQUEST id=419, [ Capabilities: INTERNET&NOT_RESTRICTED&TRUSTED&NOT_VCN_MANAGED&NOT_BANDWIDTH_CONSTRAINED Uid: 10217 RequestorUid: 10217 RequestorPkg: com.lmsa.app UnderlyingNetworks: Null] ]
2026-03-20 13:31:14.432   713-866   UntrustedW...orkFactory system_server                        D  got request NetworkRequest [ REQUEST id=419, [ Capabilities: INTERNET&NOT_RESTRICTED&TRUSTED&NOT_VCN_MANAGED&NOT_BANDWIDTH_CONSTRAINED Uid: 10217 RequestorUid: 10217 RequestorPkg: com.lmsa.app UnderlyingNetworks: Null] ]
2026-03-20 13:31:14.432   713-866   OemPaidWif...orkFactory system_server                        D  got request NetworkRequest [ REQUEST id=419, [ Capabilities: INTERNET&NOT_RESTRICTED&TRUSTED&NOT_VCN_MANAGED&NOT_BANDWIDTH_CONSTRAINED Uid: 10217 RequestorUid: 10217 RequestorPkg: com.lmsa.app UnderlyingNetworks: Null] ]
2026-03-20 13:31:14.432   713-866   MultiInter...orkFactory system_server                        D  got request NetworkRequest [ REQUEST id=419, [ Capabilities: INTERNET&NOT_RESTRICTED&TRUSTED&NOT_VCN_MANAGED&NOT_BANDWIDTH_CONSTRAINED Uid: 10217 RequestorUid: 10217 RequestorPkg: com.lmsa.app UnderlyingNetworks: Null] ]
2026-03-20 13:31:14.532   713-1972  AppsFilter              system_server                        I  interaction: PackageSetting{6adef71 com.lmsa.app/10217} -> PackageSetting{ca8a8f8 com.google.android.apps.maps/10159} BLOCKED
2026-03-20 13:31:17.394 14043-14327 com.lmsa.app            pid-14043                            E  Failed to query component interface for required system resources: 6
2026-03-20 13:31:17.624 14043-14043 com.lmsa.app            pid-14043                            I  AssetManager2(0x7826757bc858) locale list changing from [] to [en-US]
2026-03-20 13:31:17.669 14043-14043 LMSA_WebView            pid-14043                            D  Interstitial ad loaded successfully
2026-03-20 13:31:17.707   713-1972  ActivityTaskManager     system_server                        I  START u0 {xflg=0x4 cmp=com.lmsa.app/com.google.android.gms.ads.AdActivity (has extras)} with LAUNCH_MULTIPLE from uid 10217 (sr=1541676) (BAL_ALLOW_VISIBLE_WINDOW) result code=0
2026-03-20 13:31:17.709   967-1060  WindowManagerShell      com.android.systemui                 V  Transition requested (#143): android.os.BinderProxy@8873239 TransitionRequestInfo { type = OPEN, triggerTask = TaskInfo{userId=0 taskId=50 effectiveUid=10217 displayId=0 isRunning=true baseIntent=Intent { act=android.intent.action.MAIN cat=[android.intent.category.LAUNCHER] flg=0x10000000 cmp=com.lmsa.app/.WebViewActivity } baseActivity=ComponentInfo{com.lmsa.app/com.lmsa.app.WebViewActivity} topActivity=ComponentInfo{com.lmsa.app/com.google.android.gms.ads.AdActivity} origActivity=null realActivity=ComponentInfo{com.lmsa.app/com.lmsa.app.WebViewActivity} numActivities=2 lastActiveTime=3139911 supportsMultiWindow=true resizeMode=1 isResizeable=true minWidth=-1 minHeight=-1 defaultMinSize=220 token=WCT{android.window.IWindowContainerToken$Stub$Proxy@3f3f07e} topActivityType=1 pictureInPictureParams=null shouldDockBigOverlays=false launchIntoPipHostTaskId=-1 lastParentTaskIdBeforePip=-1 displayCutoutSafeInsets=Rect(0, 0 - 0, 0) topActivityInfo=ActivityInfo{197f9df com.google.android.gms.ads.AdActivity} launchCookies=[] positionInParent=Point(0, 0) parentTaskId=-1 isFocused=true isVisible=true isVisibleRequested=true isTopActivityNoDisplay=false isSleeping=false locusId=null displayAreaFeatureId=1 isTopActivityTransparent=true isActivityStackTransparent=false lastNonFullscreenBounds=Rect(345, 867 - 999, 2211) capturedLink=null capturedLinkTimestamp=0 requestedVisibleTypes=-9 topActivityRequestOpenInBrowserEducationTimestamp=0 appCompatTaskInfo=AppCompatTaskInfo { topActivityInSizeCompat=false eligibleForLetterboxEducation= false isLetterboxEducationEnabled= true isLetterboxDoubleTapEnabled= false eligibleForUserAspectRatioButton= false topActivityBoundsLetterboxed= false isFromLetterboxDoubleTap= false topActivityLetterboxVerticalPosition= -1 topActivityLetterboxHorizontalPosition= -1 topActivityLetterboxWidth=-1 topActivityLetterboxHeight=-1 topActivityAppBounds=Rect(0, 0 - 1344, 2992) isUserFullscreenOverrideEnabled=false isSystemFullscreenOverrideEnabled=false hasMinAspectRatioOverride=false topActivityLetterboxBounds=null cameraCompatTaskInfo=CameraCompatTaskInfo { freeformCameraCompatMode=inactive}} topActivityMainWindowFrame=null}, pipChange = null, remoteTransition = null, displayChange = null, flags = 0, debugId = 143 }
2026-03-20 13:31:17.710 14043-14315 com.lmsa.app            pid-14043                            I  hiddenapi: Accessing hidden method Landroid/media/AudioTrack;->getLatency()I (runtime_flags=0, domain=platform, api=unsupported) from Lm84/aim; (domain=app) using reflection: allowed
2026-03-20 13:31:17.770 14043-14043 com.lmsa.app            pid-14043                            I  AssetManager2(0x7826757c3f18) locale list changing from [] to [en-US]
2026-03-20 13:31:17.811 14043-14043 LMSA_WebView            pid-14043                            D  Interstitial ad showed in full screen
2026-03-20 13:31:17.821 14043-14043 com.lmsa.app            pid-14043                            I  AssetManager2(0x7826757c54f8) locale list changing from [] to [en-US]
2026-03-20 13:31:17.907   713-1758  CoreBackPreview         system_server                        D  Window{311fb3d u0 com.lmsa.app/com.google.android.gms.ads.AdActivity}: Setting back callback OnBackInvokedCallbackInfo{mCallback=android.window.IOnBackInvokedCallback$Stub$Proxy@7f99c7e, mPriority=0, mIsAnimationCallback=false, mOverrideBehavior=0}
2026-03-20 13:31:18.064   713-742   ActivityTaskManager     system_server                        I  Displayed com.lmsa.app/com.google.android.gms.ads.AdActivity for user 0: +372ms
2026-03-20 13:31:18.064   967-1060  WindowManagerShell      com.android.systemui                 V  onTransitionReady (#143) android.os.BinderProxy@8873239: {id=143 t=OPEN f=0x0 trk=0 r=[0@Point(0, 0)] c=[
                                                                                                            {m=OPEN f=TRANSLUCENT|FILLS_TASK leash=Surface(name=ActivityRecord{179741646 u0 com.lmsa.app/com.google.android.gms.ads.AdActivity)/@0xd51862c sb=Rect(0, 0 - 0, 0) eb=Rect(0, 0 - 1344, 2992) epz=Point(1344, 2992) d=-1->0 r=-1->0:-1 bc=ff000000 component=com.lmsa.app/com.google.android.gms.ads.AdActivity opt={t=FROM_STYLE mUserId=0}}
                                                                                                        ]}
2026-03-20 13:31:18.064   967-1060  WindowManagerShell      com.android.systemui                 V  Transition doesn't have explicit remote, search filters for match for {id=143 t=OPEN f=0x0 trk=0 r=[0@Point(0, 0)] c=[{m=OPEN f=TRANSLUCENT|FILLS_TASK leash=Surface(name=ActivityRecord{179741646 u0 com.lmsa.app/com.google.android.gms.ads.AdActivity)/@0xd51862c sb=Rect(0, 0 - 0, 0) eb=Rect(0, 0 - 1344, 2992) epz=Point(1344, 2992) d=-1->0 r=-1->0:-1 bc=ff000000 component=com.lmsa.app/com.google.android.gms.ads.AdActivity opt={t=FROM_STYLE mUserId=0}}]}
2026-03-20 13:31:18.064   713-742   WindowManager           system_server                        V  Sent Transition (#143) createdAt=03-20 13:31:17.703 via request=TransitionRequestInfo { type = OPEN, triggerTask = TaskInfo{userId=0 taskId=50 effectiveUid=10217 displayId=0 isRunning=true baseIntent=Intent { act=android.intent.action.MAIN cat=[android.intent.category.LAUNCHER] flg=0x10000000 cmp=com.lmsa.app/.WebViewActivity } baseActivity=ComponentInfo{com.lmsa.app/com.lmsa.app.WebViewActivity} topActivity=ComponentInfo{com.lmsa.app/com.google.android.gms.ads.AdActivity} origActivity=null realActivity=ComponentInfo{com.lmsa.app/com.lmsa.app.WebViewActivity} numActivities=2 lastActiveTime=3139911 supportsMultiWindow=true resizeMode=1 isResizeable=true minWidth=-1 minHeight=-1 defaultMinSize=220 token=WCT{RemoteToken{c584860 Task{6edb8f5 #50 type=standard A=10217:com.lmsa.app}}} topActivityType=1 pictureInPictureParams=null shouldDockBigOverlays=false launchIntoPipHostTaskId=-1 lastParentTaskIdBeforePip=-1 displayCutoutSafeInsets=Rect(0, 0 - 0, 0) topActivityInfo=ActivityInfo{4604b71 com.google.android.gms.ads.AdActivity} launchCookies=[] positionInParent=Point(0, 0) parentTaskId=-1 isFocused=true isVisible=true isVisibleRequested=true isTopActivityNoDisplay=false isSleeping=false locusId=null displayAreaFeatureId=1 isTopActivityTransparent=true isActivityStackTransparent=false lastNonFullscreenBounds=Rect(345, 867 - 999, 2211) capturedLink=null capturedLinkTimestamp=0 requestedVisibleTypes=-9 topActivityRequestOpenInBrowserEducationTimestamp=0 appCompatTaskInfo=AppCompatTaskInfo { topActivityInSizeCompat=false eligibleForLetterboxEducation= false isLetterboxEducationEnabled= true isLetterboxDoubleTapEnabled= false eligibleForUserAspectRatioButton= false topActivityBoundsLetterboxed= false isFromLetterboxDoubleTap= false topActivityLetterboxVerticalPosition= -1 topActivityLetterboxHorizontalPosition= -1 topActivityLetterboxWidth=-1 topActivityLetterboxHeight=-1 topActivityAppBounds=Rect(0, 0 - 1344, 2992) isUserFullscreenOverrideEnabled=false isSystemFullscreenOverrideEnabled=false hasMinAspectRatioOverride=false topActivityLetterboxBounds=null cameraCompatTaskInfo=CameraCompatTaskInfo { freeformCameraCompatMode=inactive}} topActivityMainWindowFrame=null}, pipChange = null, remoteTransition = null, displayChange = null, flags = 0, debugId = 143 }
2026-03-20 13:31:18.064   713-742   WindowManager           system_server                        V      info={id=143 t=OPEN f=0x0 trk=0 r=[0@Point(0, 0)] c=[
                                                                                                            {m=OPEN f=TRANSLUCENT|FILLS_TASK leash=Surface(name=ActivityRecord{179741646 u0 com.lmsa.app/com.google.android.gms.ads.AdActivity)/@0xd6650fb sb=Rect(0, 0 - 0, 0) eb=Rect(0, 0 - 1344, 2992) epz=Point(1344, 2992) d=-1->0 r=-1->0:-1 bc=ff000000 component=com.lmsa.app/com.google.android.gms.ads.AdActivity opt={t=FROM_STYLE mUserId=0}}
                                                                                                        ]}
2026-03-20 13:31:18.064   967-1060  WindowManagerShell      com.android.systemui                 V  start default transition animation, info = {id=143 t=OPEN f=0x0 trk=0 r=[0@Point(0, 0)] c=[{m=OPEN f=TRANSLUCENT|FILLS_TASK leash=Surface(name=ActivityRecord{179741646 u0 com.lmsa.app/com.google.android.gms.ads.AdActivity)/@0xd51862c sb=Rect(0, 0 - 0, 0) eb=Rect(0, 0 - 1344, 2992) epz=Point(1344, 2992) d=-1->0 r=-1->0:-1 bc=ff000000 component=com.lmsa.app/com.google.android.gms.ads.AdActivity opt={t=FROM_STYLE mUserId=0}}]}
2026-03-20 13:31:18.103   713-836   ImeTracker              system_server                        I  com.lmsa.app:859f3d99: onRequestHide at ORIGIN_SERVER reason HIDE_UNSPECIFIED_WINDOW fromUser false
2026-03-20 13:31:18.116  1412-1412  GoogleInpu...hodService com...gle.android.inputmethod.latin  I  GoogleInputMethodService.onStartInput():1293 onStartInput(EditorInfo{EditorInfo{packageName=com.lmsa.app, inputType=0, inputTypeString=NULL, enableLearning=false, autoCorrection=false, autoComplete=false, imeOptions=0, privateImeOptions=null, actionName=UNSPECIFIED, actionLabel=null, initialSelStart=-1, initialSelEnd=-1, initialCapsMode=0, label=null, fieldId=0, fieldName=null, extras=null, hintText=null, hintLocales=[]}}, false)
2026-03-20 13:31:18.120   713-1433  PackageConfigPersister  system_server                        W  App-specific configuration not found for packageName: com.lmsa.app and userId: 0
2026-03-20 13:31:18.219 14043-14043 ImeTracker              pid-14043                            I  com.lmsa.app:859f3d99: onCancelled at PHASE_CLIENT_ALREADY_HIDDEN
2026-03-20 13:31:18.306   713-1433  MediaFocusControl       system_server                        I  requestAudioFocus() from uid/pid 10217/14043 AA=USAGE_MEDIA/CONTENT_TYPE_UNKNOWN clientId=android.media.AudioManager@63c1fddcom.google.android.gms.ads.internal.video.ag@b3d1752 callingPack=com.lmsa.app req=2 flags=0x0 sdk=35
2026-03-20 13:31:18.328   713-1433  AppOps                  system_server                        E  attributionTag  not declared in manifest of com.lmsa.app
2026-03-20 13:31:18.328   713-2045  AppOps                  system_server                        E  attributionTag  not declared in manifest of com.lmsa.app
2026-03-20 13:31:19.358 14043-14047 com.lmsa.app            pid-14043                            I  Compiler allocated 4929KB to compile boolean m84.aby.handleMessage(android.os.Message)
2026-03-20 13:31:20.275 14043-14048 com.lmsa.app            pid-14043                            I  Background concurrent mark compact GC freed 8950KB AllocSpace bytes, 0(0B) LOS objects, 49% free, 10MB/20MB, paused 2.065ms,1.953ms total 189.899ms
2026-03-20 13:31:20.654  3589-3589  artd                    artd                                 W  Could not get dex checksums for location /data/app/~~z_gZJR6MTtdJXmSeW8VSEA==/com.lmsa.app-CWWcXZ-v4_RuS5SE4tr0sw==/base.apk, fd=-1
2026-03-20 13:31:24.020   713-1972  AppOps                  system_server                        E  attributionTag  not declared in manifest of com.lmsa.app
2026-03-20 13:31:24.021   713-2045  AppOps                  system_server                        E  attributionTag  not declared in manifest of com.lmsa.app
2026-03-20 13:31:24.484   713-1972  MediaFocusControl       system_server                        I  abandonAudioFocus() from uid/pid 10217/14043 clientId=android.media.AudioManager@63c1fddcom.google.android.gms.ads.internal.video.ag@b3d1752 callingPack=com.lmsa.app
2026-03-20 13:31:25.331  1412-1412  GoogleInpu...hodService com...gle.android.inputmethod.latin  I  GoogleInputMethodService.onStartInput():1293 onStartInput(EditorInfo{EditorInfo{packageName=com.lmsa.app, inputType=0, inputTypeString=NULL, enableLearning=false, autoCorrection=false, autoComplete=false, imeOptions=12000000, privateImeOptions=null, actionName=UNSPECIFIED, actionLabel=null, initialSelStart=-1, initialSelEnd=-1, initialCapsMode=0, label=null, fieldId=0, fieldName=null, extras=null, hintText=null, hintLocales=[]}}, false)
2026-03-20 13:31:25.334   713-1433  PackageConfigPersister  system_server                        W  App-specific configuration not found for packageName: com.lmsa.app and userId: 0
2026-03-20 13:31:25.349   713-742   WindowManager           system_server                        V      info={id=144 t=CLOSE f=0x0 trk=0 r=[0@Point(0, 0)] c=[
                                                                                                            {m=CLOSE f=TRANSLUCENT|FILLS_TASK leash=Surface(name=ActivityRecord{179741646 u0 com.lmsa.app/com.google.android.gms.ads.AdActivity)/@0xd6650fb sb=Rect(0, 0 - 1344, 2992) eb=Rect(0, 0 - 1344, 2992) epz=Point(1344, 2992) d=0 bc=ff000000 component=com.lmsa.app/com.google.android.gms.ads.AdActivity opt={t=FROM_STYLE mUserId=0}}
                                                                                                        ]}
2026-03-20 13:31:25.354   967-1060  WindowManagerShell      com.android.systemui                 V  onTransitionReady (#144) android.os.BinderProxy@4da968a: {id=144 t=CLOSE f=0x0 trk=0 r=[0@Point(0, 0)] c=[
                                                                                                            {m=CLOSE f=TRANSLUCENT|FILLS_TASK leash=Surface(name=ActivityRecord{179741646 u0 com.lmsa.app/com.google.android.gms.ads.AdActivity)/@0x3ac54fb sb=Rect(0, 0 - 1344, 2992) eb=Rect(0, 0 - 1344, 2992) epz=Point(1344, 2992) d=0 bc=ff000000 component=com.lmsa.app/com.google.android.gms.ads.AdActivity opt={t=FROM_STYLE mUserId=0}}
                                                                                                        ]}
2026-03-20 13:31:25.355   967-1060  WindowManagerShell      com.android.systemui                 V  Transition doesn't have explicit remote, search filters for match for {id=144 t=CLOSE f=0x0 trk=0 r=[0@Point(0, 0)] c=[{m=CLOSE f=TRANSLUCENT|FILLS_TASK leash=Surface(name=ActivityRecord{179741646 u0 com.lmsa.app/com.google.android.gms.ads.AdActivity)/@0x3ac54fb sb=Rect(0, 0 - 1344, 2992) eb=Rect(0, 0 - 1344, 2992) epz=Point(1344, 2992) d=0 bc=ff000000 component=com.lmsa.app/com.google.android.gms.ads.AdActivity opt={t=FROM_STYLE mUserId=0}}]}
2026-03-20 13:31:25.357   967-1060  WindowManagerShell      com.android.systemui                 V  start default transition animation, info = {id=144 t=CLOSE f=0x0 trk=0 r=[0@Point(0, 0)] c=[{m=CLOSE f=TRANSLUCENT|FILLS_TASK leash=Surface(name=ActivityRecord{179741646 u0 com.lmsa.app/com.google.android.gms.ads.AdActivity)/@0x3ac54fb sb=Rect(0, 0 - 1344, 2992) eb=Rect(0, 0 - 1344, 2992) epz=Point(1344, 2992) d=0 bc=ff000000 component=com.lmsa.app/com.google.android.gms.ads.AdActivity opt={t=FROM_STYLE mUserId=0}}]}
2026-03-20 13:31:25.376   713-1433  MediaFocusControl       system_server                        I  abandonAudioFocus() from uid/pid 10217/14043 clientId=android.media.AudioManager@f5fc238com.lmsa.app.WebViewActivity$$ExternalSyntheticLambda24@842f211 callingPack=com.lmsa.app
2026-03-20 13:31:25.378 14043-14043 LMSA_WebView            pid-14043                            D  Creating TextToSpeech instance
2026-03-20 13:31:25.388 14043-14043 com.lmsa.app            pid-14043                            I  AssetManager2(0x7826757ba5f8) locale list changing from [] to [en-US]
