2026-04-23 21:00:52.901  1891-1891  ActivityThread          com...le.android.apps.messaging:rcs  D  Package [com.lmsa.app] reported as REPLACED, but missing application info. Assuming REMOVED.
2026-04-23 21:00:52.901  1817-1817  ActivityThread          com...ndroid.providers.media.module  D  Package [com.lmsa.app] reported as REPLACED, but missing application info. Assuming REMOVED.
2026-04-23 21:00:52.901  1274-1274  ActivityThread          com.google.android.gms.persistent    D  Package [com.lmsa.app] reported as REPLACED, but missing application info. Assuming REMOVED.
2026-04-23 21:00:52.902  1819-1819  ActivityThread          com...oglequicksearchbox:interactor  D  Package [com.lmsa.app] reported as REPLACED, but missing application info. Assuming REMOVED.
2026-04-23 21:00:52.902  1904-1904  ActivityThread          com.android.emulator.multidisplay    D  Package [com.lmsa.app] reported as REPLACED, but missing application info. Assuming REMOVED.
2026-04-23 21:00:52.902  2557-2557  ActivityThread          com.google.android.apps.messaging    D  Package [com.lmsa.app] reported as REPLACED, but missing application info. Assuming REMOVED.
2026-04-23 21:00:52.902  1092-1092  ActivityThread          com.android.se                       D  Package [com.lmsa.app] reported as REPLACED, but missing application info. Assuming REMOVED.
2026-04-23 21:00:52.904   969-969   ActivityThread          com.android.systemui                 D  Package [com.lmsa.app] reported as REPLACED, but missing application info. Assuming REMOVED.
2026-04-23 21:00:52.904  1066-1066  ActivityThread          com.android.networkstack.process     D  Package [com.lmsa.app] reported as REPLACED, but missing application info. Assuming REMOVED.
2026-04-23 21:00:52.906  2982-2982  ActivityThread          com.google.android.gms.unstable      D  Package [com.lmsa.app] reported as REPLACED, but missing application info. Assuming REMOVED.
2026-04-23 21:00:52.909  2635-2635  ActivityThread          com.google.android.tts               D  Package [com.lmsa.app] reported as REPLACED, but missing application info. Assuming REMOVED.
2026-04-23 21:00:52.909  2017-2017  ActivityThread          com...gle.android.inputmethod.latin  D  Package [com.lmsa.app] reported as REPLACED, but missing application info. Assuming REMOVED.
2026-04-23 21:00:52.911  2533-2533  ActivityThread          com.android.localtransport           D  Package [com.lmsa.app] reported as REPLACED, but missing application info. Assuming REMOVED.
2026-04-23 21:00:52.912  2972-2972  ActivityThread          com.android.dynsystem:dynsystem      D  Package [com.lmsa.app] reported as REPLACED, but missing application info. Assuming REMOVED.
2026-04-23 21:00:52.912  1116-1116  ActivityThread          com...le.android.apps.nexuslauncher  D  Package [com.lmsa.app] reported as REPLACED, but missing application info. Assuming REMOVED.
2026-04-23 21:00:52.915  1921-1921  ActivityThread          com.android.keychain                 D  Package [com.lmsa.app] reported as REPLACED, but missing application info. Assuming REMOVED.
2026-04-23 21:00:52.919   688-688   Telecom                 system_server                        I  CarModeTracker: Package com.lmsa.app is not tracked.: SSH.oR@AR0
2026-04-23 21:00:52.919  3806-3806  ActivityThread          com.google.android.partnersetup      D  Package [com.lmsa.app] reported as REPLACED, but missing application info. Assuming REMOVED.
2026-04-23 21:00:52.921  2017-2017  ActivityThread          com...gle.android.inputmethod.latin  D  Package [com.lmsa.app] reported as REPLACED, but missing application info. Assuming REMOVED.
2026-04-23 21:00:52.921  2982-2982  ActivityThread          com.google.android.gms.unstable      D  Package [com.lmsa.app] reported as REPLACED, but missing application info. Assuming REMOVED.
2026-04-23 21:00:52.921  1817-1817  ActivityThread          com...ndroid.providers.media.module  D  Package [com.lmsa.app] reported as REPLACED, but missing application info. Assuming REMOVED.
2026-04-23 21:00:52.921  2305-2305  Finsky                  com.android.vending                  I  [2] AIM: AppInfoCacheUpdater -> invalidating apps: [com.lmsa.app]
2026-04-23 21:00:52.922  2635-2635  ActivityThread          com.google.android.tts               D  Package [com.lmsa.app] reported as REPLACED, but missing application info. Assuming REMOVED.
2026-04-23 21:00:52.922  1066-1066  ActivityThread          com.android.networkstack.process     D  Package [com.lmsa.app] reported as REPLACED, but missing application info. Assuming REMOVED.
2026-04-23 21:00:52.923  2917-2917  ActivityThread          com.android.dynsystem                D  Package [com.lmsa.app] reported as REPLACED, but missing application info. Assuming REMOVED.
2026-04-23 21:00:52.924  1116-1116  ActivityThread          com...le.android.apps.nexuslauncher  D  Package [com.lmsa.app] reported as REPLACED, but missing application info. Assuming REMOVED.
2026-04-23 21:00:52.924  2917-2917  ActivityThread          com.android.dynsystem                D  Package [com.lmsa.app] reported as REPLACED, but missing application info. Assuming REMOVED.
2026-04-23 21:00:52.924  2533-2533  ActivityThread          com.android.localtransport           D  Package [com.lmsa.app] reported as REPLACED, but missing application info. Assuming REMOVED.
2026-04-23 21:00:52.924  1819-1819  ActivityThread          com...oglequicksearchbox:interactor  D  Package [com.lmsa.app] reported as REPLACED, but missing application info. Assuming REMOVED.
2026-04-23 21:00:52.924  1891-1891  ActivityThread          com...le.android.apps.messaging:rcs  D  Package [com.lmsa.app] reported as REPLACED, but missing application info. Assuming REMOVED.
2026-04-23 21:00:52.925  1138-1138  ActivityThread          com.google.android.ext.services      D  Package [com.lmsa.app] reported as REPLACED, but missing application info. Assuming REMOVED.
2026-04-23 21:00:52.925  1927-1927  ActivityThread          com.google.android.adservices.api    D  Package [com.lmsa.app] reported as REPLACED, but missing application info. Assuming REMOVED.
2026-04-23 21:00:52.927  1843-1843  ActivityThread          com.google.android.as                D  Package [com.lmsa.app] reported as REPLACED, but missing application info. Assuming REMOVED.
2026-04-23 21:00:52.929  1904-1904  ActivityThread          com.android.emulator.multidisplay    D  Package [com.lmsa.app] reported as REPLACED, but missing application info. Assuming REMOVED.
2026-04-23 21:00:52.932  3806-3806  ActivityThread          com.google.android.partnersetup      D  Package [com.lmsa.app] reported as REPLACED, but missing application info. Assuming REMOVED.
2026-04-23 21:00:52.932 14297-14297 ActivityThread          com.android.settings                 D  Package [com.lmsa.app] reported as REPLACED, but missing application info. Assuming REMOVED.
2026-04-23 21:00:52.932  2557-2557  ActivityThread          com.google.android.apps.messaging    D  Package [com.lmsa.app] reported as REPLACED, but missing application info. Assuming REMOVED.
2026-04-23 21:00:52.933   688-923   SdkSandboxManager       system_server                        I  No SDKs used. Skipping SDK data reconcilation for CallingInfo{mUid=10237, mPackageName='com.lmsa.app, mAppProcessToken='null'}
2026-04-23 21:00:52.934  1560-1560  ActivityThread          com.google.android.gms               D  Package [com.lmsa.app] reported as REPLACED, but missing application info. Assuming REMOVED.
2026-04-23 21:00:52.936   969-969   ActivityThread          com.android.systemui                 D  Package [com.lmsa.app] reported as REPLACED, but missing application info. Assuming REMOVED.
2026-04-23 21:00:52.941  1092-1092  ActivityThread          com.android.se                       D  Package [com.lmsa.app] reported as REPLACED, but missing application info. Assuming REMOVED.
2026-04-23 21:00:52.944  1542-1542  ActivityThread          com.google.android.apps.wellbeing    D  Package [com.lmsa.app] reported as REPLACED, but missing application info. Assuming REMOVED.
2026-04-23 21:00:52.945  2305-2651  Finsky                  com.android.vending                  I  [56] AIM: AppInfoManager-Perf > OnDeviceAppInfo > cacheHitCount=0, cacheMissCount=1. Missed  in cache (limit 10) : [com.lmsa.app]
2026-04-23 21:00:52.947  1921-1921  ActivityThread          com.android.keychain                 D  Package [com.lmsa.app] reported as REPLACED, but missing application info. Assuming REMOVED.
2026-04-23 21:00:52.956  1542-1542  ActivityThread          com.google.android.apps.wellbeing    D  Package [com.lmsa.app] reported as REPLACED, but missing application info. Assuming REMOVED.
2026-04-23 21:00:52.959   688-827   PackageConfigPersister  system_server                        W  App-specific configuration not found for packageName: com.lmsa.app and userId: 0
2026-04-23 21:00:52.960 14297-14297 ActivityThread          com.android.settings                 D  Package [com.lmsa.app] reported as REPLACED, but missing application info. Assuming REMOVED.
2026-04-23 21:00:52.960  2972-2972  ActivityThread          com.android.dynsystem:dynsystem      D  Package [com.lmsa.app] reported as REPLACED, but missing application info. Assuming REMOVED.
2026-04-23 21:00:52.971  1102-1329  ImsResolver             com.android.phone                    D  maybeAddedImsService, packageName: com.lmsa.app
2026-04-23 21:00:52.971  1102-1329  ImsResolver             com.android.phone                    V  searchForImsServices: package=com.lmsa.app, users=[UserHandle{0}]
2026-04-23 21:00:52.971  1102-1329  ImsResolver             com.android.phone                    V  searchForImsServices: package=com.lmsa.app, users=[UserHandle{0}]
2026-04-23 21:00:52.992  1102-1102  VvmPkgInstalledRcvr     com.android.phone                    W  carrierVvmPkgAdded: carrier vvm packages doesn't contain com.lmsa.app
2026-04-23 21:00:52.993  1102-1102  ActivityThread          com.android.phone                    D  Package [com.lmsa.app] reported as REPLACED, but missing application info. Assuming REMOVED.
2026-04-23 21:00:52.995  1102-1102  ActivityThread          com.android.phone                    D  Package [com.lmsa.app] reported as REPLACED, but missing application info. Assuming REMOVED.
2026-04-23 21:00:52.996  1274-1274  ActivityThread          com.google.android.gms.persistent    D  Package [com.lmsa.app] reported as REPLACED, but missing application info. Assuming REMOVED.
2026-04-23 21:00:53.000  1102-1102  SatelliteController     com.android.phone                    D  packageStateChanged: package:com.lmsa.app defaultSmsPackageName: com.google.android.apps.messaging satelliteGatewayServicePackageName: 
2026-04-23 21:00:53.034  3859-3948  Finsky:background       com.android.vending:background       I  [50] IQ:PSL: skipping onPackageRemoved(replacing=true) for untracked package=com.lmsa.app
2026-04-23 21:00:53.041  1843-14444 AiAiEcho                com.google.android.as                I  AppIndexer Package:[com.lmsa.app] UserProfile:[0] Enabled:[true].
2026-04-23 21:00:53.042   688-688   AS.AudioService         system_server                        D  received android.intent.action.PACKAGE_ADDED replacing: true archival: false for package com.lmsa.app with uid 10237
2026-04-23 21:00:53.042  1843-14444 AiAiEcho                com.google.android.as                I  AppFetcherImplV2 updateApps package:[com.lmsa.app], userId:[0], reason:[package is updated.].
2026-04-23 21:00:53.042   688-1967  ActivityManager         system_server                        I  Force stopping com.lmsa.app appid=10237 user=0: from pid 14441
2026-04-23 21:00:53.035  1233-1233  SafetyLabe...stReceiver com....android.permissioncontroller  I  received broadcast packageName: com.lmsa.app, current user: UserHandle{0}, packageChangeEvent: UPDATE, intent user: UserHandle{0}
2026-04-23 21:00:53.076  3859-3859  ActivityThread          com.android.vending:background       D  Package [com.lmsa.app] reported as REPLACED, but missing application info. Assuming REMOVED.
2026-04-23 21:00:53.078  3859-3859  ActivityThread          com.android.vending:background       D  Package [com.lmsa.app] reported as REPLACED, but missing application info. Assuming REMOVED.
2026-04-23 21:00:53.089  2305-2305  Finsky                  com.android.vending                  I  [2] AIM: AppInfoCacheUpdater -> invalidating apps: [com.lmsa.app]
2026-04-23 21:00:53.091  2305-2648  Finsky                  com.android.vending                  I  [55] AIM: AppInfoManager-Perf > OnDeviceAppInfo > cacheHitCount=0, cacheMissCount=1. Missed  in cache (limit 10) : [com.lmsa.app]
2026-04-23 21:00:53.093  1233-1233  ActivityThread          com....android.permissioncontroller  D  Package [com.lmsa.app] reported as REPLACED, but missing application info. Assuming REMOVED.
2026-04-23 21:00:53.094  1102-1102  CarrierSvcBindHelper    com.android.phone                    D  onHandleForceStop: [com.lmsa.app]
2026-04-23 21:00:53.148   688-688   BackupManagerService    system_server                        I  No delayed restore requests for the given dependency: com.lmsa.app
2026-04-23 21:00:53.148   688-688   ActivityThread          system_server                        D  Package [com.lmsa.app] reported as REPLACED, but missing application info. Assuming REMOVED.
2026-04-23 21:00:53.150   688-688   ActivityThread          system_server                        D  Package [com.lmsa.app] reported as REPLACED, but missing application info. Assuming REMOVED.
2026-04-23 21:00:53.158  1274-14439 ProximityAuth           com.google.android.gms.persistent    I  [RecentAppsMediator] Package added: (user=UserHandle{0}) com.lmsa.app
2026-04-23 21:00:53.161   688-688   AS.AudioService         system_server                        D  received android.intent.action.PACKAGE_REPLACED replacing: true archival: false for package com.lmsa.app with uid 10237
2026-04-23 21:00:53.165  1233-1233  ActivityThread          com....android.permissioncontroller  D  Package [com.lmsa.app] reported as REPLACED, but missing application info. Assuming REMOVED.
2026-04-23 21:00:53.197   688-688   AlarmManager            system_server                        W  Package com.lmsa.app, uid 10237 lost permission to set exact alarms!
2026-04-23 21:00:53.281   688-1970  ActivityTaskManager     system_server                        V  TaskLaunchParamsModifier: phase=3 task=Task{c2b10a8 #210 type=standard A=10237:com.lmsa.app} activity=ActivityRecord{112351608 u0 com.lmsa.app/.WebViewActivity t-1} display-from-task=0 display-id=0 task-display-area-windowing-mode=1 suggested-display-area=DefaultTaskDisplayArea@151661958 inherit-from-task=fullscreen non-freeform-task-display-area display-area=DefaultTaskDisplayArea@151661958 skip-bounds-fullscreen
2026-04-23 21:00:53.282   688-1970  ActivityTaskManager     system_server                        I  START u0 {act=android.intent.action.MAIN cat=[android.intent.category.LAUNCHER] flg=0x10000000 xflg=0x4 cmp=com.lmsa.app/.WebViewActivity} with LAUNCH_MULTIPLE from uid 2000 (com.android.shell) (BAL_ALLOW_PERMISSION) result code=0
2026-04-23 21:00:53.320  1560-14418 SQLiteLog               com.google.android.gms               W  (28) double-quoted string literal: "com.lmsa.app"
2026-04-23 21:00:53.359 14476-14476 Zygote                  zygote64                             I  Process 14476 created for com.lmsa.app
2026-04-23 21:00:53.359 14476-14476 com.lmsa.app            zygote64                             I  Late-enabling -Xcheck:jni
2026-04-23 21:00:53.386   688-721   ActivityManager         system_server                        I  Start proc 14476:com.lmsa.app/u0a237 for next-top-activity {com.lmsa.app/com.lmsa.app.WebViewActivity}
2026-04-23 21:00:53.387   969-1028  WindowManagerShell      com.android.systemui                 V  Transition requested (#104): android.os.BinderProxy@6cdc30f TransitionRequestInfo { type = OPEN, triggerTask = TaskInfo{userId=0 taskId=210 effectiveUid=10237 displayId=0 isRunning=true baseIntent=Intent { act=android.intent.action.MAIN cat=[android.intent.category.LAUNCHER] flg=0x10000000 cmp=com.lmsa.app/.WebViewActivity } baseActivity=ComponentInfo{com.lmsa.app/com.lmsa.app.WebViewActivity} topActivity=ComponentInfo{com.lmsa.app/com.lmsa.app.WebViewActivity} origActivity=null realActivity=ComponentInfo{com.lmsa.app/com.lmsa.app.WebViewActivity} realActivityIsAppLockEnabled=false numActivities=1 lastActiveTime=7381377 supportsMultiWindow=true supportsMultiWindowWithoutConstraints=true resizeMode=1 isResizeable=true minWidth=-1 minHeight=-1 defaultMinSize=220 token=WCT{android.os.BinderProxy@3a4cf9c} topActivityType=1 pictureInPictureParams=null shouldDockBigOverlays=false launchIntoPipHostTaskId=-1 lastParentTaskIdBeforePip=-1 displayCutoutSafeInsets=Rect(0, 121 - 0, 0) topActivityInfo=ActivityInfo{3161da5 com.lmsa.app.WebViewActivity} launchCookies=[] positionInParent=Point(0, 0) parentTaskId=-1 isFocused=false isInteractive=false isVisible=false isVisibleRequested=false isTopActivityNoDisplay=false isSleeping=false locusId=null displayAreaFeatureId=1 isTopActivityTransparent=false isActivityStackTransparent=false lastNonFullscreenBounds=null leafTaskBoundsFromOptions= false capturedLink=null capturedLinkTimestamp=0 requestedVisibleTypes=503 topActivityRequestOpenInBrowserEducationTimestamp=0 appCompatTaskInfo=AppCompatTaskInfo { topActivityInSizeCompat=false isLeafTask= true eligibleForLetterboxEducation= false isLetterboxEducationEnabled= true isLetterboxDoubleTapEnabled= false eligibleForUserAspectRatioButton= false topActivityBoundsLetterboxed= false isFromLetterboxDoubleTap= false topActivityLetterboxVerticalPosition= -1 topActivityLetterboxHorizontalPosition= -1 topActivityLetterboxWidth=-1 topActivityLetterboxHeight=-1 topActivityAppBounds=Rect(0, 0 - 1080, 2400) isUserFullscreenOverrideEnabled=false isSystemFullscreenOverrideEnabled=false hasMinAspectRatioOverride=false topActivityLetterboxBounds=null topNonResizableActivityAspectRatio=-1.0} topActivityMainWindowFrame=null isAppBubble=false}, pipChange = null, remoteTransitionInfo = null, displayChange = null, requestedLocation = null, userChange = null, windowingLayerChange = null, fullscreenRequestChange = null, flags = 0, debugId = 104 }
2026-04-23 21:00:53.417  2305-2305  ActivityThread          com.android.vending                  D  Package [com.lmsa.app] reported as REPLACED, but missing application info. Assuming REMOVED.
2026-04-23 21:00:53.418  2305-2305  ActivityThread          com.android.vending                  D  Package [com.lmsa.app] reported as REPLACED, but missing application info. Assuming REMOVED.
2026-04-23 21:00:53.434 14476-14476 com.lmsa.app            zygote64                             I  Using generational CollectorTypeCMC GC.
2026-04-23 21:00:53.434 14476-14476 com.lmsa.app            zygote64                             W  Unexpected CPU variant for x86: x86_64.
                                                                                                    Known variants: atom, sandybridge, silvermont, goldmont, goldmont-plus, goldmont-without-sha-xsaves, tremont, kabylake, alderlake, lunarlake, default
2026-04-23 21:00:53.441   688-1871  WindowManager           system_server                        D  setClientSurface Surface(name=VRI-Splash Screen com.lmsa.app#981)/@0x1ca2e1 for 9aef30 Splash Screen com.lmsa.app
---------------------------- PROCESS STARTED (14476) for package com.lmsa.app ----------------------------
2026-04-23 21:00:53.596   688-711   WindowManager           system_server                        V  Sent Transition (#104) createdAt=04-23 21:00:53.241 via request=TransitionRequestInfo { type = OPEN, triggerTask = TaskInfo{userId=0 taskId=210 effectiveUid=10237 displayId=0 isRunning=true baseIntent=Intent { act=android.intent.action.MAIN cat=[android.intent.category.LAUNCHER] flg=0x10000000 cmp=com.lmsa.app/.WebViewActivity } baseActivity=ComponentInfo{com.lmsa.app/com.lmsa.app.WebViewActivity} topActivity=ComponentInfo{com.lmsa.app/com.lmsa.app.WebViewActivity} origActivity=null realActivity=ComponentInfo{com.lmsa.app/com.lmsa.app.WebViewActivity} realActivityIsAppLockEnabled=false numActivities=1 lastActiveTime=7381377 supportsMultiWindow=true supportsMultiWindowWithoutConstraints=true resizeMode=1 isResizeable=true minWidth=-1 minHeight=-1 defaultMinSize=220 token=WCT{RemoteToken{9946fe7 Task{c2b10a8 #210 type=standard A=10237:com.lmsa.app}}} topActivityType=1 pictureInPictureParams=null shouldDockBigOverlays=false launchIntoPipHostTaskId=-1 lastParentTaskIdBeforePip=-1 displayCutoutSafeInsets=Rect(0, 121 - 0, 0) topActivityInfo=ActivityInfo{1f63794 com.lmsa.app.WebViewActivity} launchCookies=[] positionInParent=Point(0, 0) parentTaskId=-1 isFocused=false isInteractive=false isVisible=false isVisibleRequested=false isTopActivityNoDisplay=false isSleeping=false locusId=null displayAreaFeatureId=1 isTopActivityTransparent=false isActivityStackTransparent=false lastNonFullscreenBounds=null leafTaskBoundsFromOptions= false capturedLink=null capturedLinkTimestamp=0 requestedVisibleTypes=503 topActivityRequestOpenInBrowserEducationTimestamp=0 appCompatTaskInfo=AppCompatTaskInfo { topActivityInSizeCompat=false isLeafTask= true eligibleForLetterboxEducation= false isLetterboxEducationEnabled= true isLetterboxDoubleTapEnabled= false eligibleForUserAspectRatioButton= false topActivityBoundsLetterboxed= false isFromLetterboxDoubleTap= false topActivityLetterboxVerticalPosition= -1 topActivityLetterboxHorizontalPosition= -1 topActivityLetterboxWidth=-1 topActivityLetterboxHeight=-1 topActivityAppBounds=Rect(0, 0 - 1080, 2400) isUserFullscreenOverrideEnabled=false isSystemFullscreenOverrideEnabled=false hasMinAspectRatioOverride=false topActivityLetterboxBounds=null topNonResizableActivityAspectRatio=-1.0} topActivityMainWindowFrame=null isAppBubble=false}, pipChange = null, remoteTransitionInfo = null, displayChange = null, requestedLocation = null, userChange = null, windowingLayerChange = null, fullscreenRequestChange = null, flags = 0, debugId = 104 }
2026-04-23 21:00:53.596   688-711   WindowManager           system_server                        V      info={id=104 t=OPEN f=0x0 trk=0 r=[0@Point(0, 0)] c=[
                                                                                                            {WCT{RemoteToken{9946fe7 Task{c2b10a8 #210 type=standard A=10237:com.lmsa.app}}} m=OPEN f=MOVE_TO_TOP leash=Surface(name=Task=210#978)/@0x7bf9da sb=Rect(0, 0 - 1080, 2400) eb=Rect(0, 0 - 1080, 2400) epz=Point(1080, 2400) d=0 taskParent=-1 winMode=1 userId=0},
                                                                                                            {WCT{RemoteToken{90b6243 Task{cee887d #1 type=home}}} m=TO_BACK f=SHOW_WALLPAPER leash=Surface(name=Task=1#34)/@0x8233f66 sb=Rect(0, 0 - 1080, 2400) eb=Rect(0, 0 - 1080, 2400) epz=Point(1080, 2400) d=0 taskParent=-1 winMode=1 userId=0},
                                                                                                            {m=TO_BACK f=IS_WALLPAPER leash=Surface(name=WallpaperWindowToken{a0d7e83}#53)/@0x2484bc1 sb=Rect(0, 0 - 1080, 2400) eb=Rect(0, 0 - 1080, 2400) epz=Point(1080, 2400) d=0}
                                                                                                        ]}
2026-04-23 21:00:53.800 14476-14476 nativeloader            com.lmsa.app                         D  Configuring clns-9 for other apk /data/app/~~eZlAy6x-SE2gZCoLTO7cvw==/com.lmsa.app-g0if599ZfQcgmS8Miv4Raw==/base.apk. target_sdk_version=36, uses_libraries=, library_path=/data/app/~~eZlAy6x-SE2gZCoLTO7cvw==/com.lmsa.app-g0if599ZfQcgmS8Miv4Raw==/lib/x86_64, permitted_path=/data:/mnt/expand:/data/user/0/com.lmsa.app
2026-04-23 21:00:53.811 14476-14476 GraphicsEnvironment     com.lmsa.app                         V  Currently set values for:
2026-04-23 21:00:53.811 14476-14476 GraphicsEnvironment     com.lmsa.app                         V    angle_gl_driver_selection_pkgs=[]
2026-04-23 21:00:53.811 14476-14476 GraphicsEnvironment     com.lmsa.app                         V    angle_gl_driver_selection_values=[]
2026-04-23 21:00:53.811 14476-14476 GraphicsEnvironment     com.lmsa.app                         V  com.lmsa.app is not listed in per-application setting
2026-04-23 21:00:53.811 14476-14476 GraphicsEnvironment     com.lmsa.app                         V  No special selections for ANGLE, returning default driver choice
2026-04-23 21:00:53.813 14476-14476 GraphicsEnvironment     com.lmsa.app                         V  Neither updatable production driver nor prerelease driver is supported.
2026-04-23 21:00:53.832 14476-14476 WM-WrkMgrInitializer    com.lmsa.app                         D  Initializing WorkManager with default configuration.
2026-04-23 21:00:53.842 14476-14501 ApplicationLoaders      com.lmsa.app                         D  Returning zygote-cached class loader: /system/framework/org.apache.http.legacy.jar
2026-04-23 21:00:53.842 14476-14501 ApplicationLoaders      com.lmsa.app                         D  Returning zygote-cached class loader: /system/framework/com.android.location.provider.jar
2026-04-23 21:00:53.842 14476-14501 ApplicationLoaders      com.lmsa.app                         D  Returning zygote-cached class loader: /system/framework/com.android.media.remotedisplay.jar
2026-04-23 21:00:53.846 14476-14501 nativeloader            com.lmsa.app                         D  Configuring clns-10 for other apk /system_ext/framework/com.android.extensions.appfunctions.jar. target_sdk_version=37, uses_libraries=ALL, library_path=/data/app/~~vec9fYC93fr_YUACkpId6g==/com.google.android.gms-VMWMMn4LlGKkusRAciG6zQ==/lib/x86_64:/data/app/~~vec9fYC93fr_YUACkpId6g==/com.google.android.gms-VMWMMn4LlGKkusRAciG6zQ==/base.apk!/lib/x86_64, permitted_path=/data:/mnt/expand:/data/user/0/com.google.android.gms
2026-04-23 21:00:53.851 14476-14501 ApplicationLoaders      com.lmsa.app                         D  Returning zygote-cached class loader: /system_ext/framework/androidx.window.extensions.jar
2026-04-23 21:00:53.851 14476-14501 ApplicationLoaders      com.lmsa.app                         D  Returning zygote-cached class loader: /system_ext/framework/androidx.window.sidecar.jar
2026-04-23 21:00:53.858 14476-14501 com.lmsa.app            com.lmsa.app                         W  Loading /data/app/~~vec9fYC93fr_YUACkpId6g==/com.google.android.gms-VMWMMn4LlGKkusRAciG6zQ==/oat/x86_64/base.odex non-executable as it requires an image which we failed to load
2026-04-23 21:00:53.867 14476-14501 nativeloader            com.lmsa.app                         D  Configuring clns-11 for other apk /data/app/~~vec9fYC93fr_YUACkpId6g==/com.google.android.gms-VMWMMn4LlGKkusRAciG6zQ==/base.apk. target_sdk_version=37, uses_libraries=, library_path=/data/app/~~vec9fYC93fr_YUACkpId6g==/com.google.android.gms-VMWMMn4LlGKkusRAciG6zQ==/lib/x86_64:/data/app/~~vec9fYC93fr_YUACkpId6g==/com.google.android.gms-VMWMMn4LlGKkusRAciG6zQ==/base.apk!/lib/x86_64, permitted_path=/data:/mnt/expand:/data/user/0/com.google.android.gms
2026-04-23 21:00:53.907 14476-14505 DisplayManager          com.lmsa.app                         I  Choreographer implicitly registered for the refresh rate.
2026-04-23 21:00:53.944 14476-14505 GFXSTREAM               com.lmsa.app                         I  [eglDisplay.cpp(297)] Opening libGLESv1_CM_emulation.so
2026-04-23 21:00:53.944 14476-14505 GFXSTREAM               com.lmsa.app                         I  [eglDisplay.cpp(297)] Opening libGLESv2_emulation.so
2026-04-23 21:00:53.948 14476-14505 HWUI                    com.lmsa.app                         W  Failed to choose config with EGL_SWAP_BEHAVIOR_PRESERVED, retrying without...
2026-04-23 21:00:53.948 14476-14505 HWUI                    com.lmsa.app                         W  Failed to initialize 101010-2 format, error = EGL_SUCCESS
2026-04-23 21:00:53.994 14476-14476 DesktopExperienceFlags  com.lmsa.app                         D  Toggle override initialized to: false
2026-04-23 21:00:53.995 14476-14501 DynamiteModule          com.lmsa.app                         I  Considering local module com.google.android.gms.ads.dynamite:0 and remote module com.google.android.gms.ads.dynamite:260480602
2026-04-23 21:00:53.995 14476-14501 DynamiteModule          com.lmsa.app                         I  Selected remote version of com.google.android.gms.ads.dynamite, version >= 260480602
2026-04-23 21:00:53.996 14476-14501 DynamiteModule          com.lmsa.app                         V  Dynamite loader version >= 2, using loadModule2NoCrashUtils
2026-04-23 21:00:53.996 14476-14508 DynamiteModule          com.lmsa.app                         W  Local module descriptor class for com.google.android.gms.measurement.dynamite not found.
2026-04-23 21:00:53.998 14476-14508 DynamiteModule          com.lmsa.app                         I  Considering local module com.google.android.gms.measurement.dynamite:0 and remote module com.google.android.gms.measurement.dynamite:185
2026-04-23 21:00:53.998 14476-14508 DynamiteModule          com.lmsa.app                         I  Selected remote version of com.google.android.gms.measurement.dynamite, version >= 185
2026-04-23 21:00:53.998 14476-14508 DynamiteModule          com.lmsa.app                         V  Dynamite loader version >= 2, using loadModule2NoCrashUtils
2026-04-23 21:00:54.010 14476-14508 System                  com.lmsa.app                         W  ClassLoader referenced unknown path: 
2026-04-23 21:00:54.011 14476-14508 nativeloader            com.lmsa.app                         D  Configuring clns-12 for other apk . target_sdk_version=37, uses_libraries=, library_path=/data/app/~~vec9fYC93fr_YUACkpId6g==/com.google.android.gms-VMWMMn4LlGKkusRAciG6zQ==/lib/x86_64:/data/app/~~vec9fYC93fr_YUACkpId6g==/com.google.android.gms-VMWMMn4LlGKkusRAciG6zQ==/base.apk!/lib/x86_64, permitted_path=/data:/mnt/expand:/data/user/0/com.google.android.gms
2026-04-23 21:00:54.013 14476-14476 AppCompatDelegate       com.lmsa.app                         D  Checking for metadata for AppLocalesMetadataHolderService : Service not found
2026-04-23 21:00:54.033 14476-14476 CompatChangeReporter    com.lmsa.app                         D  Compat change id reported: 377864165; UID 10237; state: ENABLED
2026-04-23 21:00:54.033 14476-14476 DesktopModeFlags        com.lmsa.app                         D  Toggle override initialized to: OVERRIDE_UNSET
2026-04-23 21:00:54.091 14476-14508 DynamiteModule          com.lmsa.app                         W  Local module descriptor class for com.google.android.gms.measurement.dynamite not found.
2026-04-23 21:00:54.116 14476-14476 com.lmsa.app            com.lmsa.app                         I  hiddenapi: Accessing hidden method Landroid/view/ViewGroup;->makeOptionalFitsSystemWindows()V (runtime_flags=0, domain=platform, api=unsupported) from Landroidx/appcompat/widget/ViewUtils; (domain=app, TargetSdkVersion=36) using reflection: allowed
2026-04-23 21:00:54.142 14476-14476 WebViewFactory          com.lmsa.app                         I  Loading com.google.android.webview version 145.0.7632.45 (code 763204538)
2026-04-23 21:00:54.144  1274-8377  PhenotypeResourceReader com.google.android.gms.persistent    I  unable to find any Phenotype resource metadata for com.lmsa.app
2026-04-23 21:00:54.147 14476-14476 ResourcesManager        com.lmsa.app                         V  The following library key has been added: ResourcesKey{ mHash=6deb663f mResDir=null mSplitDirs=[] mOverlayDirs=[] mLibDirs=[/data/app/~~SRpTDepN5z9xkPBtqVvp-Q==/com.google.android.webview-D67mMC3w8zrn1tK99UW9ag==/WebViewGoogle.apk,/data/app/~~oAn4M-MEwLoDo-zcXfORew==/com.google.android.trichromelibrary_763204538--vDTjwJs28Xd2AsNhFiBeg==/TrichromeLibrary.apk,/system_ext/framework/androidx.window.extensions.jar] mDisplayId=0 mOverrideConfig=v37 mCompatInfo={420dpi always-compat} mLoaders=[]}
2026-04-23 21:00:54.149 14476-14476 com.lmsa.app            com.lmsa.app                         W  Failed to find entry 'classes.dex': Entry not found
2026-04-23 21:00:54.149 14476-14476 nativeloader            com.lmsa.app                         D  Configuring clns-13 for other apk /data/app/~~oAn4M-MEwLoDo-zcXfORew==/com.google.android.trichromelibrary_763204538--vDTjwJs28Xd2AsNhFiBeg==/TrichromeLibrary.apk. target_sdk_version=36, uses_libraries=ALL, library_path=/data/app/~~SRpTDepN5z9xkPBtqVvp-Q==/com.google.android.webview-D67mMC3w8zrn1tK99UW9ag==/lib/x86_64:/data/app/~~SRpTDepN5z9xkPBtqVvp-Q==/com.google.android.webview-D67mMC3w8zrn1tK99UW9ag==/WebViewGoogle.apk!/lib/x86_64:/data/app/~~oAn4M-MEwLoDo-zcXfORew==/com.google.android.trichromelibrary_763204538--vDTjwJs28Xd2AsNhFiBeg==/TrichromeLibrary.apk!/lib/x86_64, permitted_path=/data:/mnt/expand
2026-04-23 21:00:54.154 14476-14476 ApplicationLoaders      com.lmsa.app                         D  Returning zygote-cached class loader: /system_ext/framework/androidx.window.extensions.jar
2026-04-23 21:00:54.157 14476-14514 com.lmsa.app            com.lmsa.app                         I  hiddenapi: Accessing hidden method Ldalvik/system/VMStack;->getStackClass2()Ljava/lang/Class; (runtime_flags=0, domain=core-platform, api=unsupported) from Lm7/apn; (domain=app, TargetSdkVersion=36) using reflection: allowed
2026-04-23 21:00:54.159 14476-14476 nativeloader            com.lmsa.app                         D  Configuring clns-14 for other apk /data/app/~~SRpTDepN5z9xkPBtqVvp-Q==/com.google.android.webview-D67mMC3w8zrn1tK99UW9ag==/WebViewGoogle.apk. target_sdk_version=36, uses_libraries=, library_path=/data/app/~~SRpTDepN5z9xkPBtqVvp-Q==/com.google.android.webview-D67mMC3w8zrn1tK99UW9ag==/lib/x86_64:/data/app/~~SRpTDepN5z9xkPBtqVvp-Q==/com.google.android.webview-D67mMC3w8zrn1tK99UW9ag==/WebViewGoogle.apk!/lib/x86_64:/data/app/~~oAn4M-MEwLoDo-zcXfORew==/com.google.android.trichromelibrary_763204538--vDTjwJs28Xd2AsNhFiBeg==/TrichromeLibrary.apk!/lib/x86_64, permitted_path=/data:/mnt/expand
2026-04-23 21:00:54.178 14476-14513 com.lmsa.app            com.lmsa.app                         E  No package ID 6a found for resource ID 0x6a0b0013.
2026-04-23 21:00:54.179 14476-14513 FA                      com.lmsa.app                         I  App measurement initialized, version: 161007
2026-04-23 21:00:54.179 14476-14513 FA                      com.lmsa.app                         I  To enable debug logging run: adb shell setprop log.tag.FA VERBOSE
2026-04-23 21:00:54.179 14476-14513 FA                      com.lmsa.app                         I  To enable faster debug mode event logging run:
                                                                                                      adb shell setprop debug.firebase.analytics.app com.lmsa.app
2026-04-23 21:00:54.183 14476-14513 FA                      com.lmsa.app                         E  Missing google_app_id. Firebase Analytics disabled. See https://goo.gl/NAOOOI
2026-04-23 21:00:54.183 14476-14513 FA                      com.lmsa.app                         E  Uploading is not possible. App measurement disabled
2026-04-23 21:00:54.185 14476-14476 cr_WVCFactoryProvider   com.lmsa.app                         I  version=145.0.7632.45 (763204538) minSdkVersion=29 multiprocess=true packageId=2 splits=<none>
2026-04-23 21:00:54.205 14476-14476 nativeloader            com.lmsa.app                         D  Load /data/app/~~oAn4M-MEwLoDo-zcXfORew==/com.google.android.trichromelibrary_763204538--vDTjwJs28Xd2AsNhFiBeg==/TrichromeLibrary.apk!/lib/x86_64/libmonochrome_64.so using class loader ns clns-14 (caller=/data/app/~~SRpTDepN5z9xkPBtqVvp-Q==/com.google.android.webview-D67mMC3w8zrn1tK99UW9ag==/WebViewGoogle.apk): ok
2026-04-23 21:00:54.208 14476-14476 nativeloader            com.lmsa.app                         D  Load /system/lib64/libwebviewchromium_plat_support.so using class loader ns clns-14 (caller=/data/app/~~SRpTDepN5z9xkPBtqVvp-Q==/com.google.android.webview-D67mMC3w8zrn1tK99UW9ag==/WebViewGoogle.apk): ok
2026-04-23 21:00:54.212 14476-14518 chromium                com.lmsa.app                         E  [0423/210054.212600:ERROR:android_webview/browser/variations/variations_seed_loader.cc:39] Seed missing signature.
2026-04-23 21:00:54.212 14476-14518 chromium                com.lmsa.app                         I  [0423/210054.212802:INFO:android_webview/browser/variations/variations_seed_loader.cc:67] Failed to open file for reading.: No such file or directory (2)
2026-04-23 21:00:54.219 14476-14476 cr_LibraryLoader        com.lmsa.app                         I  Successfully loaded native library
2026-04-23 21:00:54.219 14476-14476 cr_CachingUmaRecorder   com.lmsa.app                         I  Flushed 18 samples from 18 histograms, 0 samples were dropped.
2026-04-23 21:00:54.224 14476-14476 cr_ChildProcLH          com.lmsa.app                         I  ScopedServiceBindingBatch.tryActivate: false
2026-04-23 21:00:54.226 14476-14476 cr_CombinedPProvider    com.lmsa.app                         I  #registerProvider() provider:WV.qk@908f28b isPolicyCacheEnabled:false policyProvidersSize:0
2026-04-23 21:00:54.227 14476-14476 cr_PolicyProvider       com.lmsa.app                         I  #setManagerAndSource() 0
2026-04-23 21:00:54.229 14476-14476 cr_DisplayManager       com.lmsa.app                         I  Is Display Topology available: false
2026-04-23 21:00:54.245 14476-14476 cr_CombinedPProvider    com.lmsa.app                         I  #linkNativeInternal() 1
2026-04-23 21:00:54.247 14476-14476 cr_AppResProvider       com.lmsa.app                         I  #getApplicationRestrictionsFromUserManager() Bundle[EMPTY_PARCEL]
2026-04-23 21:00:54.247 14476-14476 cr_PolicyProvider       com.lmsa.app                         I  #notifySettingsAvailable() 0
2026-04-23 21:00:54.247 14476-14476 cr_CombinedPProvider    com.lmsa.app                         I  #onSettingsAvailable() 0
2026-04-23 21:00:54.248 14476-14476 cr_CombinedPProvider    com.lmsa.app                         I  #flushPolicies()
2026-04-23 21:00:54.253   688-721   ActivityManager         system_server                        I  Start proc 14522:com.google.android.webview:sandboxed_process0:org.chromium.content.app.SandboxedProcessService0:0/u0i22 for bound-service {com.lmsa.app/org.chromium.content.app.SandboxedProcessService0:0}
2026-04-23 21:00:54.275 14476-14476 chromium                com.lmsa.app                         W  [WARNING:android_webview/browser/network_service/net_helpers.cc:137] HTTP Cache size is: 20971520
2026-04-23 21:00:54.312   688-1969  ConnectivityService     system_server                        D  requestNetwork for uid/pid:10237/14476 activeRequest: null callbackRequest: 331 [NetworkRequest [ REQUEST id=332, [ Capabilities: INTERNET&NOT_RESTRICTED&TRUSTED&NOT_VCN_MANAGED&NOT_BANDWIDTH_CONSTRAINED Uid: 10237 RequestorUid: 10237 RequestorPkg: com.lmsa.app UnderlyingNetworks: Null] ]] callback flags: 0 order: 2147483647 isUidTracked: false declaredMethods: AVAIL|LOST|NC|LP
2026-04-23 21:00:54.315   688-858   WifiNetworkFactory      system_server                        D  got request NetworkRequest [ REQUEST id=332, [ Capabilities: INTERNET&NOT_RESTRICTED&TRUSTED&NOT_VCN_MANAGED&NOT_BANDWIDTH_CONSTRAINED Uid: 10237 RequestorUid: 10237 RequestorPkg: com.lmsa.app UnderlyingNetworks: Null] ]
2026-04-23 21:00:54.315   688-858   UntrustedW...orkFactory system_server                        D  got request NetworkRequest [ REQUEST id=332, [ Capabilities: INTERNET&NOT_RESTRICTED&TRUSTED&NOT_VCN_MANAGED&NOT_BANDWIDTH_CONSTRAINED Uid: 10237 RequestorUid: 10237 RequestorPkg: com.lmsa.app UnderlyingNetworks: Null] ]
2026-04-23 21:00:54.315   688-858   OemPaidWif...orkFactory system_server                        D  got request NetworkRequest [ REQUEST id=332, [ Capabilities: INTERNET&NOT_RESTRICTED&TRUSTED&NOT_VCN_MANAGED&NOT_BANDWIDTH_CONSTRAINED Uid: 10237 RequestorUid: 10237 RequestorPkg: com.lmsa.app UnderlyingNetworks: Null] ]
2026-04-23 21:00:54.315   688-858   MultiInter...orkFactory system_server                        D  got request NetworkRequest [ REQUEST id=332, [ Capabilities: INTERNET&NOT_RESTRICTED&TRUSTED&NOT_VCN_MANAGED&NOT_BANDWIDTH_CONSTRAINED Uid: 10237 RequestorUid: 10237 RequestorPkg: com.lmsa.app UnderlyingNetworks: Null] ]
2026-04-23 21:00:54.418 14476-14537 cr_media                com.lmsa.app                         W  BLUETOOTH_CONNECT permission is missing.
2026-04-23 21:00:54.420 14476-14537 cr_media                com.lmsa.app                         W  getBluetoothAdapter() requires BLUETOOTH permission
2026-04-23 21:00:54.420 14476-14537 cr_media                com.lmsa.app                         W  registerBluetoothIntentsIfNeeded: Requires BLUETOOTH permission
2026-04-23 21:00:54.427 14476-14557 libc                    com.lmsa.app                         W  Access denied finding property "vendor.mesa.log"
2026-04-23 21:00:54.428 14476-14557 libc                    com.lmsa.app                         W  Access denied finding property "vendor.mesa.log.file"
2026-04-23 21:00:54.428 14476-14557 MESA                    com.lmsa.app                         E  Failed to open rendernode: No such file or directory
2026-04-23 21:00:54.428 14476-14557 MESA                    com.lmsa.app                         E  Failed to open rendernode: No such file or directory
2026-04-23 21:00:54.429 14476-14537 AudioSystem             com.lmsa.app                         D  onNewService: media.audio_policy service obtained 0x7d4ad3e48440
2026-04-23 21:00:54.431 14476-14537 AudioSystem             com.lmsa.app                         D  getService: IAudioPolicyService retrieved: 0x7d4ad3e48440  cached: 0x7d4ad3e48440
2026-04-23 21:00:54.433 14476-14557 MESA                    com.lmsa.app                         E  Failed to open rendernode: No such file or directory
2026-04-23 21:00:54.438 14476-14557 MESA                    com.lmsa.app                         E  Failed to open rendernode: No such file or directory
2026-04-23 21:00:54.438 14476-14557 MESA                    com.lmsa.app                         E  Failed to open rendernode: No such file or directory
2026-04-23 21:00:54.439 14476-14557 MESA                    com.lmsa.app                         E  Failed to open rendernode: No such file or directory
2026-04-23 21:00:54.439 14476-14557 MESA                    com.lmsa.app                         E  Failed to open rendernode: No such file or directory
2026-04-23 21:00:54.439 14476-14557 MESA                    com.lmsa.app                         E  Failed to open rendernode: No such file or directory
2026-04-23 21:00:54.440 14476-14557 MESA                    com.lmsa.app                         E  Failed to open rendernode: No such file or directory
2026-04-23 21:00:54.440 14476-14557 libc                    com.lmsa.app                         W  Access denied finding property "vendor.mesa.vk.trace.per.submit"
2026-04-23 21:00:54.440 14476-14557 libc                    com.lmsa.app                         W  Access denied finding property "vendor.mesa.gallium.print.optio"
2026-04-23 21:00:54.440 14476-14557 libc                    com.lmsa.app                         W  Access denied finding property "vendor.mesa.vk.trace.frame"
2026-04-23 21:00:54.449 14476-14557 MESA                    com.lmsa.app                         E  Failed to open rendernode: No such file or directory
2026-04-23 21:00:54.450 14476-14557 libc                    com.lmsa.app                         W  Access denied finding property "vendor.mesa.vk.wsi.headless.swa"
2026-04-23 21:00:54.450 14476-14557 MESA                    com.lmsa.app                         E  Failed to open rendernode: No such file or directory
2026-04-23 21:00:54.451 14476-14557 MESA                    com.lmsa.app                         E  Failed to open rendernode: No such file or directory
2026-04-23 21:00:54.466 14476-14476 DynamiteModule          com.lmsa.app                         I  Considering local module com.google.android.gms.ads.dynamite:0 and remote module com.google.android.gms.ads.dynamite:260480602
2026-04-23 21:00:54.466 14476-14476 DynamiteModule          com.lmsa.app                         I  Selected remote version of com.google.android.gms.ads.dynamite, version >= 260480602
2026-04-23 21:00:54.470 14476-14476 DynamitePackage         com.lmsa.app                         D  Instantiated singleton DynamitePackage.
2026-04-23 21:00:54.470 14476-14476 DynamitePackage         com.lmsa.app                         D  Instantiating com.google.android.gms.ads.ChimeraMobileAdsSettingManagerCreatorImpl
2026-04-23 21:00:54.548   688-1969  ConnectivityService     system_server                        D  requestNetwork for uid/pid:10237/14476 activeRequest: null callbackRequest: 334 [NetworkRequest [ REQUEST id=335, [ Capabilities: INTERNET&NOT_RESTRICTED&TRUSTED&NOT_VCN_MANAGED&NOT_BANDWIDTH_CONSTRAINED Uid: 10237 RequestorUid: 10237 RequestorPkg: com.lmsa.app UnderlyingNetworks: Null] ]] callback flags: 0 order: 2147483647 isUidTracked: false declaredMethods: AVAIL|LOST
2026-04-23 21:00:54.551   688-858   WifiNetworkFactory      system_server                        D  got request NetworkRequest [ REQUEST id=335, [ Capabilities: INTERNET&NOT_RESTRICTED&TRUSTED&NOT_VCN_MANAGED&NOT_BANDWIDTH_CONSTRAINED Uid: 10237 RequestorUid: 10237 RequestorPkg: com.lmsa.app UnderlyingNetworks: Null] ]
2026-04-23 21:00:54.551   688-858   UntrustedW...orkFactory system_server                        D  got request NetworkRequest [ REQUEST id=335, [ Capabilities: INTERNET&NOT_RESTRICTED&TRUSTED&NOT_VCN_MANAGED&NOT_BANDWIDTH_CONSTRAINED Uid: 10237 RequestorUid: 10237 RequestorPkg: com.lmsa.app UnderlyingNetworks: Null] ]
2026-04-23 21:00:54.551   688-858   OemPaidWif...orkFactory system_server                        D  got request NetworkRequest [ REQUEST id=335, [ Capabilities: INTERNET&NOT_RESTRICTED&TRUSTED&NOT_VCN_MANAGED&NOT_BANDWIDTH_CONSTRAINED Uid: 10237 RequestorUid: 10237 RequestorPkg: com.lmsa.app UnderlyingNetworks: Null] ]
2026-04-23 21:00:54.551   688-858   MultiInter...orkFactory system_server                        D  got request NetworkRequest [ REQUEST id=335, [ Capabilities: INTERNET&NOT_RESTRICTED&TRUSTED&NOT_VCN_MANAGED&NOT_BANDWIDTH_CONSTRAINED Uid: 10237 RequestorUid: 10237 RequestorPkg: com.lmsa.app UnderlyingNetworks: Null] ]
2026-04-23 21:00:54.631   688-1534  ActivityTaskManager     system_server                        V  TaskLaunchParamsModifier: phase=3 task=Task{c2b10a8 #210 type=standard A=10237:com.lmsa.app} activity=ActivityRecord{31049621 u0 com.google.android.permissioncontroller/com.android.permissioncontroller.permission.ui.GrantPermissionsActivity t-1} display-area-from-source=DefaultTaskDisplayArea@151661958 display-id=0 task-display-area-windowing-mode=1 suggested-display-area=DefaultTaskDisplayArea@151661958 inherit-from-source=fullscreen non-freeform-task-display-area display-area=DefaultTaskDisplayArea@151661958 skip-bounds-fullscreen
2026-04-23 21:00:54.631   688-1534  ActivityTaskManager     system_server                        I  START u0 {act=android.content.pm.action.REQUEST_PERMISSIONS xflg=0x4 pkg=com.google.android.permissioncontroller cmp=com.google.android.permissioncontroller/com.android.permissioncontroller.permission.ui.GrantPermissionsActivity (has extras)} with LAUNCH_MULTIPLE from uid 10237 (com.lmsa.app) (rr=112351608) (BAL_ALLOW_VISIBLE_WINDOW) result code=0
