2026-04-23 21:00:54.632   969-1028  WindowManagerShell      com.android.systemui                 V  Transition requested (#105): android.os.BinderProxy@b3adce TransitionRequestInfo { type = OPEN, triggerTask = TaskInfo{userId=0 taskId=210 effectiveUid=10237 displayId=0 isRunning=true baseIntent=Intent { act=android.intent.action.MAIN cat=[android.intent.category.LAUNCHER] flg=0x10000000 cmp=com.lmsa.app/.WebViewActivity } baseActivity=ComponentInfo{com.lmsa.app/com.lmsa.app.WebViewActivity} topActivity=ComponentInfo{com.google.android.permissioncontroller/com.android.permissioncontroller.permission.ui.GrantPermissionsActivity} origActivity=null realActivity=ComponentInfo{com.lmsa.app/com.lmsa.app.WebViewActivity} realActivityIsAppLockEnabled=false numActivities=2 lastActiveTime=7382727 supportsMultiWindow=true supportsMultiWindowWithoutConstraints=true resizeMode=1 isResizeable=true minWidth=-1 minHeight=-1 defaultMinSize=220 token=WCT{android.os.BinderProxy@3a4cf9c} topActivityType=1 pictureInPictureParams=null shouldDockBigOverlays=false launchIntoPipHostTaskId=-1 lastParentTaskIdBeforePip=-1 displayCutoutSafeInsets=Rect(0, 0 - 0, 0) topActivityInfo=ActivityInfo{6c9f4ef com.android.permissioncontroller.permission.ui.GrantPermissionsActivity} launchCookies=[] positionInParent=Point(0, 0) parentTaskId=-1 isFocused=true isInteractive=false isVisible=true isVisibleRequested=true isTopActivityNoDisplay=false isSleeping=false locusId=null displayAreaFeatureId=1 isTopActivityTransparent=true isActivityStackTransparent=false lastNonFullscreenBounds=null leafTaskBoundsFromOptions= false capturedLink=null capturedLinkTimestamp=0 requestedVisibleTypes=503 topActivityRequestOpenInBrowserEducationTimestamp=0 appCompatTaskInfo=AppCompatTaskInfo { topActivityInSizeCompat=false isLeafTask= true eligibleForLetterboxEducation= false isLetterboxEducationEnabled= true isLetterboxDoubleTapEnabled= false eligibleForUserAspectRatioButton= false topActivityBoundsLetterboxed= false isFromLetterboxDoubleTap= false topActivityLetterboxVerticalPosition= -1 topActivityLetterboxHorizontalPosition= -1 topActivityLetterboxWidth=-1 topActivityLetterboxHeight=-1 topActivityAppBounds=Rect(0, 0 - 1080, 2400) isUserFullscreenOverrideEnabled=false isSystemFullscreenOverrideEnabled=false hasMinAspectRatioOverride=false topActivityLetterboxBounds=null topNonResizableActivityAspectRatio=-1.0} topActivityMainWindowFrame=null isAppBubble=false}, pipChange = null, remoteTransitionInfo = null, displayChange = null, requestedLocation = null, userChange = null, windowingLayerChange = null, fullscreenRequestChange = null, flags = 0, debugId = 105 }
2026-04-23 21:00:54.653 14476-14476 BillingClient           com.lmsa.app                         W  Client is already in the process of connecting to billing service.
2026-04-23 21:00:54.656 14476-14513 FA                      com.lmsa.app                         I  Tag Manager is not found and thus will not be used
2026-04-23 21:00:54.666 14476-14476 LMSA_WebView            com.lmsa.app                         D  Deferring App Open ad display until billing entitlement resolves
2026-04-23 21:00:54.668   688-1969  MediaFocusControl       system_server                        I  abandonAudioFocus() from uid/pid 10237/14476 clientId=android.media.AudioManager@b630f4fcom.lmsa.app.WebViewActivity$$ExternalSyntheticLambda32@df1c6dc callingPack=com.lmsa.app
2026-04-23 21:00:54.668 14476-14476 LMSA_WebView            com.lmsa.app                         D  Creating TextToSpeech instance
2026-04-23 21:00:54.672 14476-14476 TextToSpeech            com.lmsa.app                         I  Sucessfully bound to com.google.android.tts
2026-04-23 21:00:54.672 14476-14476 LMSA_WebView            com.lmsa.app                         D  TTS engine re-initialization started on resume
2026-04-23 21:00:54.679 14476-14476 HWUI                    com.lmsa.app                         W  Unknown dataspace 0
2026-04-23 21:00:54.693 14476-14476 InsetsController        com.lmsa.app                         D  Setting requestedVisibleTypes to 496 (was 503)
2026-04-23 21:00:54.711 14476-14476 Choreographer           com.lmsa.app                         I  Skipped 48 frames!  The application may be doing too much work on its main thread.
2026-04-23 21:00:54.714 14476-14594 CameraManagerGlobal     com.lmsa.app                         I  Connecting to camera service
2026-04-23 21:00:54.715 14476-14476 WindowOnBackDispatcher  com.lmsa.app                         D  setTopOnBackInvokedCallback (unwrapped): android.app.Activity$$ExternalSyntheticLambda0@11f4727
2026-04-23 21:00:54.715 14476-14476 WindowOnBackDispatcher  com.lmsa.app                         D  setTopOnBackInvokedCallback (unwrapped): androidx.activity.OnBackPressedDispatcher$Api34Impl$createOnBackAnimationCallback$1@f2bbb7d
2026-04-23 21:00:54.716   688-1969  CoreBackPreview         system_server                        D  Window{83d785a u0 com.lmsa.app/com.lmsa.app.WebViewActivity}: Setting back callback OnBackInvokedCallbackInfo{mCallback=android.window.IOnBackInvokedCallback$Stub$Proxy@492b8b2, mPriority=-1, mIsAnimationCallback=false, mOverrideBehavior=0}
2026-04-23 21:00:54.717   688-1969  CoreBackPreview         system_server                        D  Window{83d785a u0 com.lmsa.app/com.lmsa.app.WebViewActivity}: Setting back callback OnBackInvokedCallbackInfo{mCallback=android.window.IOnBackInvokedCallback$Stub$Proxy@26b1003, mPriority=0, mIsAnimationCallback=true, mOverrideBehavior=0}
2026-04-23 21:00:54.725 14476-14476 VRI[WebViewActivity]    com.lmsa.app                         D  WindowInsets changed: 1080x2400 statusBars:[0,121,0,0] navigationBars:[0,0,0,63] mandatorySystemGestures:[0,153,0,84] 
2026-04-23 21:00:54.738   688-1969  WindowManager           system_server                        D  setClientSurface Surface(name=VRI-com.lmsa.app/com.lmsa.app.WebViewActivity#988)/@0xbc8eb80 for 83d785a com.lmsa.app/com.lmsa.app.WebViewActivity
2026-04-23 21:00:54.741 14476-14476 Surface                 com.lmsa.app                         I  Creating surface for consumer unnamed-14476-0 with slotExpansion=1 for 64 slots
2026-04-23 21:00:54.742 14476-14476 Surface                 com.lmsa.app                         I  Creating surface for consumer VRI[WebViewActivity]#0(BLAST Consumer)0 with slotExpansion=1 for 64 slots
2026-04-23 21:00:54.745 14476-14476 VRI[WebViewActivity]    com.lmsa.app                         D  WindowInsets changed: statusBars:null navigationBars:null 
2026-04-23 21:00:54.748 14476-14476 LMSA_WebView            com.lmsa.app                         D  Updated system gesture exclusion rects: Rect(0, 937 - 105, 1462)
2026-04-23 21:00:54.847  2305-2633  Finsky                  com.android.vending                  I  [52] com.lmsa.app: Account from first account - [ALMcM1m5Ns6Ba1X64AKCj5PQ6ioXwdEB6jM5XOp2kiU]
2026-04-23 21:00:54.847  2305-2633  Finsky                  com.android.vending                  I  [52] Billing preferred account via installer for com.lmsa.app: [ALMcM1m5Ns6Ba1X64AKCj5PQ6ioXwdEB6jM5XOp2kiU]
2026-04-23 21:00:54.850 14476-14496 HWUI                    com.lmsa.app                         I  Davey! duration=908ms; Flags=1, FrameTimelineVsyncId=815606, IntendedVsync=7382007330674, Vsync=7382807330642, InputEventId=0, HandleInputStart=7382808740500, AnimationStart=7382808751900, PerformTraversalsStart=7382810980200, DrawStart=7382858245800, FrameDeadline=7382023997340, FrameStartTime=7382808442000, FrameInterval=16666666, WorkloadTarget=16666666, SyncQueued=7382865358200, SyncStart=7382891507100, IssueDrawCommandsStart=7382891899400, SwapBuffers=7382923575300, FrameCompleted=7382941542700, DequeueBufferDuration=13600, QueueBufferDuration=249200, GpuCompleted=7382941542700, SwapBuffersCompleted=7382926119600, DisplayPresentTime=0, CommandSubmissionCompleted=7382923575300, 
2026-04-23 21:00:54.852  2305-2651  Finsky                  com.android.vending                  I  [56] com.lmsa.app: Account from first account - [ALMcM1m5Ns6Ba1X64AKCj5PQ6ioXwdEB6jM5XOp2kiU]
2026-04-23 21:00:54.852  2305-2651  Finsky                  com.android.vending                  I  [56] Billing preferred account via installer for com.lmsa.app: [ALMcM1m5Ns6Ba1X64AKCj5PQ6ioXwdEB6jM5XOp2kiU]
2026-04-23 21:00:54.870 14476-14476 TextToSpeech            com.lmsa.app                         W  isSpeaking failed: not bound to TTS engine
2026-04-23 21:00:54.888 14476-14601 LMSA_WebView            com.lmsa.app                         D  Startup billing entitlement resolved via queryPurchases
2026-04-23 21:00:54.949   688-816   ImeTracker              system_server                        I  com.lmsa.app:30461357: onRequestHide at ORIGIN_SERVER reason HIDE_UNSPECIFIED_WINDOW fromUser false userId 0 displayId 0
2026-04-23 21:00:54.951   688-769   ImeTracker              system_server                        I  com.lmsa.app:1f2c887: onRequestHide at ORIGIN_SERVER reason HIDE_SOFT_INPUT fromUser false userId 0 displayId 0
2026-04-23 21:00:54.952   688-769   ImeTracker              system_server                        I  com.lmsa.app:1f2c887: onCancelled at PHASE_SERVER_SHOULD_HIDE
2026-04-23 21:00:54.958  2017-2017  GoogleInpu...hodService com...gle.android.inputmethod.latin  I  GoogleInputMethodService.onStartInput():1384 onStartInput(EditorInfo{EditorInfo{packageName=com.lmsa.app, inputType=0, inputTypeString=NULL, enableLearning=false, autoCorrection=false, autoComplete=false, imeOptions=0, privateImeOptions=null, actionName=UNSPECIFIED, actionLabel=null, initialSelStart=-1, initialSelEnd=-1, initialCapsMode=0, label=null, fieldId=0, fieldName=null, extras=null, hintText=null, hintLocales=[]}}, false)
2026-04-23 21:00:54.963   688-1969  PackageConfigPersister  system_server                        W  App-specific configuration not found for packageName: com.lmsa.app and userId: 0
2026-04-23 21:00:55.015 14476-14476 InsetsController        com.lmsa.app                         D  hide(ime())
2026-04-23 21:00:55.015 14476-14476 ImeTracker              com.lmsa.app                         I  com.lmsa.app:30461357: onCancelled at PHASE_CLIENT_ALREADY_HIDDEN
2026-04-23 21:00:55.087  1233-1233  GrantPermi...sViewModel com....android.permissioncontroller  I  Permission grant result requestId=-698321891402630495 callingUid=10237 callingPackage=com.lmsa.app permission=android.permission.READ_EXTERNAL_STORAGE isImplicit=false result=1 isPermissionRationaleShown=falseisPackageRestrictedByEnhancedConfirmation=false
2026-04-23 21:00:55.098   688-711   WindowManager           system_server                        V  Sent Transition (#105) createdAt=04-23 21:00:54.628 via request=TransitionRequestInfo { type = OPEN, triggerTask = TaskInfo{userId=0 taskId=210 effectiveUid=10237 displayId=0 isRunning=true baseIntent=Intent { act=android.intent.action.MAIN cat=[android.intent.category.LAUNCHER] flg=0x10000000 cmp=com.lmsa.app/.WebViewActivity } baseActivity=ComponentInfo{com.lmsa.app/com.lmsa.app.WebViewActivity} topActivity=ComponentInfo{com.google.android.permissioncontroller/com.android.permissioncontroller.permission.ui.GrantPermissionsActivity} origActivity=null realActivity=ComponentInfo{com.lmsa.app/com.lmsa.app.WebViewActivity} realActivityIsAppLockEnabled=false numActivities=2 lastActiveTime=7382727 supportsMultiWindow=true supportsMultiWindowWithoutConstraints=true resizeMode=1 isResizeable=true minWidth=-1 minHeight=-1 defaultMinSize=220 token=WCT{RemoteToken{9946fe7 Task{c2b10a8 #210 type=standard A=10237:com.lmsa.app}}} topActivityType=1 pictureInPictureParams=null shouldDockBigOverlays=false launchIntoPipHostTaskId=-1 lastParentTaskIdBeforePip=-1 displayCutoutSafeInsets=Rect(0, 0 - 0, 0) topActivityInfo=ActivityInfo{7896772 com.android.permissioncontroller.permission.ui.GrantPermissionsActivity} launchCookies=[] positionInParent=Point(0, 0) parentTaskId=-1 isFocused=true isInteractive=false isVisible=true isVisibleRequested=true isTopActivityNoDisplay=false isSleeping=false locusId=null displayAreaFeatureId=1 isTopActivityTransparent=true isActivityStackTransparent=false lastNonFullscreenBounds=null leafTaskBoundsFromOptions= false capturedLink=null capturedLinkTimestamp=0 requestedVisibleTypes=503 topActivityRequestOpenInBrowserEducationTimestamp=0 appCompatTaskInfo=AppCompatTaskInfo { topActivityInSizeCompat=false isLeafTask= true eligibleForLetterboxEducation= false isLetterboxEducationEnabled= true isLetterboxDoubleTapEnabled= false eligibleForUserAspectRatioButton= false topActivityBoundsLetterboxed= false isFromLetterboxDoubleTap= false topActivityLetterboxVerticalPosition= -1 topActivityLetterboxHorizontalPosition= -1 topActivityLetterboxWidth=-1 topActivityLetterboxHeight=-1 topActivityAppBounds=Rect(0, 0 - 1080, 2400) isUserFullscreenOverrideEnabled=false isSystemFullscreenOverrideEnabled=false hasMinAspectRatioOverride=false topActivityLetterboxBounds=null topNonResizableActivityAspectRatio=-1.0} topActivityMainWindowFrame=null isAppBubble=false}, pipChange = null, remoteTransitionInfo = null, displayChange = null, requestedLocation = null, userChange = null, windowingLayerChange = null, fullscreenRequestChange = null, flags = 0, debugId = 105 }
2026-04-23 21:00:55.098   688-711   WindowManager           system_server                        V      info={id=105 t=OPEN f=0x0 trk=0 r=[0@Point(0, 0)] c=[
                                                                                                            {m=OPEN f=TRANSLUCENT|FILLS_TASK p=WCT{RemoteToken{9946fe7 Task{c2b10a8 #210 type=standard A=10237:com.lmsa.app}}} leash=Surface(name=ActivityRecord{31049621 u0 com.google.android.permissioncontroller/com.android.permissioncontroller.permission.ui.GrantPermissionsActivity t210}#986)/@0x3d00f1a sb=Rect(0, 0 - 0, 0) eb=Rect(0, 0 - 1080, 2400) epz=Point(1080, 2400) d=-1->0 r=-1->0:-1 bc=ffededf6 activity=ActivityTransitionInfo { component = ComponentInfo{com.google.android.permissioncontroller/com.android.permissioncontroller.permission.ui.GrantPermissionsActivity}, taskId = 210, appCompatTransitionInfo = null }},
                                                                                                            {WCT{RemoteToken{9946fe7 Task{c2b10a8 #210 type=standard A=10237:com.lmsa.app}}} m=CHANGE f=NONE leash=Surface(name=Task=210#978)/@0x7bf9da sb=Rect(0, 0 - 1080, 2400) eb=Rect(0, 0 - 1080, 2400) epz=Point(1080, 2400) d=0 taskParent=-1 winMode=1 userId=0}
                                                                                                        ]}
2026-04-23 21:00:55.140 14476-14476 chromium                com.lmsa.app                         I  [INFO:CONSOLE:19] "TTSService created, Android available: true", source: file:///android_asset/LMSA/js/tts-service.js (19)
2026-04-23 21:00:55.162 14476-14605 InteractionJankMonitor  com.lmsa.app                         W  Initializing without READ_DEVICE_CONFIG permission. enabled=false, interval=1, missedFrameThreshold=3, frameTimeThreshold=64, package=com.lmsa.app
2026-04-23 21:00:55.168 14476-14476 chromium                com.lmsa.app                         I  [INFO:CONSOLE:27] "Loading modals...", source: file:///android_asset/LMSA/js/components/modal-loader.js (27)
2026-04-23 21:00:55.178 14476-14476 VRI[WebViewActivity]    com.lmsa.app                         D  WindowInsets changed: statusBars:[0,121,0,0] navigationBars:[0,0,0,63] 
2026-04-23 21:00:55.181 14476-14476 LMSA_WebView            com.lmsa.app                         D  Updated system gesture exclusion rects: Rect(0, 906 - 105, 1431)
2026-04-23 21:00:55.224 14476-14612 HWUI                    com.lmsa.app                         I  Using FreeType backend (prop=Auto)
2026-04-23 21:00:55.268   688-769   MediaFocusControl       system_server                        I  abandonAudioFocus() from uid/pid 10237/14476 clientId=android.media.AudioManager@b630f4fcom.lmsa.app.WebViewActivity$$ExternalSyntheticLambda32@df1c6dc callingPack=com.lmsa.app
2026-04-23 21:00:55.269 14476-14476 LMSA_WebView            com.lmsa.app                         D  Creating TextToSpeech instance
2026-04-23 21:00:55.270 14476-14476 TextToSpeech            com.lmsa.app                         I  Sucessfully bound to com.google.android.tts
2026-04-23 21:00:55.270 14476-14476 LMSA_WebView            com.lmsa.app                         D  TTS engine re-initialization started on resume
2026-04-23 21:00:55.279 14476-14476 chromium                com.lmsa.app                         I  [INFO:CONSOLE:43] "Modals loaded successfully", source: file:///android_asset/LMSA/js/components/modal-loader.js (43)
2026-04-23 21:00:55.297   688-816   ImeTracker              system_server                        I  com.lmsa.app:6b710139: onRequestHide at ORIGIN_SERVER reason HIDE_SAME_WINDOW_FOCUSED_WITHOUT_EDITOR fromUser false userId 0 displayId 0
2026-04-23 21:00:55.301 14476-14476 VRI[WebViewActivity]    com.lmsa.app                         D  WindowInsets changed: statusBars:null navigationBars:null 
2026-04-23 21:00:55.303 14476-14476 LMSA_WebView            com.lmsa.app                         D  Updated system gesture exclusion rects: Rect(0, 937 - 105, 1462)
2026-04-23 21:00:55.305 14476-14476 InsetsController        com.lmsa.app                         D  hide(ime())
2026-04-23 21:00:55.308 14476-14476 ImeTracker              com.lmsa.app                         I  com.lmsa.app:6b710139: onCancelled at PHASE_CLIENT_ALREADY_HIDDEN
2026-04-23 21:00:55.310  2017-2017  GoogleInpu...hodService com...gle.android.inputmethod.latin  I  GoogleInputMethodService.onStartInput():1384 onStartInput(EditorInfo{EditorInfo{packageName=com.lmsa.app, inputType=0, inputTypeString=NULL, enableLearning=false, autoCorrection=false, autoComplete=false, imeOptions=0, privateImeOptions=null, actionName=UNSPECIFIED, actionLabel=null, initialSelStart=-1, initialSelEnd=-1, initialCapsMode=0, label=null, fieldId=0, fieldName=null, extras=null, hintText=null, hintLocales=[]}}, false)
2026-04-23 21:00:55.325   688-706   PackageConfigPersister  system_server                        W  App-specific configuration not found for packageName: com.lmsa.app and userId: 0
2026-04-23 21:00:55.353 14476-14476 chromium                com.lmsa.app                         I  [INFO:CONSOLE:72] "Premium status updated: true", source: file:///android_asset/LMSA/js/android-interface.js (72)
2026-04-23 21:00:55.474 14476-14476 chromium                com.lmsa.app                         I  [INFO:CONSOLE:1917] "[Biometric] Event listener attached to require-biometric checkbox", source: file:///android_asset/LMSA/js/settings-manager.js (1917)
2026-04-23 21:00:55.477   688-1534  BiometricS...reAuthInfo system_server                        D  Package: com.lmsa.app Sensor ID: 0 Modality: 2 User id: 0 Status: 7
2026-04-23 21:00:55.505   688-1534  BiometricS...reAuthInfo system_server                        D  Package: com.lmsa.app Sensor ID: 0 Modality: 2 User id: 0 Status: 7
2026-04-23 21:00:55.529 14476-14586 LMSA_WebView            com.lmsa.app                         D  Successfully saved data to internal storage: chatHistory
2026-04-23 21:00:55.562 14476-14476 chromium                com.lmsa.app                         I  [INFO:CONSOLE:95] "Performing silent model check...", source: file:///android_asset/LMSA/js/model-manager.js (95)
2026-04-23 21:00:55.567 14476-14476 chromium                com.lmsa.app                         I  [INFO:CONSOLE:233] "Loading model information from server...", source: file:///android_asset/LMSA/js/model-manager.js (233)
2026-04-23 21:00:55.596 14476-14606 TextToSpeech            com.lmsa.app                         I  Connected to TTS engine
2026-04-23 21:00:55.596 14476-14496 TextToSpeech            com.lmsa.app                         I  Connected to TTS engine
2026-04-23 21:00:55.762 14476-14622 TextToSpeech            com.lmsa.app                         I  Setting up the connection to TTS engine...
2026-04-23 21:00:55.767 14476-14623 TextToSpeech            com.lmsa.app                         I  Setting up the connection to TTS engine...
2026-04-23 21:00:55.866 14476-14476 chromium                com.lmsa.app                         I  [INFO:CONSOLE:235] "KaTeX loaded successfully", source: file:///android_asset/LMSA/js/external-libs-loader.js (235)
2026-04-23 21:00:55.868 14476-14476 chromium                com.lmsa.app                         I  [INFO:CONSOLE:82] "Initializing OpenRouter Key Required Modal...", source: file:///android_asset/LMSA/js/components/modals/openrouter-key-required-modal.js (82)
2026-04-23 21:00:55.869 14476-14476 chromium                com.lmsa.app                         I  [INFO:CONSOLE:120] "OpenRouter Key Required Modal initialized successfully", source: file:///android_asset/LMSA/js/components/modals/openrouter-key-required-modal.js (120)
2026-04-23 21:00:55.869 14476-14476 chromium                com.lmsa.app                         I  [INFO:CONSOLE:88] "Initializing Smart Reply Warning Modal...", source: file:///android_asset/LMSA/js/components/modals/smart-reply-warning-modal.js (88)
2026-04-23 21:00:55.869 14476-14476 chromium                com.lmsa.app                         I  [INFO:CONSOLE:136] "Smart Reply Warning Modal initialized successfully", source: file:///android_asset/LMSA/js/components/modals/smart-reply-warning-modal.js (136)
2026-04-23 21:00:55.869 14476-14476 chromium                com.lmsa.app                         I  [INFO:CONSOLE:111] "Initializing OpenRouter Warning Modal...", source: file:///android_asset/LMSA/js/components/modals/openrouter-warning-modal.js (111)
2026-04-23 21:00:55.869 14476-14476 chromium                com.lmsa.app                         I  [INFO:CONSOLE:155] "OpenRouter Warning Modal initialized successfully", source: file:///android_asset/LMSA/js/components/modals/openrouter-warning-modal.js (155)
2026-04-23 21:00:55.869 14476-14476 chromium                com.lmsa.app                         I  [INFO:CONSOLE:98] "Initializing Biometric Unavailable Modal...", source: file:///android_asset/LMSA/js/components/modals/biometric-unavailable-modal.js (98)
2026-04-23 21:00:55.869 14476-14476 chromium                com.lmsa.app                         I  [INFO:CONSOLE:124] "Biometric Unavailable Modal initialized", source: file:///android_asset/LMSA/js/components/modals/biometric-unavailable-modal.js (124)
2026-04-23 21:00:55.869 14476-14476 chromium                com.lmsa.app                         I  [INFO:CONSOLE:461] "Pre-initializing TTS service...", source: file:///android_asset/LMSA/js/main.js (461)
2026-04-23 21:00:55.869 14476-14476 chromium                com.lmsa.app                         I  [INFO:CONSOLE:110] "Calling AndroidTTS.initializeTTS()", source: file:///android_asset/LMSA/js/tts-service.js (110)
2026-04-23 21:00:55.885 14476-14476 LMSA_WebView            com.lmsa.app                         D  TTS initialization already in progress for 616ms; keeping current attempt
2026-04-23 21:00:55.900 14476-14476 chromium                com.lmsa.app                         I  [INFO:CONSOLE:72] "Premium status updated: true", source: file:///android_asset/LMSA/js/android-interface.js (72)
2026-04-23 21:00:55.911 14476-14488 com.lmsa.app            com.lmsa.app                         I  Compiler allocated 5236KB to compile void android.view.ViewRootImpl.performTraversals(long)
2026-04-23 21:00:56.058 14476-14476 LMSA_WebView            com.lmsa.app                         D  Audio attributes set for TTS with USAGE_MEDIA/CONTENT_TYPE_SPEECH
2026-04-23 21:00:56.058 14476-14476 LMSA_WebView            com.lmsa.app                         D  TTS initialized successfully with optimized settings and audio attributes
2026-04-23 21:00:56.058 14476-14476 chromium                com.lmsa.app                         I  [INFO:CONSOLE:604] "[Settings Scroll Fix] Applied touch scrolling styles to settings-content-wrapper", source: file:///android_asset/LMSA/index.html (604)
2026-04-23 21:00:56.141 14476-14476 LMSA_WebView            com.lmsa.app                         D  Audio attributes set for TTS with USAGE_MEDIA/CONTENT_TYPE_SPEECH
2026-04-23 21:00:56.141 14476-14476 LMSA_WebView            com.lmsa.app                         D  TTS initialized successfully with optimized settings and audio attributes
2026-04-23 21:00:56.145 14476-14476 chromium                com.lmsa.app                         I  [INFO:CONSOLE:79] "TTS initialization callback received: true", source: file:///android_asset/LMSA/js/tts-service.js (79)
2026-04-23 21:00:56.146 14476-14476 chromium                com.lmsa.app                         I  [INFO:CONSOLE:82] "Android TTS initialized successfully", source: file:///android_asset/LMSA/js/tts-service.js (82)
2026-04-23 21:00:56.370 14476-14476 chromium                com.lmsa.app                         I  [INFO:CONSOLE:264] "OpenRouter models loaded: 351", source: file:///android_asset/LMSA/js/api-service.js (264)
2026-04-23 21:00:56.370 14476-14476 chromium                com.lmsa.app                         I  [INFO:CONSOLE:291] "OpenRouter models loaded - active model: openrouter/free", source: file:///android_asset/LMSA/js/api-service.js (291)
2026-04-23 21:00:56.371 14476-14476 chromium                com.lmsa.app                         I  [INFO:CONSOLE:251] "All available models: [object Object],[object Object],[object Object],[object Object],[object Object],[object Object],[object Object],[object Object],[object Object],[object Object],[object Object],[object Object],[object Object],[object Object],[object Object],[object Object],[object Object],[object Object],[object Object],[object Object],[object Object],[object Object],[object Object],[object Object],[object Object],[object Object],[object Object],[object Object],[object Object],[object Object],[object Object],[object Object],[object Object],[object Object],[object Object],[object Object],[object Object],[object Object],[object Object],[object Object],[object Object],[object Object],[object Object],[object Object],[object Object],[object Object],[object Object],[object Object],[object Object],[object Object],[object Object],[object Object],[object Object],[object Object],[object Object],[object Object],[object Object],[object Object],[object Object],[object Object],[object Object],[object Object],[object Object],[object Object],[object Object],[object Object],[object Object],[object Object],[object Object],[object Object],[object Object],[object Object],[object Object],[object Object],[object Object],[object Object],[object Object],[object Object],[object Object],[object Object],[object Object],[object Object],[object Object],[object Object],[object Object],[object Object],[object Object],[object Object],[object Object],[object Object],[object Object],[object Object],[object Object],[object Object],[object Object],[object Object],[object Object],[object Object],[object Object],[object Object],[object Object],[object Object],[object Object],[object Object],[object Object],[object Object],[object Object],[object Object],[object Object],[object Object],[object Object],[object Object],[object Object],[object Object],[object Object],[object Object],[object Object],[object Object],[object Object],[object Object],[object Object],[object Object],[object Object],[object Object],[object Object],[object Object],[object Object],[object Object],[object Object],[object Object],[object Object],[object Object],[object Object],[object Object],[object Object],[object Object],[object Object],[object Object],[object Object],[object Object],[object Object],[object Object],[object Object],[object Object],[object Object],[object Object],[object Object],[object Object],[object Object],[object Object],[object Object],[object Object],[object Object],[object Object],[object Object],[object Object],[object Object],[object Object],[object Object],[object Object],[object Object],[object Object],[object Object],[object Object],[object Object],[object Object],[object Object],[object Object],[object Object],[object Object],[object Object],[object Object],[object Object],[object Object],[object Object],[object Object],[object Object],[object Object],[object Object],[object Object],[object Object],[object Object],[object Object],[object Object],[object Object],[object Object],[object Object],[object Object],[object Object],[object Object],[object Object],[object Object],[object Object],[object Object],[object Object],[object Object],[object Object],[object Object],[object Object],[object Object],[object Object],[object Object],[object Object],[object Object],[object Object],[object Object],[object Object],[object Object],[object Object],[object Object],[object Object],[object Object],[object Object],[object Object],[object Object],[object Object],[object Object],[object Object],[object Object],[object Object],[object Object],[object Object],[object Object],[object Object],[object Object],[object Object],[object Object],[object Object],[object Object],[object Object],[object Object],[object Object],[object Object],[object Object],[object Object],[object Object],[object Object],[object Object],[object Object],[object Object],[object Object],[object Object],[object Object],[object Object],[object Object],[object Object],[object Object],[object Object],[object Object]
2026-04-23 21:00:56.371 14476-14476 chromium                com.lmsa.app                         I  
2026-04-23 21:00:56.371 14476-14476 chromium                com.lmsa.app                         I  [INFO:CONSOLE:258] "Currently loaded models according to API: openrouter/free", source: file:///android_asset/LMSA/js/model-manager.js (258)
2026-04-23 21:00:56.372 14476-14476 chromium                com.lmsa.app                         I  [INFO:CONSOLE:262] "Using model from API service: openrouter/free", source: file:///android_asset/LMSA/js/model-manager.js (262)
2026-04-23 21:00:56.372 14476-14476 chromium                com.lmsa.app                         I  [INFO:CONSOLE:295] "Default model ID from storage: null", source: file:///android_asset/LMSA/js/model-manager.js (295)
2026-04-23 21:00:56.372 14476-14476 chromium                com.lmsa.app                         I  [INFO:CONSOLE:296] "Currently loaded model ID: openrouter/free", source: file:///android_asset/LMSA/js/model-manager.js (296)
2026-04-23 21:00:56.373 14476-14476 chromium                com.lmsa.app                         I  [INFO:CONSOLE:297] "originalStartupFlag: true", source: file:///android_asset/LMSA/js/model-manager.js (297)
2026-04-23 21:00:56.374 14476-14476 chromium                com.lmsa.app                         I  [INFO:CONSOLE:972] "Displaying models with loaded model ID: openrouter/free", source: file:///android_asset/LMSA/js/model-manager.js (972)
2026-04-23 21:00:56.654 14476-14476 Ads                     com.lmsa.app                         I  JS: The jsLoaded GMSG has been sent (https://googleads.g.doubleclick.net/mads/static/sdk/native/sdk-core-v40.html:1072)
2026-04-23 21:00:56.655 14476-14476 chromium                com.lmsa.app                         I  [INFO:CONSOLE:1072] "The jsLoaded GMSG has been sent", source: https://googleads.g.doubleclick.net/mads/static/sdk/native/sdk-core-v40.html (1072)
2026-04-23 21:01:00.006 14476-14633 ProfileInstaller        com.lmsa.app                         D  Installing profile for com.lmsa.app
2026-04-23 21:01:00.018  2017-2017  GoogleInpu...hodService com...gle.android.inputmethod.latin  I  GoogleInputMethodService.onStartInput():1384 onStartInput(EditorInfo{EditorInfo{packageName=com.lmsa.app, inputType=0, inputTypeString=NULL, enableLearning=false, autoCorrection=false, autoComplete=false, imeOptions=12000000, privateImeOptions=null, actionName=UNSPECIFIED, actionLabel=null, initialSelStart=-1, initialSelEnd=-1, initialCapsMode=0, label=null, fieldId=0, fieldName=null, extras=null, hintText=null, hintLocales=[]}}, false)
2026-04-23 21:01:00.020   688-706   PackageConfigPersister  system_server                        W  App-specific configuration not found for packageName: com.lmsa.app and userId: 0
2026-04-23 21:01:04.928 14476-14489 com.lmsa.app            com.lmsa.app                         I  Background concurrent mark compact GC freed 17MB AllocSpace bytes, 37(1792KB) LOS objects, 49% free, 6830KB/13MB, paused 1.411ms,8.747ms total 27.529ms
2026-04-23 21:01:04.940 14476-14586 LMSA_WebView            com.lmsa.app                         D  TTS voice reset to engine default: en-US-language
2026-04-23 21:01:04.941 14476-14476 chromium                com.lmsa.app                         I  [INFO:CONSOLE:72] "Premium status updated: false", source: file:///android_asset/LMSA/js/android-interface.js (72)
2026-04-23 21:01:04.955   688-706   AppsFilter              system_server                        I  interaction: PackageSetting{3a85457 com.lmsa.app/10237} -> PackageSetting{73f1f6e com.google.android.inputmethod.latin/10168} BLOCKED
2026-04-23 21:01:04.960 14476-14476 AssistStructure         com.lmsa.app                         I  Flattened final assist data: 2184 bytes, containing 1 windows, 7 views
2026-04-23 21:01:04.962   688-769   ContentCap...serService system_server                        D  Notified activity assist data for activity: Token{75977c1 ActivityRecord{112351608 u0 com.lmsa.app/.WebViewActivity t210}} without a session Id
2026-04-23 21:01:07.518   688-1969  NotificationService     system_server                        W  Toast already killed. pkg=com.lmsa.app token=android.os.BinderProxy@20a396b
2026-04-23 21:01:19.982   688-1534  AppsFilter              system_server                        I  interaction: PackageSetting{3a85457 com.lmsa.app/10237} -> PackageSetting{73f1f6e com.google.android.inputmethod.latin/10168} BLOCKED
2026-04-23 21:01:19.986 14476-14476 AssistStructure         com.lmsa.app                         I  Flattened final assist data: 2220 bytes, containing 1 windows, 7 views
2026-04-23 21:01:19.986   688-769   ContentCap...serService system_server                        D  Notified activity assist data for activity: Token{75977c1 ActivityRecord{112351608 u0 com.lmsa.app/.WebViewActivity t210}} without a session Id
2026-04-23 21:01:19.991 14476-14476 ImeTracker              com.lmsa.app                         I  com.lmsa.app:bd0c7138: onRequestShow at ORIGIN_CLIENT reason SHOW_SOFT_INPUT fromUser false userId 0 displayId 0
2026-04-23 21:01:19.992 14476-14476 InsetsController        com.lmsa.app                         D  show(ime())
2026-04-23 21:01:19.993 14476-14476 InsetsController        com.lmsa.app                         D  Setting requestedVisibleTypes to 504 (was 496)
2026-04-23 21:01:19.995  2017-2017  GoogleInpu...hodService com...gle.android.inputmethod.latin  I  GoogleInputMethodService.onStartInput():1384 onStartInput(EditorInfo{EditorInfo{packageName=com.lmsa.app, inputType=2ac0a1, inputTypeString=WebEditText[NoSuggestion|MultiLine|CapSentences|AutoCorrect], enableLearning=true, autoCorrection=true, autoComplete=true, imeOptions=12000001, privateImeOptions=null, actionName=NONE, actionLabel=null, initialSelStart=0, initialSelEnd=0, initialCapsMode=0, label=null, fieldId=2131296782, fieldName=null, extras=null, hintText=null, hintLocales=[]}}, true)
2026-04-23 21:01:20.002  2017-2017  GoogleInpu...hodService com...gle.android.inputmethod.latin  I  GoogleInputMethodService.onStartInputView():1472 onStartInputView(EditorInfo{EditorInfo{packageName=com.lmsa.app, inputType=2ac0a1, inputTypeString=WebEditText[NoSuggestion|MultiLine|CapSentences|AutoCorrect], enableLearning=true, autoCorrection=true, autoComplete=true, imeOptions=12000001, privateImeOptions=null, actionName=NONE, actionLabel=null, initialSelStart=0, initialSelEnd=0, initialCapsMode=0, label=null, fieldId=2131296782, fieldName=null, extras=null, hintText=null, hintLocales=[]}}, false)
2026-04-23 21:01:20.003   688-1968  PackageConfigPersister  system_server                        W  App-specific configuration not found for packageName: com.lmsa.app and userId: 0
2026-04-23 21:01:20.010  2017-2017  AndroidIME              com...gle.android.inputmethod.latin  I  AbstractIme.onActivate():95 LatinIme.onActivate() : EditorInfo = EditorInfo{packageName=com.lmsa.app, inputType=2ac0a1, inputTypeString=WebEditText[NoSuggestion|MultiLine|CapSentences|AutoCorrect], enableLearning=true, autoCorrection=true, autoComplete=true, imeOptions=12000001, privateImeOptions=null, actionName=NONE, actionLabel=null, initialSelStart=0, initialSelEnd=0, initialCapsMode=0, label=null, fieldId=2131296782, fieldName=null, extras=null, hintText=null, hintLocales=[]}, IncognitoMode = false, DeviceLocked = false
2026-04-23 21:01:20.012  2017-2375  NebulaeTra...sProcessor com...gle.android.inputmethod.latin  I  NebulaeTrainingCacheMetricsProcessor.processBeginSession():252 Begin training cache session: com.lmsa.app_2131296728/
2026-04-23 21:01:20.058  2017-2017  ImeBackCallbackSender   com...gle.android.inputmethod.latin  D  Register OnBackInvokedCallback with priority=-1 at app window (packageName=com.lmsa.app)
2026-04-23 21:01:20.059 14476-14476 WindowOnBackDispatcher  com.lmsa.app                         D  setTopOnBackInvokedCallback (unwrapped): android.view.ImeBackAnimationController@3cf9874
2026-04-23 21:01:20.060   688-1534  CoreBackPreview         system_server                        D  Window{83d785a u0 com.lmsa.app/com.lmsa.app.WebViewActivity}: Setting back callback OnBackInvokedCallbackInfo{mCallback=android.window.IOnBackInvokedCallback$Stub$Proxy@516e4c0, mPriority=0, mIsAnimationCallback=true, mOverrideBehavior=0}
2026-04-23 21:01:20.151 14476-14476 VRI[WebViewActivity]    com.lmsa.app                         D  WindowInsets changed: navigationBars:[0,0,0,63] 
2026-04-23 21:01:20.153 14476-14476 LMSA_WebView            com.lmsa.app                         D  Updated system gesture exclusion rects: Rect(0, 906 - 105, 1431)
2026-04-23 21:01:20.184 14476-14476 VRI[WebViewActivity]    com.lmsa.app                         D  WindowInsets changed: ime:[0,0,0,883] 
2026-04-23 21:01:20.185 14476-14476 LMSA_WebView            com.lmsa.app                         D  Updated system gesture exclusion rects: Rect(0, 485 - 105, 1010)
2026-04-23 21:01:20.324 14476-14476 chromium                com.lmsa.app                         I  [INFO:CONSOLE:20] "Chat history scroll updated with independent scrolling", source: file:///android_asset/LMSA/js/utils.js (20)
2026-04-23 21:01:20.324 14476-14476 chromium                com.lmsa.app                         I  [INFO:CONSOLE:20] "Chat history scroll updated with independent scrolling", source: file:///android_asset/LMSA/js/utils.js (20)
2026-04-23 21:01:20.324 14476-14476 chromium                com.lmsa.app                         I  [INFO:CONSOLE:20] "Chat history scroll updated with independent scrolling", source: file:///android_asset/LMSA/js/utils.js (20)
2026-04-23 21:01:20.395 14476-14476 ImeTracker              com.lmsa.app                         I  com.lmsa.app:bd0c7138: onShown
2026-04-23 21:01:21.071 14476-14476 ImeTracker              com.lmsa.app                         I  com.lmsa.app:ebd1bb80: onRequestHide at ORIGIN_CLIENT reason HIDE_SOFT_INPUT fromUser false userId 0 displayId 0
2026-04-23 21:01:21.072 14476-14476 InsetsController        com.lmsa.app                         D  hide(ime())
2026-04-23 21:01:21.072 14476-14476 WindowOnBackDispatcher  com.lmsa.app                         D  setTopOnBackInvokedCallback (unwrapped): androidx.activity.OnBackPressedDispatcher$Api34Impl$createOnBackAnimationCallback$1@f2bbb7d
2026-04-23 21:01:21.072   688-1534  CoreBackPreview         system_server                        D  Window{83d785a u0 com.lmsa.app/com.lmsa.app.WebViewActivity}: Setting back callback OnBackInvokedCallbackInfo{mCallback=android.window.IOnBackInvokedCallback$Stub$Proxy@328d84, mPriority=0, mIsAnimationCallback=true, mOverrideBehavior=0}
2026-04-23 21:01:21.072 14476-14476 InsetsController        com.lmsa.app                         D  Setting requestedVisibleTypes to 496 (was 504)
2026-04-23 21:01:21.073 14476-14476 CompatChangeReporter    com.lmsa.app                         D  Compat change id reported: 395521150; UID 10237; state: ENABLED
2026-04-23 21:01:21.078  2017-2017  GoogleInpu...hodService com...gle.android.inputmethod.latin  I  GoogleInputMethodService.onStartInput():1384 onStartInput(EditorInfo{EditorInfo{packageName=com.lmsa.app, inputType=0, inputTypeString=NULL, enableLearning=false, autoCorrection=false, autoComplete=false, imeOptions=12000000, privateImeOptions=null, actionName=UNSPECIFIED, actionLabel=null, initialSelStart=-1, initialSelEnd=-1, initialCapsMode=0, label=null, fieldId=0, fieldName=null, extras=null, hintText=null, hintLocales=[]}}, true)
2026-04-23 21:01:21.080 14476-14476 VRI[WebViewActivity]    com.lmsa.app                         D  WindowInsets changed: ime:null 
2026-04-23 21:01:21.082 14476-14476 LMSA_WebView            com.lmsa.app                         D  Updated system gesture exclusion rects: Rect(0, 906 - 105, 1431)
2026-04-23 21:01:21.083  2017-2017  GoogleInpu...hodService com...gle.android.inputmethod.latin  I  GoogleInputMethodService.onStartInputView():1472 onStartInputView(EditorInfo{EditorInfo{packageName=com.lmsa.app, inputType=0, inputTypeString=NULL, enableLearning=false, autoCorrection=false, autoComplete=false, imeOptions=12000000, privateImeOptions=null, actionName=UNSPECIFIED, actionLabel=null, initialSelStart=-1, initialSelEnd=-1, initialCapsMode=0, label=null, fieldId=0, fieldName=null, extras=null, hintText=null, hintLocales=[]}}, true)
2026-04-23 21:01:21.084   688-2333  PackageConfigPersister  system_server                        W  App-specific configuration not found for packageName: com.lmsa.app and userId: 0
2026-04-23 21:01:21.085  2017-2375  NebulaeTra...sProcessor com...gle.android.inputmethod.latin  I  NebulaeTrainingCacheMetricsProcessor.processEndSession():575 End training cache session: com.lmsa.app_2131296728/
2026-04-23 21:01:21.102  2017-2017  AndroidIME              com...gle.android.inputmethod.latin  I  AbstractIme.onActivate():95 PasswordIme.onActivate() : EditorInfo = EditorInfo{packageName=com.lmsa.app, inputType=0, inputTypeString=NULL, enableLearning=false, autoCorrection=false, autoComplete=false, imeOptions=12000000, privateImeOptions=null, actionName=UNSPECIFIED, actionLabel=null, initialSelStart=-1, initialSelEnd=-1, initialCapsMode=0, label=null, fieldId=0, fieldName=null, extras=null, hintText=null, hintLocales=[]}, IncognitoMode = false, DeviceLocked = false
2026-04-23 21:01:21.117 14476-14476 ImeTracker              com.lmsa.app                         I  system_server:c0854e9b: onCancelled at PHASE_CLIENT_ON_CONTROLS_CHANGED
2026-04-23 21:01:21.129 14476-14476 VRI[WebViewActivity]    com.lmsa.app                         D  WindowInsets changed: navigationBars:null 
2026-04-23 21:01:21.130 14476-14476 LMSA_WebView            com.lmsa.app                         D  Updated system gesture exclusion rects: Rect(0, 937 - 105, 1462)
2026-04-23 21:01:21.213 14476-14476 ImeTracker              com.lmsa.app                         I  system_server:d0a153fd: onCancelled at PHASE_CLIENT_ON_CONTROLS_CHANGED
2026-04-23 21:01:21.274 14476-14476 chromium                com.lmsa.app                         I  [INFO:CONSOLE:20] "Chat history scroll updated with independent scrolling", source: file:///android_asset/LMSA/js/utils.js (20)
2026-04-23 21:01:21.275 14476-14476 chromium                com.lmsa.app                         I  [INFO:CONSOLE:20] "Chat history scroll updated with independent scrolling", source: file:///android_asset/LMSA/js/utils.js (20)
2026-04-23 21:01:21.310  2017-2017  ImeBackCallbackSender   com...gle.android.inputmethod.latin  D  Unregister OnBackInvokedCallback at app window (packageName=com.lmsa.app)
2026-04-23 21:01:21.313  2017-2017  ImeTracker              com...gle.android.inputmethod.latin  I  com.lmsa.app:ebd1bb80: onHidden
2026-04-23 21:01:26.834  1116-1116  RecentsView             com...le.android.apps.nexuslauncher  D  onGestureAnimationStart - groupedTaskInfo: Desk ID= -1, Desk Display ID=-1, Tasks=[id=210 winMode=fullscreen visReq=true vis=true excluded=false baseIntent=com.lmsa.app/.WebViewActivity], Type=FULLSCREEN, Minimized Task IDs=null
2026-04-23 21:01:26.835  1116-1116  RecentsView             com...le.android.apps.nexuslauncher  D  showCurrentTask(onGestureAnimationStart) - groupedTaskInfo: Desk ID= -1, Desk Display ID=-1, Tasks=[id=210 winMode=fullscreen visReq=true vis=true excluded=false baseIntent=com.lmsa.app/.WebViewActivity], Type=FULLSCREEN, Minimized Task IDs=null
2026-04-23 21:01:26.875   688-711   WindowManager           system_server                        V      info={id=107 t=FIRST_CUSTOM+21 f=0x80 trk=0 r=[0@Point(0, 0)] c=[
                                                                                                            {WCT{RemoteToken{90b6243 Task{cee887d #1 type=home}}} m=TO_FRONT f=SHOW_WALLPAPER|MOVE_TO_TOP leash=Surface(name=Task=1#34)/@0x8233f66 sb=Rect(0, 0 - 1080, 2400) eb=Rect(0, 0 - 1080, 2400) epz=Point(1080, 2400) d=0 taskParent=-1 winMode=1 userId=0},
                                                                                                            {WCT{RemoteToken{9946fe7 Task{c2b10a8 #210 type=standard A=10237:com.lmsa.app}}} m=TO_BACK f=NONE leash=Surface(name=Task=210#978)/@0x7bf9da sb=Rect(0, 0 - 1080, 2400) eb=Rect(0, 0 - 1080, 2400) epz=Point(1080, 2400) d=0 taskParent=-1 winMode=1 userId=0},
                                                                                                            {m=TO_FRONT f=IS_WALLPAPER leash=Surface(name=WallpaperWindowToken{a0d7e83}#53)/@0x2484bc1 sb=Rect(0, 0 - 1080, 2400) eb=Rect(0, 0 - 1080, 2400) epz=Point(1080, 2400) d=0}
                                                                                                        ]}
2026-04-23 21:01:26.941   688-1534  InputDispatcher         system_server                        I  Channel [Gesture Monitor] swipe-up is stealing input gesture for device 4 from [83d785a com.lmsa.app/com.lmsa.app.WebViewActivity, [Gesture Monitor] edge-swipe]
2026-04-23 21:01:26.941  1116-1116  RecentsView             com...le.android.apps.nexuslauncher  D  onGestureAnimationStart - groupedTaskInfo: Desk ID= -1, Desk Display ID=-1, Tasks=[id=210 winMode=fullscreen visReq=false vis=false excluded=false baseIntent=com.lmsa.app/.WebViewActivity], Type=FULLSCREEN, Minimized Task IDs=null
2026-04-23 21:01:26.941  1116-1116  RecentsView             com...le.android.apps.nexuslauncher  D  showCurrentTask(onGestureAnimationStart) - groupedTaskInfo: Desk ID= -1, Desk Display ID=-1, Tasks=[id=210 winMode=fullscreen visReq=false vis=false excluded=false baseIntent=com.lmsa.app/.WebViewActivity], Type=FULLSCREEN, Minimized Task IDs=null
2026-04-23 21:01:27.016 14476-14476 VRI[WebViewActivity]    com.lmsa.app                         D  WindowInsets changed: statusBars:[0,121,0,0] navigationBars:[0,0,0,63] 
2026-04-23 21:01:27.017 14476-14476 LMSA_WebView            com.lmsa.app                         D  Updated system gesture exclusion rects: Rect(0, 906 - 105, 1431)
2026-04-23 21:01:27.087 14476-14476 chromium                com.lmsa.app                         I  [INFO:CONSOLE:20] "Chat history scroll updated with independent scrolling", source: file:///android_asset/LMSA/js/utils.js (20)
2026-04-23 21:01:27.594   688-711   WindowManager           system_server                        V      startWCT=WindowContainerTransaction { changes= {} hops= [{reorder: RemoteToken{9946fe7 Task{c2b10a8 #210 type=standard A=10237:com.lmsa.app}} to top}, {restoreTransientOrder: container=RemoteToken{90b6243 Task{cee887d #1 type=home}} reparent=null mToTop=false mWindowingMode=null mActivityType=null}] flags= 0 errorCallbackToken=null taskFragmentOrganizer=null }
2026-04-23 21:01:27.596   688-711   WindowManager           system_server                        V      info={id=108 t=FIRST_CUSTOM+22 f=0x0 trk=0 r=[0@Point(0, 0)] c=[
                                                                                                            {WCT{RemoteToken{9946fe7 Task{c2b10a8 #210 type=standard A=10237:com.lmsa.app}}} m=CHANGE f=MOVE_TO_TOP leash=Surface(name=Task=210#978)/@0x7bf9da sb=Rect(0, 0 - 1080, 2400) eb=Rect(0, 0 - 1080, 2400) epz=Point(1080, 2400) d=0 taskParent=-1 winMode=1 userId=0},
                                                                                                            {WCT{RemoteToken{90b6243 Task{cee887d #1 type=home}}} m=TO_BACK f=SHOW_WALLPAPER leash=Surface(name=Task=1#34)/@0x8233f66 sb=Rect(0, 0 - 1080, 2400) eb=Rect(0, 0 - 1080, 2400) epz=Point(1080, 2400) d=0 taskParent=-1 winMode=1 userId=0},
                                                                                                            {m=TO_BACK f=IS_WALLPAPER leash=Surface(name=WallpaperWindowToken{a0d7e83}#53)/@0x2484bc1 sb=Rect(0, 0 - 1080, 2400) eb=Rect(0, 0 - 1080, 2400) epz=Point(1080, 2400) d=0}
                                                                                                        ]}
2026-04-23 21:01:27.608   688-816   ImeTracker              system_server                        I  com.lmsa.app:4ffc9d38: onRequestHide at ORIGIN_SERVER reason HIDE_SAME_WINDOW_FOCUSED_WITHOUT_EDITOR fromUser false userId 0 displayId 0
