2026-03-20 18:27:24.526 14887-14887 chromium                pid-14887                            I  [INFO:CONSOLE:95] "Performing silent model check...", source: file:///android_asset/LMSA/js/model-manager.js (95)
2026-03-20 18:27:24.526 14887-14887 chromium                pid-14887                            I  [INFO:CONSOLE:233] "Loading model information from server...", source: file:///android_asset/LMSA/js/model-manager.js (233)
2026-03-20 18:27:24.550 14887-14887 chromium                pid-14887                            I  [INFO:CONSOLE:228] "KaTeX loaded successfully", source: file:///android_asset/LMSA/js/external-libs-loader.js (228)
2026-03-20 18:27:24.557 14887-14887 chromium                pid-14887                            I  [INFO:CONSOLE:82] "Initializing OpenRouter Key Required Modal...", source: file:///android_asset/LMSA/js/components/modals/openrouter-key-required-modal.js (82)
2026-03-20 18:27:24.557 14887-14887 chromium                pid-14887                            I  [INFO:CONSOLE:120] "OpenRouter Key Required Modal initialized successfully", source: file:///android_asset/LMSA/js/components/modals/openrouter-key-required-modal.js (120)
2026-03-20 18:27:24.557 14887-14887 chromium                pid-14887                            I  [INFO:CONSOLE:88] "Initializing Smart Reply Warning Modal...", source: file:///android_asset/LMSA/js/components/modals/smart-reply-warning-modal.js (88)
2026-03-20 18:27:24.557 14887-14887 chromium                pid-14887                            I  [INFO:CONSOLE:136] "Smart Reply Warning Modal initialized successfully", source: file:///android_asset/LMSA/js/components/modals/smart-reply-warning-modal.js (136)
2026-03-20 18:27:24.557 14887-14887 chromium                pid-14887                            I  [INFO:CONSOLE:111] "Initializing OpenRouter Warning Modal...", source: file:///android_asset/LMSA/js/components/modals/openrouter-warning-modal.js (111)
2026-03-20 18:27:24.558 14887-14887 chromium                pid-14887                            I  [INFO:CONSOLE:155] "OpenRouter Warning Modal initialized successfully", source: file:///android_asset/LMSA/js/components/modals/openrouter-warning-modal.js (155)
2026-03-20 18:27:24.558 14887-14887 chromium                pid-14887                            I  [INFO:CONSOLE:170] "Pre-initializing TTS service...", source: file:///android_asset/LMSA/js/main.js (170)
2026-03-20 18:27:24.558 14887-14887 chromium                pid-14887                            I  [INFO:CONSOLE:90] "Calling AndroidTTS.initializeTTS()", source: file:///android_asset/LMSA/js/tts-service.js (90)
2026-03-20 18:27:24.563 14887-14887 chromium                pid-14887                            I  [INFO:CONSOLE:24] "Premium status updated: true", source: file:///android_asset/LMSA/js/android-interface.js (24)
2026-03-20 18:27:24.805 14887-14887 chromium                pid-14887                            I  [INFO:CONSOLE:260] "OpenRouter models loaded: 350", source: file:///android_asset/LMSA/js/api-service.js (260)
2026-03-20 18:27:24.805 14887-14887 chromium                pid-14887                            I  [INFO:CONSOLE:287] "OpenRouter models loaded - active model: openrouter/free", source: file:///android_asset/LMSA/js/api-service.js (287)
2026-03-20 18:27:24.805 14887-14887 chromium                pid-14887                            I  [INFO:CONSOLE:258] "Currently loaded models according to API: openrouter/free", source: file:///android_asset/LMSA/js/model-manager.js (258)
2026-03-20 18:27:24.805 14887-14887 chromium                pid-14887                            I  [INFO:CONSOLE:262] "Using model from API service: openrouter/free", source: file:///android_asset/LMSA/js/model-manager.js (262)
2026-03-20 18:27:24.806 14887-14887 chromium                pid-14887                            I  [INFO:CONSOLE:295] "Default model ID from storage: null", source: file:///android_asset/LMSA/js/model-manager.js (295)
2026-03-20 18:27:24.806 14887-14887 chromium                pid-14887                            I  [INFO:CONSOLE:296] "Currently loaded model ID: openrouter/free", source: file:///android_asset/LMSA/js/model-manager.js (296)
2026-03-20 18:27:24.806 14887-14887 chromium                pid-14887                            I  [INFO:CONSOLE:297] "originalStartupFlag: true", source: file:///android_asset/LMSA/js/model-manager.js (297)
2026-03-20 18:27:24.806 14887-14887 chromium                pid-14887                            I  [INFO:CONSOLE:974] "Displaying models with loaded model ID: openrouter/free", source: file:///android_asset/LMSA/js/model-manager.js (974)
2026-03-20 18:27:25.002 14887-14887 chromium                pid-14887                            I  [INFO:CONSOLE:587] "[Settings Scroll Fix] Applied touch scrolling styles to settings-content-wrapper", source: file:///android_asset/LMSA/index.html (587)
2026-03-20 18:27:25.165 14887-14887 chromium                pid-14887                            I  [INFO:CONSOLE:260] "OpenRouter models loaded: 350", source: file:///android_asset/LMSA/js/api-service.js (260)
2026-03-20 18:27:25.165 14887-14887 chromium                pid-14887                            I  [INFO:CONSOLE:287] "OpenRouter models loaded - active model: openrouter/free", source: file:///android_asset/LMSA/js/api-service.js (287)
2026-03-20 18:27:29.476 14887-15102 LMSA_WebView            pid-14887                            D  Successfully saved data to internal storage: chatHistory
2026-03-20 18:27:29.479 14887-14887 chromium                pid-14887                            I  [INFO:CONSOLE:2208] "Preserving user-created system prompt for new chat: You arethe AI assistant designated as "Test". Your primary role is to serve as a sandbox for evaluating and refining AI interactions, responses, and capabilities. As Test, you are expected to:
                                                                                                    
                                                                                                    **Responsibilities & Expertise**
                                                                                                    - Demonstrate core natural‑language understanding, generation, and reasoning abilities.
                                                                                                    - Provide clear, structured feedback on user queries, highlighting strengths and areas for improvement.
                                                                                                    - Simulate a variety of linguistic styles, tones, and formats to showcase adaptability.
                                                                                                    - Assist in testing edge cases, ambiguous inputs, and multi‑turn dialogues.
                                                                                                    - Maintain awareness of the testing context and purpose, ensuring all outputs align with experimental goals.
                                                                                                    
                                                                                                    **Interaction Guidelines**
                                                                                                    - Treat each user input as a test case; respond with concise, purposeful output that reflects the intended behavior.
                                                                                                    - When uncertainty arises, ask clarifying questions that probe the user’s intent without breaking the testing flow.
                                                                                                    - Offer multiple possible interpretations or solutions when appropriate, labeling them clearly for analysis.
                                                                                                    - Keep responses focused on the task at hand, avoiding extraneous commentary unless it serves the evaluation purpose.
                                                                                                    - Encourage iterative dialogue to explore how adjustments in prompting affect outcomes.
                                                                                                    
                                                                                                    **Tone, Style, and Approach**
                                                                                                    - Maintain a professional, neutral, and analytical tone that emphasizes objectivity and clarity.
                                                                                                    - Use a straightforward, concise writing style; avoid unnecessary flourish while ensuring precision.
                                                                                                    - Adopt an inquisitive yet supportive approach: guide the user through the testing process without imposing assumptions.
                                                                                                    - Be adaptable: mirror the user’s level of technical detail when appropriate, but always prioritize readability and logical structure.
                                                                                                    - Ensure consistency in how you label and format responses (e.g., bullet points, headings, code blocks) to facilitate systematic review.", source: file:///android_asset/LMSA/js/chat-service.js (2208)
2026-03-20 18:27:29.481 14887-15102 LMSA_WebView            pid-14887                            D  Successfully saved data to internal storage: chatHistory
2026-03-20 18:27:31.153  3589-3589  artd                    artd                                 W  Could not get dex checksums for location /data/app/~~z_gZJR6MTtdJXmSeW8VSEA==/com.lmsa.app-CWWcXZ-v4_RuS5SE4tr0sw==/base.apk, fd=-1
2026-03-20 18:27:39.561 14887-14887 chromium                pid-14887                            I  [INFO:CONSOLE:96] "TTS initialization timeout after 15000ms, assuming failure", source: file:///android_asset/LMSA/js/tts-service.js (96)
2026-03-20 18:27:39.562 14887-14887 chromium                pid-14887                            I  [INFO:CONSOLE:544] "Android TTS is ready after 100 ms", source: file:///android_asset/LMSA/js/tts-service.js (544)
2026-03-20 18:27:39.582 14887-15102 LMSA_WebView            pid-14887                            D  Available TTS voices: [{"name":"es-us-x-sfb-local","locale":"es_US","quality":"High","isNetworkConnectionRequired":false,"gender":""},{"name":"ur-PK-language","locale":"ur_PK","quality":"High","isNetworkConnectionRequired":false,"gender":""},{"name":"ja-jp-x-htm-network","locale":"ja_JP","quality":"High","isNetworkConnectionRequired":true,"gender":""},{"name":"ru-ru-x-rud-local","locale":"ru_RU","quality":"High","isNetworkConnectionRequired":false,"gender":""},{"name":"th-th-x-thd-network","locale":"th_TH","quality":"High","isNetworkConnectionRequired":true,"gender":""},{"name":"nl-nl-x-yfr-network","locale":"nl_NL","quality":"High","isNetworkConnectionRequired":true,"gender":""},{"name":"it-it-x-itd-local","locale":"it_IT","quality":"High","isNetworkConnectionRequired":false,"gender":""},{"name":"en-AU-language","locale":"en_AU","quality":"High","isNetworkConnectionRequired":false,"gender":""},{"name":"as-in-x-end-local","locale":"as_IN","quality":"High","isNetworkConnectionRequired":false,"gender":""},{"name":"vi-vn-x-vif-network","locale":"vi_VN","quality":"High","isNetworkConnectionRequired":true,"gender":""},{"name":"uk-UA-language","locale":"uk_UA","quality":"High","isNetworkConnectionRequired":false,"gender":""},{"name":"sv-se-x-lfs-local","locale":"sv_SE","quality":"High","isNetworkConnectionRequired":false,"gender":""},{"name":"cmn-tw-x-ctc-network","locale":"zh_TW","quality":"High","isNetworkConnectionRequired":true,"gender":""},{"name":"ar-xa-x-arz-local","locale":"ar","quality":"High","isNetworkConnectionRequired":false,"gender":""},{"name":"en-us-x-tpf-local","locale":"en_US","quality":"High","isNetworkConnectionRequired":false,"gender":""},{"name":"de-de-x-deb-network","locale":"de_DE","quality":"High","isNetworkConnectionRequired":true,"gender":""},{"name":"bn-in-x-bnd-local","locale":"bn_IN","quality":"High","isNetworkConnectionRequired":false,"gender":""},{"name":"yue-hk-x-yuf-network","locale":"yue_HK","quality":"High","isNetworkConnectionRequired":true,"gender":""},{"name":"cy-gb-x-cyf-local","locale":"cy_GB","quality":"High","isNetworkConnectionRequired":false,"gender":""},{"name":"en-in-x-end-network","locale":"en_IN","quality":"High","isNetworkConnectionRequired":true,"gender":""},{"name":"nl-nl-x-yfr-local","locale":"nl_NL","quality":"High","isNetworkConnectionRequired":false,"gender":""},{"name":"ur-in-x-urc-local","locale":"ur_IN","quality":"High","isNetworkConnectionRequired":false,"gender":""},{"name":"cy-gb-x-cyf-network","locale":"cy_GB","quality":"High","isNetworkConnectionRequired":true,"gender":""},{"name":"pl-pl-x-afb-local","locale":"pl_PL","quality":"High","isNetworkConnectionRequired":false,"gender":""},{"name":"fr-ca-x-cab-local","locale":"fr_CA","quality":"High","isNetworkConnectionRequired":false,"gender":""},{"name":"id-id-x-idd-network","locale":"id_ID","quality":"High","isNetworkConnectionRequired":true,"gender":""},{"name":"ar-xa-x-ard-local","locale":"ar","quality":"High","isNetworkConnectionRequired":false,"gender":""},{"name":"id-id-x-idc-local","locale":"id_ID","quality":"High","isNetworkConnectionRequired":false,"gender":""},{"name":"da-dk-x-sfp-network","locale":"da_DK","quality":"High","isNetworkConnectionRequired":true,"gender":""},{"name":"bn-BD-language","locale":"bn_BD","quality":"High","isNetworkConnectionRequired":false,"gender":""},{"name":"ml-in-x-mlc-local","locale":"ml_IN","quality":"High","isNetworkConnectionRequired":false,"gender":""},{"name":"hr-HR-language","locale":"hr_HR","quality":"High","isNetworkConnectionRequired":false,"gender":""},{"name":"zh-TW-language","locale":"zh_TW","quality":"High","isNetworkConnectionRequired":false,"gender":""},{"name":"mni-in-x-end-local","locale":"mni_IN","quality":"High","isNetworkConnectionRequired":false,"gender":""},{"name":"en-au-x-aua-network","locale":"en_AU","quality":"High","isNetworkConnectionRequired":true,"gender":""},{"name":"en-GB-language","locale":"en_GB","quality":"High","isNetworkConnectionRequired":false,"gender":""},{"name":"vi-vn-x-vid-network","locale":"vi_V
2026-03-20 18:27:39.585 14887-14887 chromium                pid-14887                            I  [INFO:CONSOLE:508] "Retrieved voices from Android TTS: 472", source: file:///android_asset/LMSA/js/tts-service.js (508)
2026-03-20 18:27:39.587 14887-14887 chromium                pid-14887                            I  [INFO:CONSOLE:90] "Calling AndroidTTS.initializeTTS()", source: file:///android_asset/LMSA/js/tts-service.js (90)
2026-03-20 18:27:39.599   713-2049  AppsFilter              system_server                        I  interaction: PackageSetting{7cc69fe com.lmsa.app/10217} -> PackageSetting{460380f com.google.android.inputmethod.latin/10160} BLOCKED
2026-03-20 18:27:39.602   713-2048  ContentCap...serService system_server                        D  Notified activity assist data for activity: Token{b347de5 ActivityRecord{26384719 u0 com.lmsa.app/.WebViewActivity t53}} without a session Id
2026-03-20 18:27:41.181  3589-3589  artd                    artd                                 W  Could not get dex checksums for location /data/app/~~z_gZJR6MTtdJXmSeW8VSEA==/com.lmsa.app-CWWcXZ-v4_RuS5SE4tr0sw==/base.apk, fd=-1
2026-03-20 18:27:51.152  3589-3601  artd                    artd                                 W  Could not get dex checksums for location /data/app/~~z_gZJR6MTtdJXmSeW8VSEA==/com.lmsa.app-CWWcXZ-v4_RuS5SE4tr0sw==/base.apk, fd=-1
2026-03-20 18:27:54.590 14887-14887 chromium                pid-14887                            I  [INFO:CONSOLE:96] "TTS initialization timeout after 15000ms, assuming failure", source: file:///android_asset/LMSA/js/tts-service.js (96)
2026-03-20 18:27:54.606 14887-15102 LMSA_WebView            pid-14887                            D  Voice set to: en-us-x-sfg-local
2026-03-20 18:27:57.846 14887-14887 chromium                pid-14887                            I  [INFO:CONSOLE:106] "showModelModal called, isInitialStartup: false", source: file:///android_asset/LMSA/js/model-manager.js (106)
2026-03-20 18:27:57.854 14887-14887 chromium                pid-14887                            I  [INFO:CONSOLE:1372] "Showing mobile instructions for smartphone user", source: file:///android_asset/LMSA/js/model-manager.js (1372)
2026-03-20 18:28:00.870 14887-14887 chromium                pid-14887                            I  [INFO:CONSOLE:81] "LM Studio legacy API detected (/v1/*)", source: file:///android_asset/LMSA/js/api-service.js (81)
2026-03-20 18:28:01.152  3589-3601  artd                    artd                                 W  Could not get dex checksums for location /data/app/~~z_gZJR6MTtdJXmSeW8VSEA==/com.lmsa.app-CWWcXZ-v4_RuS5SE4tr0sw==/base.apk, fd=-1
2026-03-20 18:28:02.869 14887-14887 LMSA_WebView            pid-14887                            E  JS Error: Error checking server status: [object DOMException] at file:///android_asset/LMSA/js/api-service.js:749
2026-03-20 18:28:02.869 14887-14887 chromium                pid-14887                            I  [INFO:CONSOLE:749] "Error checking server status: [object DOMException]", source: file:///android_asset/LMSA/js/api-service.js (749)
2026-03-20 18:28:05.447 14887-14887 chromium                pid-14887                            I  [INFO:CONSOLE:90] "Calling AndroidTTS.initializeTTS()", source: file:///android_asset/LMSA/js/tts-service.js (90)
2026-03-20 18:28:11.178  3589-3589  artd                    artd                                 W  Could not get dex checksums for location /data/app/~~z_gZJR6MTtdJXmSeW8VSEA==/com.lmsa.app-CWWcXZ-v4_RuS5SE4tr0sw==/base.apk, fd=-1
2026-03-20 18:28:14.917   713-2049  AppsFilter              system_server                        I  interaction: PackageSetting{7cc69fe com.lmsa.app/10217} -> PackageSetting{460380f com.google.android.inputmethod.latin/10160} BLOCKED
2026-03-20 18:28:14.920 14887-14887 ImeTracker              pid-14887                            I  com.lmsa.app:e50b4bf2: onRequestShow at ORIGIN_CLIENT reason SHOW_SOFT_INPUT fromUser false
2026-03-20 18:28:14.920  1412-1412  GoogleInpu...hodService com...gle.android.inputmethod.latin  I  GoogleInputMethodService.onStartInput():1293 onStartInput(EditorInfo{EditorInfo{packageName=com.lmsa.app, inputType=6002, inputTypeString=Number, enableLearning=false, autoCorrection=false, autoComplete=false, imeOptions=12000005, privateImeOptions=null, actionName=NEXT, actionLabel=null, initialSelStart=12, initialSelEnd=12, initialCapsMode=0, label=null, fieldId=2131231187, fieldName=null, extras=null, hintText=null, hintLocales=[]}}, true)
2026-03-20 18:28:14.921   713-2049  ContentCap...serService system_server                        D  Notified activity assist data for activity: Token{b347de5 ActivityRecord{26384719 u0 com.lmsa.app/.WebViewActivity t53}} without a session Id
2026-03-20 18:28:14.926   713-2043  PackageConfigPersister  system_server                        W  App-specific configuration not found for packageName: com.lmsa.app and userId: 0
2026-03-20 18:28:14.927  1412-1412  GoogleInpu...hodService com...gle.android.inputmethod.latin  I  GoogleInputMethodService.onStartInputView():1392 onStartInputView(EditorInfo{EditorInfo{packageName=com.lmsa.app, inputType=6002, inputTypeString=Number, enableLearning=false, autoCorrection=false, autoComplete=false, imeOptions=12000005, privateImeOptions=null, actionName=NEXT, actionLabel=null, initialSelStart=12, initialSelEnd=12, initialCapsMode=0, label=null, fieldId=2131231187, fieldName=null, extras=null, hintText=null, hintLocales=[]}}, false)
2026-03-20 18:28:14.951   713-1317  CoreBackPreview         system_server                        D  Window{9c101f8 u0 com.lmsa.app/com.lmsa.app.WebViewActivity}: Setting back callback OnBackInvokedCallbackInfo{mCallback=android.window.IOnBackInvokedCallback$Stub$Proxy@aa6fff4, mPriority=0, mIsAnimationCallback=true, mOverrideBehavior=0}
2026-03-20 18:28:15.497 14887-14887 ImeTracker              pid-14887                            I  com.lmsa.app:e50b4bf2: onShown
2026-03-20 18:28:20.448 14887-14887 chromium                pid-14887                            I  [INFO:CONSOLE:96] "TTS initialization timeout after 15000ms, assuming failure", source: file:///android_asset/LMSA/js/tts-service.js (96)
2026-03-20 18:28:20.448 14887-14887 chromium                pid-14887                            I  [INFO:CONSOLE:544] "Android TTS is ready after 100 ms", source: file:///android_asset/LMSA/js/tts-service.js (544)
2026-03-20 18:28:20.463 14887-15102 LMSA_WebView            pid-14887                            D  Available TTS voices: [{"name":"es-us-x-sfb-local","locale":"es_US","quality":"High","isNetworkConnectionRequired":false,"gender":""},{"name":"ur-PK-language","locale":"ur_PK","quality":"High","isNetworkConnectionRequired":false,"gender":""},{"name":"ja-jp-x-htm-network","locale":"ja_JP","quality":"High","isNetworkConnectionRequired":true,"gender":""},{"name":"ru-ru-x-rud-local","locale":"ru_RU","quality":"High","isNetworkConnectionRequired":false,"gender":""},{"name":"th-th-x-thd-network","locale":"th_TH","quality":"High","isNetworkConnectionRequired":true,"gender":""},{"name":"nl-nl-x-yfr-network","locale":"nl_NL","quality":"High","isNetworkConnectionRequired":true,"gender":""},{"name":"it-it-x-itd-local","locale":"it_IT","quality":"High","isNetworkConnectionRequired":false,"gender":""},{"name":"en-AU-language","locale":"en_AU","quality":"High","isNetworkConnectionRequired":false,"gender":""},{"name":"as-in-x-end-local","locale":"as_IN","quality":"High","isNetworkConnectionRequired":false,"gender":""},{"name":"vi-vn-x-vif-network","locale":"vi_VN","quality":"High","isNetworkConnectionRequired":true,"gender":""},{"name":"uk-UA-language","locale":"uk_UA","quality":"High","isNetworkConnectionRequired":false,"gender":""},{"name":"sv-se-x-lfs-local","locale":"sv_SE","quality":"High","isNetworkConnectionRequired":false,"gender":""},{"name":"cmn-tw-x-ctc-network","locale":"zh_TW","quality":"High","isNetworkConnectionRequired":true,"gender":""},{"name":"ar-xa-x-arz-local","locale":"ar","quality":"High","isNetworkConnectionRequired":false,"gender":""},{"name":"en-us-x-tpf-local","locale":"en_US","quality":"High","isNetworkConnectionRequired":false,"gender":""},{"name":"de-de-x-deb-network","locale":"de_DE","quality":"High","isNetworkConnectionRequired":true,"gender":""},{"name":"bn-in-x-bnd-local","locale":"bn_IN","quality":"High","isNetworkConnectionRequired":false,"gender":""},{"name":"yue-hk-x-yuf-network","locale":"yue_HK","quality":"High","isNetworkConnectionRequired":true,"gender":""},{"name":"cy-gb-x-cyf-local","locale":"cy_GB","quality":"High","isNetworkConnectionRequired":false,"gender":""},{"name":"en-in-x-end-network","locale":"en_IN","quality":"High","isNetworkConnectionRequired":true,"gender":""},{"name":"nl-nl-x-yfr-local","locale":"nl_NL","quality":"High","isNetworkConnectionRequired":false,"gender":""},{"name":"ur-in-x-urc-local","locale":"ur_IN","quality":"High","isNetworkConnectionRequired":false,"gender":""},{"name":"cy-gb-x-cyf-network","locale":"cy_GB","quality":"High","isNetworkConnectionRequired":true,"gender":""},{"name":"pl-pl-x-afb-local","locale":"pl_PL","quality":"High","isNetworkConnectionRequired":false,"gender":""},{"name":"fr-ca-x-cab-local","locale":"fr_CA","quality":"High","isNetworkConnectionRequired":false,"gender":""},{"name":"id-id-x-idd-network","locale":"id_ID","quality":"High","isNetworkConnectionRequired":true,"gender":""},{"name":"ar-xa-x-ard-local","locale":"ar","quality":"High","isNetworkConnectionRequired":false,"gender":""},{"name":"id-id-x-idc-local","locale":"id_ID","quality":"High","isNetworkConnectionRequired":false,"gender":""},{"name":"da-dk-x-sfp-network","locale":"da_DK","quality":"High","isNetworkConnectionRequired":true,"gender":""},{"name":"bn-BD-language","locale":"bn_BD","quality":"High","isNetworkConnectionRequired":false,"gender":""},{"name":"ml-in-x-mlc-local","locale":"ml_IN","quality":"High","isNetworkConnectionRequired":false,"gender":""},{"name":"hr-HR-language","locale":"hr_HR","quality":"High","isNetworkConnectionRequired":false,"gender":""},{"name":"zh-TW-language","locale":"zh_TW","quality":"High","isNetworkConnectionRequired":false,"gender":""},{"name":"mni-in-x-end-local","locale":"mni_IN","quality":"High","isNetworkConnectionRequired":false,"gender":""},{"name":"en-au-x-aua-network","locale":"en_AU","quality":"High","isNetworkConnectionRequired":true,"gender":""},{"name":"en-GB-language","locale":"en_GB","quality":"High","isNetworkConnectionRequired":false,"gender":""},{"name":"vi-vn-x-vid-network","locale":"vi_V
2026-03-20 18:28:20.464 14887-14887 chromium                pid-14887                            I  [INFO:CONSOLE:508] "Retrieved voices from Android TTS: 472", source: file:///android_asset/LMSA/js/tts-service.js (508)
2026-03-20 18:28:20.475 14887-14887 chromium                pid-14887                            I  [INFO:CONSOLE:90] "Calling AndroidTTS.initializeTTS()", source: file:///android_asset/LMSA/js/tts-service.js (90)
2026-03-20 18:28:20.483   713-2043  AppsFilter              system_server                        I  interaction: PackageSetting{7cc69fe com.lmsa.app/10217} -> PackageSetting{460380f com.google.android.inputmethod.latin/10160} BLOCKED
2026-03-20 18:28:20.485   713-1317  ContentCap...serService system_server                        D  Notified activity assist data for activity: Token{b347de5 ActivityRecord{26384719 u0 com.lmsa.app/.WebViewActivity t53}} without a session Id
2026-03-20 18:28:20.915   713-2043  AppsFilter              system_server                        I  interaction: PackageSetting{7cc69fe com.lmsa.app/10217} -> PackageSetting{460380f com.google.android.inputmethod.latin/10160} BLOCKED
2026-03-20 18:28:20.918   713-2043  ContentCap...serService system_server                        D  Notified activity assist data for activity: Token{b347de5 ActivityRecord{26384719 u0 com.lmsa.app/.WebViewActivity t53}} without a session Id
2026-03-20 18:28:21.185  3589-3589  artd                    artd                                 W  Could not get dex checksums for location /data/app/~~z_gZJR6MTtdJXmSeW8VSEA==/com.lmsa.app-CWWcXZ-v4_RuS5SE4tr0sw==/base.apk, fd=-1
2026-03-20 18:28:24.397 14887-14887 ImeTracker              pid-14887                            I  com.lmsa.app:2b8babfb: onRequestHide at ORIGIN_CLIENT reason HIDE_SOFT_INPUT fromUser false
2026-03-20 18:28:24.397   713-1317  CoreBackPreview         system_server                        D  Window{9c101f8 u0 com.lmsa.app/com.lmsa.app.WebViewActivity}: Setting back callback OnBackInvokedCallbackInfo{mCallback=android.window.IOnBackInvokedCallback$Stub$Proxy@65f87e9, mPriority=0, mIsAnimationCallback=false, mOverrideBehavior=0}
2026-03-20 18:28:24.399  1412-1412  GoogleInpu...hodService com...gle.android.inputmethod.latin  I  GoogleInputMethodService.onStartInput():1293 onStartInput(EditorInfo{EditorInfo{packageName=com.lmsa.app, inputType=0, inputTypeString=NULL, enableLearning=false, autoCorrection=false, autoComplete=false, imeOptions=12000000, privateImeOptions=null, actionName=UNSPECIFIED, actionLabel=null, initialSelStart=-1, initialSelEnd=-1, initialCapsMode=0, label=null, fieldId=0, fieldName=null, extras=null, hintText=null, hintLocales=[]}}, true)
2026-03-20 18:28:24.400   713-1317  PackageConfigPersister  system_server                        W  App-specific configuration not found for packageName: com.lmsa.app and userId: 0
2026-03-20 18:28:24.401  1412-1412  GoogleInpu...hodService com...gle.android.inputmethod.latin  I  GoogleInputMethodService.onStartInputView():1392 onStartInputView(EditorInfo{EditorInfo{packageName=com.lmsa.app, inputType=0, inputTypeString=NULL, enableLearning=false, autoCorrection=false, autoComplete=false, imeOptions=12000000, privateImeOptions=null, actionName=UNSPECIFIED, actionLabel=null, initialSelStart=-1, initialSelEnd=-1, initialCapsMode=0, label=null, fieldId=0, fieldName=null, extras=null, hintText=null, hintLocales=[]}}, true)
2026-03-20 18:28:24.405  1412-1412  AndroidIME              com...gle.android.inputmethod.latin  I  AbstractIme.onActivate():90 PasswordIme.onActivate() : EditorInfo = EditorInfo{packageName=com.lmsa.app, inputType=0, inputTypeString=NULL, enableLearning=false, autoCorrection=false, autoComplete=false, imeOptions=12000000, privateImeOptions=null, actionName=UNSPECIFIED, actionLabel=null, initialSelStart=-1, initialSelEnd=-1, initialCapsMode=0, label=null, fieldId=0, fieldName=null, extras=null, hintText=null, hintLocales=[]}, IncognitoMode = false, DeviceLocked = false
2026-03-20 18:28:26.471 14887-14887 chromium                pid-14887                            I  [INFO:CONSOLE:74] "LM Studio native v1 API detected (/api/v1/*)", source: file:///android_asset/LMSA/js/api-service.js (74)
2026-03-20 18:28:26.480 14887-14887 chromium                pid-14887                            I  [INFO:CONSOLE:562] "No loaded model found after all detection methods", source: file:///android_asset/LMSA/js/api-service.js (562)
2026-03-20 18:28:26.480 14887-14887 chromium                pid-14887                            I  [INFO:CONSOLE:565] "Cleared global currentLoadedModel", source: file:///android_asset/LMSA/js/api-service.js (565)
2026-03-20 18:28:30.539 14887-14887 chromium                pid-14887                            I  [INFO:CONSOLE:106] "showModelModal called, isInitialStartup: false", source: file:///android_asset/LMSA/js/model-manager.js (106)
2026-03-20 18:28:30.542 14887-14887 chromium                pid-14887                            I  [INFO:CONSOLE:1372] "Showing mobile instructions for smartphone user", source: file:///android_asset/LMSA/js/model-manager.js (1372)
2026-03-20 18:28:30.554 14887-14887 chromium                pid-14887                            I  [INFO:CONSOLE:233] "Loading model information from server...", source: file:///android_asset/LMSA/js/model-manager.js (233)
2026-03-20 18:28:30.564 14887-14887 chromium                pid-14887                            I  [INFO:CONSOLE:562] "No loaded model found after all detection methods", source: file:///android_asset/LMSA/js/api-service.js (562)
2026-03-20 18:28:30.564 14887-14887 chromium                pid-14887                            I  [INFO:CONSOLE:565] "Cleared global currentLoadedModel", source: file:///android_asset/LMSA/js/api-service.js (565)
2026-03-20 18:28:30.566 14887-14887 chromium                pid-14887                            I  [INFO:CONSOLE:251] "All available models: [object Object],[object Object],[object Object],[object Object],[object Object]", source: file:///android_asset/LMSA/js/model-manager.js (251)
2026-03-20 18:28:30.566 14887-14887 chromium                pid-14887                            I  [INFO:CONSOLE:258] "Currently loaded models according to API: ", source: file:///android_asset/LMSA/js/model-manager.js (258)
2026-03-20 18:28:30.566 14887-14887 chromium                pid-14887                            I  [INFO:CONSOLE:328] "Models available but none loaded", source: file:///android_asset/LMSA/js/model-manager.js (328)
2026-03-20 18:28:31.181  3589-3601  artd                    artd                                 W  Could not get dex checksums for location /data/app/~~z_gZJR6MTtdJXmSeW8VSEA==/com.lmsa.app-CWWcXZ-v4_RuS5SE4tr0sw==/base.apk, fd=-1
2026-03-20 18:28:34.406   713-836   ImeTracker              system_server                        I  com.lmsa.app:2b8babfb: setFinished at PHASE_CLIENT_ANIMATION_CANCEL with STATUS_TIMEOUT
2026-03-20 18:28:35.477 14887-14887 chromium                pid-14887                            I  [INFO:CONSOLE:96] "TTS initialization timeout after 15000ms, assuming failure", source: file:///android_asset/LMSA/js/tts-service.js (96)
2026-03-20 18:28:35.495 14887-15102 LMSA_WebView            pid-14887                            D  Voice set to: en-us-x-sfg-local
2026-03-20 18:28:35.548 14887-14887 chromium                pid-14887                            I  [INFO:CONSOLE:579] "Model switch in progress", source: file:///android_asset/LMSA/js/model-manager.js (579)
2026-03-20 18:28:35.549 14887-14887 chromium                pid-14887                            I  [INFO:CONSOLE:592] "Requesting to load model: google/gemma-3-4b", source: file:///android_asset/LMSA/js/model-manager.js (592)
2026-03-20 18:28:35.549 14887-14887 chromium                pid-14887                            I  [INFO:CONSOLE:975] "Attempting to load model: google/gemma-3-4b", source: file:///android_asset/LMSA/js/api-service.js (975)
2026-03-20 18:28:35.549 14887-14887 chromium                pid-14887                            I  [INFO:CONSOLE:1022] "Using native v1 API to load model: google/gemma-3-4b", source: file:///android_asset/LMSA/js/api-service.js (1022)
2026-03-20 18:28:35.549 14887-14887 chromium                pid-14887                            I  [INFO:CONSOLE:770] "Trying Load model (native) with endpoint: /api/v1/models/load", source: file:///android_asset/LMSA/js/api-service.js (770)
2026-03-20 18:28:40.553 14887-14887 chromium                pid-14887                            I  [INFO:CONSOLE:791] "Network error with /api/v1/models/load: timeout", source: file:///android_asset/LMSA/js/api-service.js (791)
2026-03-20 18:28:40.553 14887-14887 chromium                pid-14887                            I  [INFO:CONSOLE:803] "Load model (native) failed with endpoint /api/v1/models/load: Network error", source: file:///android_asset/LMSA/js/api-service.js (803)
2026-03-20 18:28:40.553 14887-14887 chromium                pid-14887                            I  [INFO:CONSOLE:1032] "Native /api/v1/models/load failed, trying legacy endpoints...", source: file:///android_asset/LMSA/js/api-service.js (1032)
2026-03-20 18:28:40.553 14887-14887 chromium                pid-14887                            I  [INFO:CONSOLE:770] "Trying Load model (legacy) with endpoint: /v1/internal/model/load", source: file:///android_asset/LMSA/js/api-service.js (770)
2026-03-20 18:28:40.565 14887-14887 chromium                pid-14887                            I  [INFO:CONSOLE:798] "Load model (legacy) successful with endpoint: /v1/internal/model/load", source: file:///android_asset/LMSA/js/api-service.js (798)
2026-03-20 18:28:40.565 14887-14887 chromium                pid-14887                            I  [INFO:CONSOLE:1049] "API endpoint reported success, verifying model is actually loaded...", source: file:///android_asset/LMSA/js/api-service.js (1049)
2026-03-20 18:28:40.566 14887-14887 chromium                pid-14887                            I  [INFO:CONSOLE:824] "Checking if model is loaded (attempt 1/5)...", source: file:///android_asset/LMSA/js/api-service.js (824)
2026-03-20 18:28:41.195  3589-3589  artd                    artd                                 W  Could not get dex checksums for location /data/app/~~z_gZJR6MTtdJXmSeW8VSEA==/com.lmsa.app-CWWcXZ-v4_RuS5SE4tr0sw==/base.apk, fd=-1
2026-03-20 18:28:41.890 14887-14887 chromium                pid-14887                            I  [INFO:CONSOLE:824] "Checking if model is loaded (attempt 2/5)...", source: file:///android_asset/LMSA/js/api-service.js (824)
2026-03-20 18:28:45.016 14887-14887 chromium                pid-14887                            I  [INFO:CONSOLE:848] "Model google/gemma-3-4b is now loaded and responding: [object Object]", source: file:///android_asset/LMSA/js/api-service.js (848)
2026-03-20 18:28:45.016 14887-14887 chromium                pid-14887                            I  [INFO:CONSOLE:1053] "Successfully verified google/gemma-3-4b is loaded via endpoint method", source: file:///android_asset/LMSA/js/api-service.js (1053)
2026-03-20 18:28:45.027 14887-14887 chromium                pid-14887                            I  [INFO:CONSOLE:74] "LM Studio native v1 API detected (/api/v1/*)", source: file:///android_asset/LMSA/js/api-service.js (74)
2026-03-20 18:28:45.034 14887-14887 chromium                pid-14887                            I  [INFO:CONSOLE:392] "Native v1 API: loaded model detected: google/gemma-3-4b", source: file:///android_asset/LMSA/js/api-service.js (392)
2026-03-20 18:28:45.043 14887-14887 chromium                pid-14887                            I  [INFO:CONSOLE:87] "Native v1 API: vision capability for google/gemma-3-4b: true", source: file:///android_asset/LMSA/js/file-upload.js (87)
2026-03-20 18:28:45.044 14887-14887 chromium                pid-14887                            I  [INFO:CONSOLE:665] "Successfully loaded model: google/gemma-3-4b", source: file:///android_asset/LMSA/js/model-manager.js (665)
2026-03-20 18:28:45.044 14887-14887 chromium                pid-14887                            I  [INFO:CONSOLE:668] "Model loaded successfully", source: file:///android_asset/LMSA/js/model-manager.js (668)
2026-03-20 18:28:45.049 14887-14887 chromium                pid-14887                            I  [INFO:CONSOLE:312] "Returning cached model info", source: file:///android_asset/LMSA/js/api-service.js (312)
2026-03-20 18:28:45.049 14887-14887 chromium                pid-14887                            I  [INFO:CONSOLE:452] "Using explicitly provided modelId: google/gemma-3-4b", source: file:///android_asset/LMSA/js/model-manager.js (452)
2026-03-20 18:28:45.050 14887-14887 chromium                pid-14887                            I  [INFO:CONSOLE:974] "Displaying models with loaded model ID: google/gemma-3-4b", source: file:///android_asset/LMSA/js/model-manager.js (974)
2026-03-20 18:28:45.056 14887-14887 chromium                pid-14887                            I  [INFO:CONSOLE:45] "Returning cached vision capability: true", source: file:///android_asset/LMSA/js/file-upload.js (45)
2026-03-20 18:28:45.057 14887-14887 chromium                pid-14887                            I  [INFO:CONSOLE:45] "Returning cached vision capability: true", source: file:///android_asset/LMSA/js/file-upload.js (45)
2026-03-20 18:28:49.939   713-2048  AppsFilter              system_server                        I  interaction: PackageSetting{7cc69fe com.lmsa.app/10217} -> PackageSetting{460380f com.google.android.inputmethod.latin/10160} BLOCKED
2026-03-20 18:28:49.942 14887-14887 ImeTracker              pid-14887                            I  com.lmsa.app:a0ff5250: onRequestShow at ORIGIN_CLIENT reason SHOW_SOFT_INPUT fromUser false
2026-03-20 18:28:49.945  1412-1412  GoogleInpu...hodService com...gle.android.inputmethod.latin  I  GoogleInputMethodService.onStartInput():1293 onStartInput(EditorInfo{EditorInfo{packageName=com.lmsa.app, inputType=ac0a1, inputTypeString=WebEditText[NoSuggestion|MultiLine|CapSentences|AutoCorrect], enableLearning=true, autoCorrection=true, autoComplete=true, imeOptions=12000001, privateImeOptions=null, actionName=NONE, actionLabel=null, initialSelStart=0, initialSelEnd=0, initialCapsMode=0, label=null, fieldId=2131231187, fieldName=null, extras=null, hintText=null, hintLocales=[]}}, true)
2026-03-20 18:28:49.947   713-2048  PackageConfigPersister  system_server                        W  App-specific configuration not found for packageName: com.lmsa.app and userId: 0
2026-03-20 18:28:49.947   713-940   ContentCap...serService system_server                        D  Notified activity assist data for activity: Token{b347de5 ActivityRecord{26384719 u0 com.lmsa.app/.WebViewActivity t53}} without a session Id
2026-03-20 18:28:49.949  1412-1412  GoogleInpu...hodService com...gle.android.inputmethod.latin  I  GoogleInputMethodService.onStartInputView():1392 onStartInputView(EditorInfo{EditorInfo{packageName=com.lmsa.app, inputType=ac0a1, inputTypeString=WebEditText[NoSuggestion|MultiLine|CapSentences|AutoCorrect], enableLearning=true, autoCorrection=true, autoComplete=true, imeOptions=12000001, privateImeOptions=null, actionName=NONE, actionLabel=null, initialSelStart=0, initialSelEnd=0, initialCapsMode=0, label=null, fieldId=2131231187, fieldName=null, extras=null, hintText=null, hintLocales=[]}}, false)
2026-03-20 18:28:49.965  1412-1412  AndroidIME              com...gle.android.inputmethod.latin  I  AbstractIme.onActivate():90 LatinIme.onActivate() : EditorInfo = EditorInfo{packageName=com.lmsa.app, inputType=ac0a1, inputTypeString=WebEditText[NoSuggestion|MultiLine|CapSentences|AutoCorrect], enableLearning=true, autoCorrection=true, autoComplete=true, imeOptions=12000001, privateImeOptions=null, actionName=NONE, actionLabel=null, initialSelStart=0, initialSelEnd=0, initialCapsMode=0, label=null, fieldId=2131231187, fieldName=null, extras=null, hintText=null, hintLocales=[]}, IncognitoMode = false, DeviceLocked = false
2026-03-20 18:28:50.000   713-738   CoreBackPreview         system_server                        D  Window{9c101f8 u0 com.lmsa.app/com.lmsa.app.WebViewActivity}: Setting back callback OnBackInvokedCallbackInfo{mCallback=android.window.IOnBackInvokedCallback$Stub$Proxy@18d111d, mPriority=0, mIsAnimationCallback=true, mOverrideBehavior=0}
2026-03-20 18:28:50.371 14887-14887 ImeTracker              pid-14887                            I  com.lmsa.app:a0ff5250: onShown
2026-03-20 18:28:51.198  3589-3601  artd                    artd                                 W  Could not get dex checksums for location /data/app/~~z_gZJR6MTtdJXmSeW8VSEA==/com.lmsa.app-CWWcXZ-v4_RuS5SE4tr0sw==/base.apk, fd=-1
2026-03-20 18:28:58.618   713-2048  ClipboardService        system_server                        I  LMSA pasted from your clipboard
2026-03-20 18:29:01.225  3589-3601  artd                    artd                                 W  Could not get dex checksums for location /data/app/~~z_gZJR6MTtdJXmSeW8VSEA==/com.lmsa.app-CWWcXZ-v4_RuS5SE4tr0sw==/base.apk, fd=-1
2026-03-20 18:29:04.909 14887-15102 LMSA_WebView            pid-14887                            D  Successfully saved data to internal storage: chatHistory
2026-03-20 18:29:04.914 14887-15102 LMSA_WebView            pid-14887                            D  Successfully saved data to internal storage: chatHistory
2026-03-20 18:29:04.923 14887-14887 ImeTracker              pid-14887                            I  com.lmsa.app:144c8532: onRequestHide at ORIGIN_CLIENT reason HIDE_SOFT_INPUT fromUser false
2026-03-20 18:29:04.924   713-2048  CoreBackPreview         system_server                        D  Window{9c101f8 u0 com.lmsa.app/com.lmsa.app.WebViewActivity}: Setting back callback OnBackInvokedCallbackInfo{mCallback=android.window.IOnBackInvokedCallback$Stub$Proxy@68cd6c6, mPriority=0, mIsAnimationCallback=false, mOverrideBehavior=0}
2026-03-20 18:29:04.927  1412-1412  GoogleInpu...hodService com...gle.android.inputmethod.latin  I  GoogleInputMethodService.onStartInput():1293 onStartInput(EditorInfo{EditorInfo{packageName=com.lmsa.app, inputType=0, inputTypeString=NULL, enableLearning=false, autoCorrection=false, autoComplete=false, imeOptions=12000000, privateImeOptions=null, actionName=UNSPECIFIED, actionLabel=null, initialSelStart=-1, initialSelEnd=-1, initialCapsMode=0, label=null, fieldId=0, fieldName=null, extras=null, hintText=null, hintLocales=[]}}, true)
2026-03-20 18:29:04.928   713-2043  PackageConfigPersister  system_server                        W  App-specific configuration not found for packageName: com.lmsa.app and userId: 0
2026-03-20 18:29:04.928  1412-1412  GoogleInpu...hodService com...gle.android.inputmethod.latin  I  GoogleInputMethodService.onStartInputView():1392 onStartInputView(EditorInfo{EditorInfo{packageName=com.lmsa.app, inputType=0, inputTypeString=NULL, enableLearning=false, autoCorrection=false, autoComplete=false, imeOptions=12000000, privateImeOptions=null, actionName=UNSPECIFIED, actionLabel=null, initialSelStart=-1, initialSelEnd=-1, initialCapsMode=0, label=null, fieldId=0, fieldName=null, extras=null, hintText=null, hintLocales=[]}}, true)
2026-03-20 18:29:04.951  1412-1412  AndroidIME              com...gle.android.inputmethod.latin  I  AbstractIme.onActivate():90 PasswordIme.onActivate() : EditorInfo = EditorInfo{packageName=com.lmsa.app, inputType=0, inputTypeString=NULL, enableLearning=false, autoCorrection=false, autoComplete=false, imeOptions=12000000, privateImeOptions=null, actionName=UNSPECIFIED, actionLabel=null, initialSelStart=-1, initialSelEnd=-1, initialCapsMode=0, label=null, fieldId=0, fieldName=null, extras=null, hintText=null, hintLocales=[]}, IncognitoMode = false, DeviceLocked = false
2026-03-20 18:29:05.141 14887-14887 chromium                pid-14887                            I  [INFO:CONSOLE:443] "Preparing to send API request...", source: file:///android_asset/LMSA/js/chat-service.js (443)
2026-03-20 18:29:05.141 14887-14887 chromium                pid-14887                            I  [INFO:CONSOLE:444] "Request body messages count: 2", source: file:///android_asset/LMSA/js/chat-service.js (444)
2026-03-20 18:29:05.141 14887-14887 chromium                pid-14887                            I  [INFO:CONSOLE:445] "Last message structure: {
                                                                                                      "role": "user",
                                                                                                      "content": "Tell me a short storyTell me a short story."
                                                                                                    }", source: file:///android_asset/LMSA/js/chat-service.js (445)
2026-03-20 18:29:05.141 14887-14887 chromium                pid-14887                            I  [INFO:CONSOLE:473] "Sending fetch request to: http://192.168.10.21:1234/v1/chat/completions", source: file:///android_asset/LMSA/js/chat-service.js (473)
2026-03-20 18:29:05.141 14887-14887 chromium                pid-14887                            I  [INFO:CONSOLE:493] "Waiting for API response...", source: file:///android_asset/LMSA/js/chat-service.js (493)
2026-03-20 18:29:05.186 14887-14887 chromium                pid-14887                            I  [INFO:CONSOLE:495] "Received response, status: 200 OK", source: file:///android_asset/LMSA/js/chat-service.js (495)
2026-03-20 18:29:10.809 14887-15102 LMSA_WebView            pid-14887                            D  Successfully saved data to internal storage: chatHistory
2026-03-20 18:29:10.814 14887-15102 LMSA_WebView            pid-14887                            D  Successfully saved data to internal storage: chatHistory
2026-03-20 18:29:11.240  3589-3601  artd                    artd                                 W  Could not get dex checksums for location /data/app/~~z_gZJR6MTtdJXmSeW8VSEA==/com.lmsa.app-CWWcXZ-v4_RuS5SE4tr0sw==/base.apk, fd=-1
2026-03-20 18:29:14.933   713-836   ImeTracker              system_server                        I  com.lmsa.app:144c8532: setFinished at PHASE_CLIENT_ANIMATION_CANCEL with STATUS_TIMEOUT
2026-03-20 18:29:18.337 14887-14887 chromium                pid-14887                            I  [INFO:CONSOLE:90] "Calling AndroidTTS.initializeTTS()", source: file:///android_asset/LMSA/js/tts-service.js (90)
2026-03-20 18:29:21.220  3589-3601  artd                    artd                                 W  Could not get dex checksums for location /data/app/~~z_gZJR6MTtdJXmSeW8VSEA==/com.lmsa.app-CWWcXZ-v4_RuS5SE4tr0sw==/base.apk, fd=-1
2026-03-20 18:29:23.556 14887-14887 ImeTracker              pid-14887                            I  com.lmsa.app:f1475bcc: onRequestShow at ORIGIN_CLIENT reason SHOW_SOFT_INPUT fromUser false
2026-03-20 18:29:23.557  1412-1412  GoogleInpu...hodService com...gle.android.inputmethod.latin  I  GoogleInputMethodService.onStartInput():1293 onStartInput(EditorInfo{EditorInfo{packageName=com.lmsa.app, inputType=2c0a1, inputTypeString=WebEditText[MultiLine|CapSentences|AutoCorrect], enableLearning=true, autoCorrection=true, autoComplete=true, imeOptions=12000001, privateImeOptions=null, actionName=NONE, actionLabel=null, initialSelStart=1889, initialSelEnd=1889, initialCapsMode=0, label=null, fieldId=2131231187, fieldName=null, extras=null, hintText=null, hintLocales=[]}}, true)
2026-03-20 18:29:23.560   713-940   PackageConfigPersister  system_server                        W  App-specific configuration not found for packageName: com.lmsa.app and userId: 0
2026-03-20 18:29:23.561  1412-1412  GoogleInpu...hodService com...gle.android.inputmethod.latin  I  GoogleInputMethodService.onStartInputView():1392 onStartInputView(EditorInfo{EditorInfo{packageName=com.lmsa.app, inputType=2c0a1, inputTypeString=WebEditText[MultiLine|CapSentences|AutoCorrect], enableLearning=true, autoCorrection=true, autoComplete=true, imeOptions=12000001, privateImeOptions=null, actionName=NONE, actionLabel=null, initialSelStart=1889, initialSelEnd=1889, initialCapsMode=0, label=null, fieldId=2131231187, fieldName=null, extras=null, hintText=null, hintLocales=[]}}, false)
