                                                                                                    	at com.android.server.am.psc.OomAdjuster.postUpdateOomAdjInnerLSP(OomAdjuster.java:1196)
                                                                                                    	at com.android.server.am.psc.OomAdjusterImpl.partialUpdateLSP(OomAdjusterImpl.java:874)
                                                                                                    	at com.android.server.am.psc.OomAdjusterImpl.performUpdateOomAdjPendingTargetsLocked(OomAdjusterImpl.java:710)
                                                                                                    	at com.android.server.am.psc.OomAdjuster.updateOomAdjPendingTargetsLocked(OomAdjuster.java:1140)
                                                                                                    	at com.android.server.am.psc.ProcessStateController.runPendingUpdateImpl(ProcessStateController.java:341)
                                                                                                    	at com.android.server.am.psc.ProcessStateController.runPendingUpdate(ProcessStateController.java:332)
                                                                                                    	at com.android.server.am.ActivityManagerService.updateOomAdjPendingTargetsLocked(ActivityManagerService.java:16219)
                                                                                                    	at com.android.server.am.ActiveServices.bumpServiceExecutingLocked(ActiveServices.java:5540)
                                                                                                    	at com.android.server.am.ActiveServices.removeConnectionLocked(ActiveServices.java:7118)
                                                                                                    	at com.android.server.am.ActiveServices.killServicesLocked(ActiveServices.java:7783)
                                                                                                    	at com.android.server.am.ActivityManagerService.cleanUpApplicationRecordLocked(ActivityManagerService.java:14159)
                                                                                                    	at com.android.server.am.ActivityManagerService.handleAppDiedLocked(ActivityManagerService.java:3866)
                                                                                                    	at com.android.server.am.ActivityManagerService.appDiedLocked(ActivityManagerService.java:4000)
                                                                                                    	at com.android.server.am.ActivityManagerService$AppDeathRecipient.binderDied(ActivityManagerService.java:1673)
                                                                                                    	at android.os.IBinder$DeathRecipient.binderDied(IBinder.java:341)
                                                                                                    	at android.os.BinderProxy.sendDeathNotice(BinderProxy.java:839)
2026-04-23 21:02:45.760   688-1357  ActivityTaskManager     system_server                        V  TaskLaunchParamsModifier: phase=3 task=Task{1e682b7 #214 type=standard A=10237:com.lmsa.app} activity=ActivityRecord{245773750 u0 com.lmsa.app/.WebViewActivity t-1} display-from-option=0 display-id=0 task-display-area-windowing-mode=1 suggested-display-area=DefaultTaskDisplayArea@151661958 inherit-from-source=fullscreen non-freeform-task-display-area display-area=DefaultTaskDisplayArea@151661958 skip-bounds-fullscreen
2026-04-23 21:02:45.760   688-1357  ActivityTaskManager     system_server                        I  START u0 {act=android.intent.action.MAIN cat=[android.intent.category.LAUNCHER] flg=0x10200000 xflg=0x4 cmp=com.lmsa.app/.WebViewActivity bnds=[836,1905][1009,2100]} with LAUNCH_MULTIPLE from uid 10193 (com.google.android.apps.nexuslauncher) (sr=221628456) (BAL_ALLOW_VISIBLE_WINDOW) result code=0
2026-04-23 21:02:45.760   969-1028  WindowManagerShell      com.android.systemui                 V  Transition requested (#122): android.os.BinderProxy@eac317b TransitionRequestInfo { type = OPEN, triggerTask = TaskInfo{userId=0 taskId=214 effectiveUid=10237 displayId=0 isRunning=true baseIntent=Intent { act=android.intent.action.MAIN cat=[android.intent.category.LAUNCHER] flg=0x10200000 cmp=com.lmsa.app/.WebViewActivity } baseActivity=ComponentInfo{com.lmsa.app/com.lmsa.app.WebViewActivity} topActivity=ComponentInfo{com.lmsa.app/com.lmsa.app.WebViewActivity} origActivity=null realActivity=ComponentInfo{com.lmsa.app/com.lmsa.app.WebViewActivity} realActivityIsAppLockEnabled=false numActivities=1 lastActiveTime=7493856 supportsMultiWindow=true supportsMultiWindowWithoutConstraints=true resizeMode=1 isResizeable=true minWidth=-1 minHeight=-1 defaultMinSize=220 token=WCT{android.os.BinderProxy@686bb98} topActivityType=1 pictureInPictureParams=null shouldDockBigOverlays=false launchIntoPipHostTaskId=-1 lastParentTaskIdBeforePip=-1 displayCutoutSafeInsets=Rect(0, 121 - 0, 0) topActivityInfo=ActivityInfo{4165ff1 com.lmsa.app.WebViewActivity} launchCookies=[android.os.BinderProxy@42877d6] positionInParent=Point(0, 0) parentTaskId=-1 isFocused=false isInteractive=false isVisible=false isVisibleRequested=false isTopActivityNoDisplay=false isSleeping=false locusId=null displayAreaFeatureId=1 isTopActivityTransparent=false isActivityStackTransparent=false lastNonFullscreenBounds=null leafTaskBoundsFromOptions= false capturedLink=null capturedLinkTimestamp=0 requestedVisibleTypes=503 topActivityRequestOpenInBrowserEducationTimestamp=0 appCompatTaskInfo=AppCompatTaskInfo { topActivityInSizeCompat=false isLeafTask= true eligibleForLetterboxEducation= false isLetterboxEducationEnabled= true isLetterboxDoubleTapEnabled= false eligibleForUserAspectRatioButton= false topActivityBoundsLetterboxed= false isFromLetterboxDoubleTap= false topActivityLetterboxVerticalPosition= -1 topActivityLetterboxHorizontalPosition= -1 topActivityLetterboxWidth=-1 topActivityLetterboxHeight=-1 topActivityAppBounds=Rect(0, 0 - 1080, 2400) isUserFullscreenOverrideEnabled=false isSystemFullscreenOverrideEnabled=false hasMinAspectRatioOverride=false topActivityLetterboxBounds=null topNonResizableActivityAspectRatio=-1.0} topActivityMainWindowFrame=null isAppBubble=false}, pipChange = null, remoteTransitionInfo = RemoteTransitionInfo { remoteTransition = android.window.IRemoteTransition$Stub$Proxy@f426a57, debugName = QuickstepLaunch, filter = null }, displayChange = null, requestedLocation = null, userChange = null, windowingLayerChange = null, fullscreenRequestChange = null, flags = 0, debugId = 122 }
2026-04-23 21:02:45.775   688-721   ActivityManager         system_server                        I  Start proc 15549:com.lmsa.app/u0a237 for next-top-activity {com.lmsa.app/com.lmsa.app.WebViewActivity}
2026-04-23 21:02:45.778   688-2339  WindowManager           system_server                        D  setClientSurface Surface(name=VRI-Splash Screen com.lmsa.app#1172)/@0x96e09bc for 8723490 Splash Screen com.lmsa.app
2026-04-23 21:02:45.781 15549-15549 Zygote                  zygote64                             I  Process 15549 created for com.lmsa.app
2026-04-23 21:02:45.781 15549-15549 com.lmsa.app            zygote64                             I  Late-enabling -Xcheck:jni
2026-04-23 21:02:45.791 15549-15549 com.lmsa.app            zygote64                             I  Using generational CollectorTypeCMC GC.
2026-04-23 21:02:45.792 15549-15549 com.lmsa.app            zygote64                             W  Unexpected CPU variant for x86: x86_64.
                                                                                                    Known variants: atom, sandybridge, silvermont, goldmont, goldmont-plus, goldmont-without-sha-xsaves, tremont, kabylake, alderlake, lunarlake, default
2026-04-23 21:02:45.798 15549-15549 nativeloader            com.lmsa.app                         D  Load libframework-connectivity-tiramisu-jni.so using APEX ns com_android_tethering for caller /apex/com.android.tethering/javalib/framework-connectivity-t.jar: ok
---------------------------- PROCESS STARTED (15549) for package com.lmsa.app ----------------------------
2026-04-23 21:02:45.823   688-711   WindowManager           system_server                        V  Sent Transition (#122) createdAt=04-23 21:02:45.754 via request=TransitionRequestInfo { type = OPEN, triggerTask = TaskInfo{userId=0 taskId=214 effectiveUid=10237 displayId=0 isRunning=true baseIntent=Intent { act=android.intent.action.MAIN cat=[android.intent.category.LAUNCHER] flg=0x10200000 cmp=com.lmsa.app/.WebViewActivity } baseActivity=ComponentInfo{com.lmsa.app/com.lmsa.app.WebViewActivity} topActivity=ComponentInfo{com.lmsa.app/com.lmsa.app.WebViewActivity} origActivity=null realActivity=ComponentInfo{com.lmsa.app/com.lmsa.app.WebViewActivity} realActivityIsAppLockEnabled=false numActivities=1 lastActiveTime=7493856 supportsMultiWindow=true supportsMultiWindowWithoutConstraints=true resizeMode=1 isResizeable=true minWidth=-1 minHeight=-1 defaultMinSize=220 token=WCT{RemoteToken{5057866 Task{1e682b7 #214 type=standard A=10237:com.lmsa.app}}} topActivityType=1 pictureInPictureParams=null shouldDockBigOverlays=false launchIntoPipHostTaskId=-1 lastParentTaskIdBeforePip=-1 displayCutoutSafeInsets=Rect(0, 121 - 0, 0) topActivityInfo=ActivityInfo{2e787a7 com.lmsa.app.WebViewActivity} launchCookies=[android.os.BinderProxy@a13d454] positionInParent=Point(0, 0) parentTaskId=-1 isFocused=false isInteractive=false isVisible=false isVisibleRequested=false isTopActivityNoDisplay=false isSleeping=false locusId=null displayAreaFeatureId=1 isTopActivityTransparent=false isActivityStackTransparent=false lastNonFullscreenBounds=null leafTaskBoundsFromOptions= false capturedLink=null capturedLinkTimestamp=0 requestedVisibleTypes=503 topActivityRequestOpenInBrowserEducationTimestamp=0 appCompatTaskInfo=AppCompatTaskInfo { topActivityInSizeCompat=false isLeafTask= true eligibleForLetterboxEducation= false isLetterboxEducationEnabled= true isLetterboxDoubleTapEnabled= false eligibleForUserAspectRatioButton= false topActivityBoundsLetterboxed= false isFromLetterboxDoubleTap= false topActivityLetterboxVerticalPosition= -1 topActivityLetterboxHorizontalPosition= -1 topActivityLetterboxWidth=-1 topActivityLetterboxHeight=-1 topActivityAppBounds=Rect(0, 0 - 1080, 2400) isUserFullscreenOverrideEnabled=false isSystemFullscreenOverrideEnabled=false hasMinAspectRatioOverride=false topActivityLetterboxBounds=null topNonResizableActivityAspectRatio=-1.0} topActivityMainWindowFrame=null isAppBubble=false}, pipChange = null, remoteTransitionInfo = RemoteTransitionInfo { remoteTransition = android.window.IRemoteTransition$Stub$Proxy@21b2ffd, debugName = QuickstepLaunch, filter = null }, displayChange = null, requestedLocation = null, userChange = null, windowingLayerChange = null, fullscreenRequestChange = null, flags = 0, debugId = 122 }
2026-04-23 21:02:45.824   688-711   WindowManager           system_server                        V      info={id=122 t=OPEN f=0x0 trk=0 r=[0@Point(0, 0)] c=[
                                                                                                            {WCT{RemoteToken{5057866 Task{1e682b7 #214 type=standard A=10237:com.lmsa.app}}} m=OPEN f=MOVE_TO_TOP leash=Surface(name=Task=214#1169)/@0xff005a8 sb=Rect(0, 0 - 1080, 2400) eb=Rect(0, 0 - 1080, 2400) epz=Point(1080, 2400) d=0 taskParent=-1 winMode=1 userId=0},
                                                                                                            {WCT{RemoteToken{90b6243 Task{cee887d #1 type=home}}} m=TO_BACK f=SHOW_WALLPAPER leash=Surface(name=Task=1#34)/@0x8233f66 sb=Rect(0, 0 - 1080, 2400) eb=Rect(0, 0 - 1080, 2400) epz=Point(1080, 2400) d=0 taskParent=-1 winMode=1 userId=0},
                                                                                                            {m=TO_BACK f=IS_WALLPAPER leash=Surface(name=WallpaperWindowToken{a0d7e83}#53)/@0x2484bc1 sb=Rect(0, 0 - 1080, 2400) eb=Rect(0, 0 - 1080, 2400) epz=Point(1080, 2400) d=0}
                                                                                                        ]}
2026-04-23 21:02:45.983 15549-15549 nativeloader            com.lmsa.app                         D  Configuring clns-9 for other apk /data/app/~~eZlAy6x-SE2gZCoLTO7cvw==/com.lmsa.app-g0if599ZfQcgmS8Miv4Raw==/base.apk. target_sdk_version=36, uses_libraries=, library_path=/data/app/~~eZlAy6x-SE2gZCoLTO7cvw==/com.lmsa.app-g0if599ZfQcgmS8Miv4Raw==/lib/x86_64, permitted_path=/data:/mnt/expand:/data/user/0/com.lmsa.app
2026-04-23 21:02:45.993 15549-15549 GraphicsEnvironment     com.lmsa.app                         V  Currently set values for:
2026-04-23 21:02:45.994 15549-15549 GraphicsEnvironment     com.lmsa.app                         V    angle_gl_driver_selection_pkgs=[]
2026-04-23 21:02:45.994 15549-15549 GraphicsEnvironment     com.lmsa.app                         V    angle_gl_driver_selection_values=[]
2026-04-23 21:02:45.994 15549-15549 GraphicsEnvironment     com.lmsa.app                         V  com.lmsa.app is not listed in per-application setting
2026-04-23 21:02:45.994 15549-15549 GraphicsEnvironment     com.lmsa.app                         V  No special selections for ANGLE, returning default driver choice
2026-04-23 21:02:45.994 15549-15549 GraphicsEnvironment     com.lmsa.app                         V  Neither updatable production driver nor prerelease driver is supported.
2026-04-23 21:02:46.015 15549-15549 WM-WrkMgrInitializer    com.lmsa.app                         D  Initializing WorkManager with default configuration.
2026-04-23 21:02:46.021 15549-15563 ApplicationLoaders      com.lmsa.app                         D  Returning zygote-cached class loader: /system/framework/org.apache.http.legacy.jar
2026-04-23 21:02:46.022 15549-15563 ApplicationLoaders      com.lmsa.app                         D  Returning zygote-cached class loader: /system/framework/com.android.location.provider.jar
2026-04-23 21:02:46.022 15549-15563 ApplicationLoaders      com.lmsa.app                         D  Returning zygote-cached class loader: /system/framework/com.android.media.remotedisplay.jar
2026-04-23 21:02:46.023 15549-15563 nativeloader            com.lmsa.app                         D  Configuring clns-10 for other apk /system_ext/framework/com.android.extensions.appfunctions.jar. target_sdk_version=37, uses_libraries=ALL, library_path=/data/app/~~vec9fYC93fr_YUACkpId6g==/com.google.android.gms-VMWMMn4LlGKkusRAciG6zQ==/lib/x86_64:/data/app/~~vec9fYC93fr_YUACkpId6g==/com.google.android.gms-VMWMMn4LlGKkusRAciG6zQ==/base.apk!/lib/x86_64, permitted_path=/data:/mnt/expand:/data/user/0/com.google.android.gms
2026-04-23 21:02:46.027 15549-15563 ApplicationLoaders      com.lmsa.app                         D  Returning zygote-cached class loader: /system_ext/framework/androidx.window.extensions.jar
2026-04-23 21:02:46.027 15549-15563 ApplicationLoaders      com.lmsa.app                         D  Returning zygote-cached class loader: /system_ext/framework/androidx.window.sidecar.jar
2026-04-23 21:02:46.029 15549-15563 com.lmsa.app            com.lmsa.app                         W  Loading /data/app/~~vec9fYC93fr_YUACkpId6g==/com.google.android.gms-VMWMMn4LlGKkusRAciG6zQ==/oat/x86_64/base.odex non-executable as it requires an image which we failed to load
2026-04-23 21:02:46.035 15549-15563 nativeloader            com.lmsa.app                         D  Configuring clns-11 for other apk /data/app/~~vec9fYC93fr_YUACkpId6g==/com.google.android.gms-VMWMMn4LlGKkusRAciG6zQ==/base.apk. target_sdk_version=37, uses_libraries=, library_path=/data/app/~~vec9fYC93fr_YUACkpId6g==/com.google.android.gms-VMWMMn4LlGKkusRAciG6zQ==/lib/x86_64:/data/app/~~vec9fYC93fr_YUACkpId6g==/com.google.android.gms-VMWMMn4LlGKkusRAciG6zQ==/base.apk!/lib/x86_64, permitted_path=/data:/mnt/expand:/data/user/0/com.google.android.gms
2026-04-23 21:02:46.082   688-2339  AppsFilter              system_server                        I  interaction: PackageSetting{3a85457 com.lmsa.app/10237} -> PackageSetting{7e9184a com.google.android.apps.nexuslauncher/10193} BLOCKED
2026-04-23 21:02:46.088 15549-15566 DisplayManager          com.lmsa.app                         I  Choreographer implicitly registered for the refresh rate.
2026-04-23 21:02:46.128 15549-15566 GFXSTREAM               com.lmsa.app                         I  [eglDisplay.cpp(297)] Opening libGLESv1_CM_emulation.so
2026-04-23 21:02:46.130 15549-15566 GFXSTREAM               com.lmsa.app                         I  [eglDisplay.cpp(297)] Opening libGLESv2_emulation.so
2026-04-23 21:02:46.174 15549-15566 HWUI                    com.lmsa.app                         W  Failed to choose config with EGL_SWAP_BEHAVIOR_PRESERVED, retrying without...
2026-04-23 21:02:46.174 15549-15566 HWUI                    com.lmsa.app                         W  Failed to initialize 101010-2 format, error = EGL_SUCCESS
2026-04-23 21:02:46.186 15549-15549 DesktopExperienceFlags  com.lmsa.app                         D  Toggle override initialized to: false
2026-04-23 21:02:46.203 15549-15549 AppCompatDelegate       com.lmsa.app                         D  Checking for metadata for AppLocalesMetadataHolderService : Service not found
2026-04-23 21:02:46.217 15549-15549 CompatChangeReporter    com.lmsa.app                         D  Compat change id reported: 377864165; UID 10237; state: ENABLED
2026-04-23 21:02:46.217 15549-15549 DesktopModeFlags        com.lmsa.app                         D  Toggle override initialized to: OVERRIDE_UNSET
2026-04-23 21:02:46.273 15549-15549 com.lmsa.app            com.lmsa.app                         I  hiddenapi: Accessing hidden method Landroid/view/ViewGroup;->makeOptionalFitsSystemWindows()V (runtime_flags=0, domain=platform, api=unsupported) from Landroidx/appcompat/widget/ViewUtils; (domain=app, TargetSdkVersion=36) using reflection: allowed
2026-04-23 21:02:46.294 15549-15549 WebViewFactory          com.lmsa.app                         I  Loading com.google.android.webview version 145.0.7632.45 (code 763204538)
2026-04-23 21:02:46.300 15549-15549 ResourcesManager        com.lmsa.app                         V  The following library key has been added: ResourcesKey{ mHash=6deb663f mResDir=null mSplitDirs=[] mOverlayDirs=[] mLibDirs=[/data/app/~~SRpTDepN5z9xkPBtqVvp-Q==/com.google.android.webview-D67mMC3w8zrn1tK99UW9ag==/WebViewGoogle.apk,/data/app/~~oAn4M-MEwLoDo-zcXfORew==/com.google.android.trichromelibrary_763204538--vDTjwJs28Xd2AsNhFiBeg==/TrichromeLibrary.apk,/system_ext/framework/androidx.window.extensions.jar] mDisplayId=0 mOverrideConfig=v37 mCompatInfo={420dpi always-compat} mLoaders=[]}
2026-04-23 21:02:46.303 15549-15549 com.lmsa.app            com.lmsa.app                         W  Failed to find entry 'classes.dex': Entry not found
2026-04-23 21:02:46.303 15549-15549 nativeloader            com.lmsa.app                         D  Configuring clns-12 for other apk /data/app/~~oAn4M-MEwLoDo-zcXfORew==/com.google.android.trichromelibrary_763204538--vDTjwJs28Xd2AsNhFiBeg==/TrichromeLibrary.apk. target_sdk_version=36, uses_libraries=ALL, library_path=/data/app/~~SRpTDepN5z9xkPBtqVvp-Q==/com.google.android.webview-D67mMC3w8zrn1tK99UW9ag==/lib/x86_64:/data/app/~~SRpTDepN5z9xkPBtqVvp-Q==/com.google.android.webview-D67mMC3w8zrn1tK99UW9ag==/WebViewGoogle.apk!/lib/x86_64:/data/app/~~oAn4M-MEwLoDo-zcXfORew==/com.google.android.trichromelibrary_763204538--vDTjwJs28Xd2AsNhFiBeg==/TrichromeLibrary.apk!/lib/x86_64, permitted_path=/data:/mnt/expand
2026-04-23 21:02:46.306 15549-15549 ApplicationLoaders      com.lmsa.app                         D  Returning zygote-cached class loader: /system_ext/framework/androidx.window.extensions.jar
2026-04-23 21:02:46.308 15549-15549 nativeloader            com.lmsa.app                         D  Configuring clns-13 for other apk /data/app/~~SRpTDepN5z9xkPBtqVvp-Q==/com.google.android.webview-D67mMC3w8zrn1tK99UW9ag==/WebViewGoogle.apk. target_sdk_version=36, uses_libraries=, library_path=/data/app/~~SRpTDepN5z9xkPBtqVvp-Q==/com.google.android.webview-D67mMC3w8zrn1tK99UW9ag==/lib/x86_64:/data/app/~~SRpTDepN5z9xkPBtqVvp-Q==/com.google.android.webview-D67mMC3w8zrn1tK99UW9ag==/WebViewGoogle.apk!/lib/x86_64:/data/app/~~oAn4M-MEwLoDo-zcXfORew==/com.google.android.trichromelibrary_763204538--vDTjwJs28Xd2AsNhFiBeg==/TrichromeLibrary.apk!/lib/x86_64, permitted_path=/data:/mnt/expand
2026-04-23 21:02:46.326 15549-15549 cr_WVCFactoryProvider   com.lmsa.app                         I  version=145.0.7632.45 (763204538) minSdkVersion=29 multiprocess=true packageId=2 splits=<none>
2026-04-23 21:02:46.341 15549-15549 nativeloader            com.lmsa.app                         D  Load /data/app/~~oAn4M-MEwLoDo-zcXfORew==/com.google.android.trichromelibrary_763204538--vDTjwJs28Xd2AsNhFiBeg==/TrichromeLibrary.apk!/lib/x86_64/libmonochrome_64.so using class loader ns clns-13 (caller=/data/app/~~SRpTDepN5z9xkPBtqVvp-Q==/com.google.android.webview-D67mMC3w8zrn1tK99UW9ag==/WebViewGoogle.apk): ok
2026-04-23 21:02:46.343 15549-15549 nativeloader            com.lmsa.app                         D  Load /system/lib64/libwebviewchromium_plat_support.so using class loader ns clns-13 (caller=/data/app/~~SRpTDepN5z9xkPBtqVvp-Q==/com.google.android.webview-D67mMC3w8zrn1tK99UW9ag==/WebViewGoogle.apk): ok
2026-04-23 21:02:46.349 15549-15573 chromium                com.lmsa.app                         E  [0423/210246.349439:ERROR:android_webview/browser/variations/variations_seed_loader.cc:39] Seed missing signature.
2026-04-23 21:02:46.349 15549-15573 chromium                com.lmsa.app                         I  [0423/210246.349848:INFO:android_webview/browser/variations/variations_seed_loader.cc:67] Failed to open file for reading.: No such file or directory (2)
2026-04-23 21:02:46.354 15549-15549 cr_LibraryLoader        com.lmsa.app                         I  Successfully loaded native library
2026-04-23 21:02:46.354 15549-15549 cr_CachingUmaRecorder   com.lmsa.app                         I  Flushed 18 samples from 18 histograms, 0 samples were dropped.
2026-04-23 21:02:46.357 15549-15549 cr_ChildProcLH          com.lmsa.app                         I  ScopedServiceBindingBatch.tryActivate: false
2026-04-23 21:02:46.358 15549-15549 cr_CombinedPProvider    com.lmsa.app                         I  #registerProvider() provider:WV.qk@16bbb7 isPolicyCacheEnabled:false policyProvidersSize:0
2026-04-23 21:02:46.359 15549-15549 cr_PolicyProvider       com.lmsa.app                         I  #setManagerAndSource() 0
2026-04-23 21:02:46.368 15549-15549 cr_DisplayManager       com.lmsa.app                         I  Is Display Topology available: false
2026-04-23 21:02:46.392   688-1027  ActivityManager         system_server                        I  Start proc 15577:com.google.android.webview:sandboxed_process0:org.chromium.content.app.SandboxedProcessService0:0/u0i27 for bound-service {com.lmsa.app/org.chromium.content.app.SandboxedProcessService0:0}
2026-04-23 21:02:46.397 15549-15549 cr_CombinedPProvider    com.lmsa.app                         I  #linkNativeInternal() 1
2026-04-23 21:02:46.397 15549-15549 cr_AppResProvider       com.lmsa.app                         I  #getApplicationRestrictionsFromUserManager() Bundle[EMPTY_PARCEL]
2026-04-23 21:02:46.398 15549-15549 cr_PolicyProvider       com.lmsa.app                         I  #notifySettingsAvailable() 0
2026-04-23 21:02:46.398 15549-15549 cr_CombinedPProvider    com.lmsa.app                         I  #onSettingsAvailable() 0
2026-04-23 21:02:46.398 15549-15549 cr_CombinedPProvider    com.lmsa.app                         I  #flushPolicies()
2026-04-23 21:02:46.419 15549-15549 chromium                com.lmsa.app                         W  [WARNING:android_webview/browser/network_service/net_helpers.cc:137] HTTP Cache size is: 20971520
2026-04-23 21:02:46.447   688-1871  ConnectivityService     system_server                        D  requestNetwork for uid/pid:10237/15549 activeRequest: null callbackRequest: 370 [NetworkRequest [ REQUEST id=371, [ Capabilities: INTERNET&NOT_RESTRICTED&TRUSTED&NOT_VCN_MANAGED&NOT_BANDWIDTH_CONSTRAINED Uid: 10237 RequestorUid: 10237 RequestorPkg: com.lmsa.app UnderlyingNetworks: Null] ]] callback flags: 0 order: 2147483647 isUidTracked: false declaredMethods: AVAIL|LOST|NC|LP
2026-04-23 21:02:46.448   688-858   WifiNetworkFactory      system_server                        D  got request NetworkRequest [ REQUEST id=371, [ Capabilities: INTERNET&NOT_RESTRICTED&TRUSTED&NOT_VCN_MANAGED&NOT_BANDWIDTH_CONSTRAINED Uid: 10237 RequestorUid: 10237 RequestorPkg: com.lmsa.app UnderlyingNetworks: Null] ]
2026-04-23 21:02:46.449   688-858   UntrustedW...orkFactory system_server                        D  got request NetworkRequest [ REQUEST id=371, [ Capabilities: INTERNET&NOT_RESTRICTED&TRUSTED&NOT_VCN_MANAGED&NOT_BANDWIDTH_CONSTRAINED Uid: 10237 RequestorUid: 10237 RequestorPkg: com.lmsa.app UnderlyingNetworks: Null] ]
2026-04-23 21:02:46.449   688-858   OemPaidWif...orkFactory system_server                        D  got request NetworkRequest [ REQUEST id=371, [ Capabilities: INTERNET&NOT_RESTRICTED&TRUSTED&NOT_VCN_MANAGED&NOT_BANDWIDTH_CONSTRAINED Uid: 10237 RequestorUid: 10237 RequestorPkg: com.lmsa.app UnderlyingNetworks: Null] ]
2026-04-23 21:02:46.450   688-858   MultiInter...orkFactory system_server                        D  got request NetworkRequest [ REQUEST id=371, [ Capabilities: INTERNET&NOT_RESTRICTED&TRUSTED&NOT_VCN_MANAGED&NOT_BANDWIDTH_CONSTRAINED Uid: 10237 RequestorUid: 10237 RequestorPkg: com.lmsa.app UnderlyingNetworks: Null] ]
2026-04-23 21:02:46.547 15549-15593 cr_media                com.lmsa.app                         W  BLUETOOTH_CONNECT permission is missing.
2026-04-23 21:02:46.548 15549-15593 cr_media                com.lmsa.app                         W  getBluetoothAdapter() requires BLUETOOTH permission
2026-04-23 21:02:46.548 15549-15593 cr_media                com.lmsa.app                         W  registerBluetoothIntentsIfNeeded: Requires BLUETOOTH permission
2026-04-23 21:02:46.551 15549-15610 libc                    com.lmsa.app                         W  Access denied finding property "vendor.mesa.log"
2026-04-23 21:02:46.551 15549-15610 libc                    com.lmsa.app                         W  Access denied finding property "vendor.mesa.log.file"
2026-04-23 21:02:46.551 15549-15610 MESA                    com.lmsa.app                         E  Failed to open rendernode: No such file or directory
2026-04-23 21:02:46.551 15549-15610 MESA                    com.lmsa.app                         E  Failed to open rendernode: No such file or directory
2026-04-23 21:02:46.553 15549-15593 AudioSystem             com.lmsa.app                         D  onNewService: media.audio_policy service obtained 0x7d4ad3edaf70
2026-04-23 21:02:46.553 15549-15593 AudioSystem             com.lmsa.app                         D  getService: IAudioPolicyService retrieved: 0x7d4ad3edaf70  cached: 0x7d4ad3edaf70
2026-04-23 21:02:46.556 15549-15610 MESA                    com.lmsa.app                         E  Failed to open rendernode: No such file or directory
2026-04-23 21:02:46.561 15549-15610 MESA                    com.lmsa.app                         E  Failed to open rendernode: No such file or directory
2026-04-23 21:02:46.561 15549-15610 MESA                    com.lmsa.app                         E  Failed to open rendernode: No such file or directory
2026-04-23 21:02:46.563 15549-15610 MESA                    com.lmsa.app                         E  Failed to open rendernode: No such file or directory
2026-04-23 21:02:46.563 15549-15610 MESA                    com.lmsa.app                         E  Failed to open rendernode: No such file or directory
2026-04-23 21:02:46.564 15549-15610 MESA                    com.lmsa.app                         E  Failed to open rendernode: No such file or directory
2026-04-23 21:02:46.564 15549-15610 MESA                    com.lmsa.app                         E  Failed to open rendernode: No such file or directory
2026-04-23 21:02:46.565 15549-15610 libc                    com.lmsa.app                         W  Access denied finding property "vendor.mesa.vk.trace.per.submit"
2026-04-23 21:02:46.565 15549-15610 libc                    com.lmsa.app                         W  Access denied finding property "vendor.mesa.gallium.print.optio"
2026-04-23 21:02:46.565 15549-15610 libc                    com.lmsa.app                         W  Access denied finding property "vendor.mesa.vk.trace.frame"
2026-04-23 21:02:46.578 15549-15610 MESA                    com.lmsa.app                         E  Failed to open rendernode: No such file or directory
2026-04-23 21:02:46.580 15549-15610 libc                    com.lmsa.app                         W  Access denied finding property "vendor.mesa.vk.wsi.headless.swa"
2026-04-23 21:02:46.581 15549-15610 MESA                    com.lmsa.app                         E  Failed to open rendernode: No such file or directory
2026-04-23 21:02:46.582 15549-15610 MESA                    com.lmsa.app                         E  Failed to open rendernode: No such file or directory
2026-04-23 21:02:46.596 15549-15549 DynamiteModule          com.lmsa.app                         I  Considering local module com.google.android.gms.ads.dynamite:0 and remote module com.google.android.gms.ads.dynamite:260480602
2026-04-23 21:02:46.596 15549-15549 DynamiteModule          com.lmsa.app                         I  Selected remote version of com.google.android.gms.ads.dynamite, version >= 260480602
2026-04-23 21:02:46.596 15549-15549 DynamiteModule          com.lmsa.app                         V  Dynamite loader version >= 2, using loadModule2NoCrashUtils
2026-04-23 21:02:46.609 15549-15549 System                  com.lmsa.app                         W  ClassLoader referenced unknown path: 
2026-04-23 21:02:46.610 15549-15549 nativeloader            com.lmsa.app                         D  Configuring clns-14 for other apk . target_sdk_version=37, uses_libraries=, library_path=/data/app/~~vec9fYC93fr_YUACkpId6g==/com.google.android.gms-VMWMMn4LlGKkusRAciG6zQ==/lib/x86_64:/data/app/~~vec9fYC93fr_YUACkpId6g==/com.google.android.gms-VMWMMn4LlGKkusRAciG6zQ==/base.apk!/lib/x86_64, permitted_path=/data:/mnt/expand:/data/user/0/com.google.android.gms
2026-04-23 21:02:46.716   688-1357  ConnectivityService     system_server                        D  requestNetwork for uid/pid:10237/15549 activeRequest: null callbackRequest: 373 [NetworkRequest [ REQUEST id=374, [ Capabilities: INTERNET&NOT_RESTRICTED&TRUSTED&NOT_VCN_MANAGED&NOT_BANDWIDTH_CONSTRAINED Uid: 10237 RequestorUid: 10237 RequestorPkg: com.lmsa.app UnderlyingNetworks: Null] ]] callback flags: 0 order: 2147483647 isUidTracked: false declaredMethods: AVAIL|LOST
2026-04-23 21:02:46.718   688-858   WifiNetworkFactory      system_server                        D  got request NetworkRequest [ REQUEST id=374, [ Capabilities: INTERNET&NOT_RESTRICTED&TRUSTED&NOT_VCN_MANAGED&NOT_BANDWIDTH_CONSTRAINED Uid: 10237 RequestorUid: 10237 RequestorPkg: com.lmsa.app UnderlyingNetworks: Null] ]
2026-04-23 21:02:46.718   688-858   UntrustedW...orkFactory system_server                        D  got request NetworkRequest [ REQUEST id=374, [ Capabilities: INTERNET&NOT_RESTRICTED&TRUSTED&NOT_VCN_MANAGED&NOT_BANDWIDTH_CONSTRAINED Uid: 10237 RequestorUid: 10237 RequestorPkg: com.lmsa.app UnderlyingNetworks: Null] ]
2026-04-23 21:02:46.718   688-858   OemPaidWif...orkFactory system_server                        D  got request NetworkRequest [ REQUEST id=374, [ Capabilities: INTERNET&NOT_RESTRICTED&TRUSTED&NOT_VCN_MANAGED&NOT_BANDWIDTH_CONSTRAINED Uid: 10237 RequestorUid: 10237 RequestorPkg: com.lmsa.app UnderlyingNetworks: Null] ]
2026-04-23 21:02:46.718   688-858   MultiInter...orkFactory system_server                        D  got request NetworkRequest [ REQUEST id=374, [ Capabilities: INTERNET&NOT_RESTRICTED&TRUSTED&NOT_VCN_MANAGED&NOT_BANDWIDTH_CONSTRAINED Uid: 10237 RequestorUid: 10237 RequestorPkg: com.lmsa.app UnderlyingNetworks: Null] ]
2026-04-23 21:02:46.801   688-1871  ActivityTaskManager     system_server                        V  TaskLaunchParamsModifier: phase=3 task=Task{1e682b7 #214 type=standard A=10237:com.lmsa.app} activity=ActivityRecord{8776969 u0 com.google.android.permissioncontroller/com.android.permissioncontroller.permission.ui.GrantPermissionsActivity t-1} display-area-from-source=DefaultTaskDisplayArea@151661958 display-id=0 task-display-area-windowing-mode=1 suggested-display-area=DefaultTaskDisplayArea@151661958 inherit-from-source=fullscreen non-freeform-task-display-area display-area=DefaultTaskDisplayArea@151661958 skip-bounds-fullscreen
2026-04-23 21:02:46.801   688-1871  ActivityTaskManager     system_server                        I  START u0 {act=android.content.pm.action.REQUEST_PERMISSIONS xflg=0x4 pkg=com.google.android.permissioncontroller cmp=com.google.android.permissioncontroller/com.android.permissioncontroller.permission.ui.GrantPermissionsActivity (has extras)} with LAUNCH_MULTIPLE from uid 10237 (com.lmsa.app) (rr=245773750) (BAL_ALLOW_VISIBLE_WINDOW) result code=0
2026-04-23 21:02:46.801   969-1028  WindowManagerShell      com.android.systemui                 V  Transition requested (#123): android.os.BinderProxy@91f283f TransitionRequestInfo { type = OPEN, triggerTask = TaskInfo{userId=0 taskId=214 effectiveUid=10237 displayId=0 isRunning=true baseIntent=Intent { act=android.intent.action.MAIN cat=[android.intent.category.LAUNCHER] flg=0x10200000 cmp=com.lmsa.app/.WebViewActivity } baseActivity=ComponentInfo{com.lmsa.app/com.lmsa.app.WebViewActivity} topActivity=ComponentInfo{com.google.android.permissioncontroller/com.android.permissioncontroller.permission.ui.GrantPermissionsActivity} origActivity=null realActivity=ComponentInfo{com.lmsa.app/com.lmsa.app.WebViewActivity} realActivityIsAppLockEnabled=false numActivities=2 lastActiveTime=7494897 supportsMultiWindow=true supportsMultiWindowWithoutConstraints=true resizeMode=1 isResizeable=true minWidth=-1 minHeight=-1 defaultMinSize=220 token=WCT{android.os.BinderProxy@686bb98} topActivityType=1 pictureInPictureParams=null shouldDockBigOverlays=false launchIntoPipHostTaskId=-1 lastParentTaskIdBeforePip=-1 displayCutoutSafeInsets=Rect(0, 0 - 0, 0) topActivityInfo=ActivityInfo{41850c com.android.permissioncontroller.permission.ui.GrantPermissionsActivity} launchCookies=[android.os.BinderProxy@42877d6] positionInParent=Point(0, 0) parentTaskId=-1 isFocused=true isInteractive=false isVisible=true isVisibleRequested=true isTopActivityNoDisplay=false isSleeping=false locusId=null displayAreaFeatureId=1 isTopActivityTransparent=true isActivityStackTransparent=false lastNonFullscreenBounds=null leafTaskBoundsFromOptions= false capturedLink=null capturedLinkTimestamp=0 requestedVisibleTypes=503 topActivityRequestOpenInBrowserEducationTimestamp=0 appCompatTaskInfo=AppCompatTaskInfo { topActivityInSizeCompat=false isLeafTask= true eligibleForLetterboxEducation= false isLetterboxEducationEnabled= true isLetterboxDoubleTapEnabled= false eligibleForUserAspectRatioButton= false topActivityBoundsLetterboxed= false isFromLetterboxDoubleTap= false topActivityLetterboxVerticalPosition= -1 topActivityLetterboxHorizontalPosition= -1 topActivityLetterboxWidth=-1 topActivityLetterboxHeight=-1 topActivityAppBounds=Rect(0, 0 - 1080, 2400) isUserFullscreenOverrideEnabled=false isSystemFullscreenOverrideEnabled=false hasMinAspectRatioOverride=false topActivityLetterboxBounds=null topNonResizableActivityAspectRatio=-1.0} topActivityMainWindowFrame=null isAppBubble=false}, pipChange = null, remoteTransitionInfo = null, displayChange = null, requestedLocation = null, userChange = null, windowingLayerChange = null, fullscreenRequestChange = null, flags = 0, debugId = 123 }
2026-04-23 21:02:46.827 15549-15549 BillingClient           com.lmsa.app                         W  Client is already in the process of connecting to billing service.
2026-04-23 21:02:46.840 15549-15549 LMSA_WebView            com.lmsa.app                         D  Deferring App Open ad display until billing entitlement resolves
2026-04-23 21:02:46.840   688-1037  MediaFocusControl       system_server                        I  abandonAudioFocus() from uid/pid 10237/15549 clientId=android.media.AudioManager@43fbb8fcom.lmsa.app.WebViewActivity$$ExternalSyntheticLambda32@9e29e1c callingPack=com.lmsa.app
2026-04-23 21:02:46.841 15549-15549 LMSA_WebView            com.lmsa.app                         D  Creating TextToSpeech instance
2026-04-23 21:02:46.844 15549-15549 TextToSpeech            com.lmsa.app                         I  Sucessfully bound to com.google.android.tts
2026-04-23 21:02:46.844 15549-15549 LMSA_WebView            com.lmsa.app                         D  TTS engine re-initialization started on resume
2026-04-23 21:02:46.853 15549-15549 HWUI                    com.lmsa.app                         W  Unknown dataspace 0
2026-04-23 21:02:46.858 15549-15549 InsetsController        com.lmsa.app                         D  Setting requestedVisibleTypes to 496 (was 503)
2026-04-23 21:02:46.882 15549-15651 CameraManagerGlobal     com.lmsa.app                         I  Connecting to camera service
2026-04-23 21:02:46.895  2305-2645  Finsky                  com.android.vending                  I  [53] com.lmsa.app: Account from first account - [ALMcM1m5Ns6Ba1X64AKCj5PQ6ioXwdEB6jM5XOp2kiU]
2026-04-23 21:02:46.895  2305-2645  Finsky                  com.android.vending                  I  [53] Billing preferred account via installer for com.lmsa.app: [ALMcM1m5Ns6Ba1X64AKCj5PQ6ioXwdEB6jM5XOp2kiU]
2026-04-23 21:02:46.899  2305-2633  Finsky                  com.android.vending                  I  [52] com.lmsa.app: Account from first account - [ALMcM1m5Ns6Ba1X64AKCj5PQ6ioXwdEB6jM5XOp2kiU]
2026-04-23 21:02:46.899  2305-2633  Finsky                  com.android.vending                  I  [52] Billing preferred account via installer for com.lmsa.app: [ALMcM1m5Ns6Ba1X64AKCj5PQ6ioXwdEB6jM5XOp2kiU]
2026-04-23 21:02:46.902 15549-15549 WindowOnBackDispatcher  com.lmsa.app                         D  setTopOnBackInvokedCallback (unwrapped): android.app.Activity$$ExternalSyntheticLambda0@c1804b9
2026-04-23 21:02:46.903   688-1871  CoreBackPreview         system_server                        D  Window{8bd37d u0 com.lmsa.app/com.lmsa.app.WebViewActivity}: Setting back callback OnBackInvokedCallbackInfo{mCallback=android.window.IOnBackInvokedCallback$Stub$Proxy@246f535, mPriority=-1, mIsAnimationCallback=false, mOverrideBehavior=0}
2026-04-23 21:02:46.904 15549-15549 WindowOnBackDispatcher  com.lmsa.app                         D  setTopOnBackInvokedCallback (unwrapped): androidx.activity.OnBackPressedDispatcher$Api34Impl$createOnBackAnimationCallback$1@b9f505f
2026-04-23 21:02:46.904   688-1871  CoreBackPreview         system_server                        D  Window{8bd37d u0 com.lmsa.app/com.lmsa.app.WebViewActivity}: Setting back callback OnBackInvokedCallbackInfo{mCallback=android.window.IOnBackInvokedCallback$Stub$Proxy@2eabdca, mPriority=0, mIsAnimationCallback=true, mOverrideBehavior=0}
2026-04-23 21:02:46.908 15549-15549 VRI[WebViewActivity]    com.lmsa.app                         D  WindowInsets changed: 1080x2400 statusBars:[0,121,0,0] navigationBars:[0,0,0,63] mandatorySystemGestures:[0,153,0,84] 
2026-04-23 21:02:46.918   688-1037  WindowManager           system_server                        D  setClientSurface Surface(name=VRI-com.lmsa.app/com.lmsa.app.WebViewActivity#1183)/@0x8caa3e9 for 8bd37d com.lmsa.app/com.lmsa.app.WebViewActivity
2026-04-23 21:02:46.922 15549-15656 LMSA_WebView            com.lmsa.app                         D  Startup billing entitlement resolved via queryPurchases
2026-04-23 21:02:46.924 15549-15549 Surface                 com.lmsa.app                         I  Creating surface for consumer unnamed-15549-0 with slotExpansion=1 for 64 slots
2026-04-23 21:02:46.925 15549-15549 Surface                 com.lmsa.app                         I  Creating surface for consumer VRI[WebViewActivity]#0(BLAST Consumer)0 with slotExpansion=1 for 64 slots
2026-04-23 21:02:46.926 15549-15549 VRI[WebViewActivity]    com.lmsa.app                         D  WindowInsets changed: statusBars:null navigationBars:null 
2026-04-23 21:02:46.941 15549-15549 LMSA_WebView            com.lmsa.app                         D  Updated system gesture exclusion rects: Rect(0, 937 - 105, 1462)
2026-04-23 21:02:47.039 15549-15549 DynamiteModule          com.lmsa.app                         I  Considering local module com.google.android.gms.ads.dynamite:0 and remote module com.google.android.gms.ads.dynamite:260480602
2026-04-23 21:02:47.039 15549-15549 DynamiteModule          com.lmsa.app                         I  Selected remote version of com.google.android.gms.ads.dynamite, version >= 260480602
2026-04-23 21:02:47.039 15549-15549 DynamiteModule          com.lmsa.app                         V  Dynamite loader version >= 2, using loadModule2NoCrashUtils
2026-04-23 21:02:47.064 15549-15549 Ads                     com.lmsa.app                         I  This request is sent from a test device.
2026-04-23 21:02:47.154   688-1037  ConnectivityService     system_server                        D  requestNetwork for uid/pid:10237/15549 activeRequest: null callbackRequest: 375 [NetworkRequest [ REQUEST id=376, [ Capabilities: INTERNET&NOT_RESTRICTED&TRUSTED&NOT_VCN_MANAGED&NOT_BANDWIDTH_CONSTRAINED Uid: 10237 RequestorUid: 10237 RequestorPkg: com.lmsa.app UnderlyingNetworks: Null] ]] callback flags: 0 order: 2147483647 isUidTracked: false declaredMethods: AVAIL|LOST|NC
2026-04-23 21:02:47.155   688-858   WifiNetworkFactory      system_server                        D  got request NetworkRequest [ REQUEST id=376, [ Capabilities: INTERNET&NOT_RESTRICTED&TRUSTED&NOT_VCN_MANAGED&NOT_BANDWIDTH_CONSTRAINED Uid: 10237 RequestorUid: 10237 RequestorPkg: com.lmsa.app UnderlyingNetworks: Null] ]
2026-04-23 21:02:47.155   688-858   UntrustedW...orkFactory system_server                        D  got request NetworkRequest [ REQUEST id=376, [ Capabilities: INTERNET&NOT_RESTRICTED&TRUSTED&NOT_VCN_MANAGED&NOT_BANDWIDTH_CONSTRAINED Uid: 10237 RequestorUid: 10237 RequestorPkg: com.lmsa.app UnderlyingNetworks: Null] ]
2026-04-23 21:02:47.155   688-858   OemPaidWif...orkFactory system_server                        D  got request NetworkRequest [ REQUEST id=376, [ Capabilities: INTERNET&NOT_RESTRICTED&TRUSTED&NOT_VCN_MANAGED&NOT_BANDWIDTH_CONSTRAINED Uid: 10237 RequestorUid: 10237 RequestorPkg: com.lmsa.app UnderlyingNetworks: Null] ]
2026-04-23 21:02:47.156   688-858   MultiInter...orkFactory system_server                        D  got request NetworkRequest [ REQUEST id=376, [ Capabilities: INTERNET&NOT_RESTRICTED&TRUSTED&NOT_VCN_MANAGED&NOT_BANDWIDTH_CONSTRAINED Uid: 10237 RequestorUid: 10237 RequestorPkg: com.lmsa.app UnderlyingNetworks: Null] ]
2026-04-23 21:02:47.188   688-1037  ConnectivityService     system_server                        D  requestNetwork for uid/pid:10237/15549 activeRequest: null callbackRequest: 377 [NetworkRequest [ REQUEST id=378, [ Capabilities: INTERNET&NOT_RESTRICTED&TRUSTED&NOT_VCN_MANAGED&NOT_BANDWIDTH_CONSTRAINED Uid: 10237 RequestorUid: 10237 RequestorPkg: com.lmsa.app UnderlyingNetworks: Null] ]] callback flags: 0 order: 2147483647 isUidTracked: false declaredMethods: AVAIL|LOST|NC
2026-04-23 21:02:47.189   688-858   WifiNetworkFactory      system_server                        D  got request NetworkRequest [ REQUEST id=378, [ Capabilities: INTERNET&NOT_RESTRICTED&TRUSTED&NOT_VCN_MANAGED&NOT_BANDWIDTH_CONSTRAINED Uid: 10237 RequestorUid: 10237 RequestorPkg: com.lmsa.app UnderlyingNetworks: Null] ]
2026-04-23 21:02:47.189   688-858   UntrustedW...orkFactory system_server                        D  got request NetworkRequest [ REQUEST id=378, [ Capabilities: INTERNET&NOT_RESTRICTED&TRUSTED&NOT_VCN_MANAGED&NOT_BANDWIDTH_CONSTRAINED Uid: 10237 RequestorUid: 10237 RequestorPkg: com.lmsa.app UnderlyingNetworks: Null] ]
2026-04-23 21:02:47.189   688-858   OemPaidWif...orkFactory system_server                        D  got request NetworkRequest [ REQUEST id=378, [ Capabilities: INTERNET&NOT_RESTRICTED&TRUSTED&NOT_VCN_MANAGED&NOT_BANDWIDTH_CONSTRAINED Uid: 10237 RequestorUid: 10237 RequestorPkg: com.lmsa.app UnderlyingNetworks: Null] ]
2026-04-23 21:02:47.189   688-858   MultiInter...orkFactory system_server                        D  got request NetworkRequest [ REQUEST id=378, [ Capabilities: INTERNET&NOT_RESTRICTED&TRUSTED&NOT_VCN_MANAGED&NOT_BANDWIDTH_CONSTRAINED Uid: 10237 RequestorUid: 10237 RequestorPkg: com.lmsa.app UnderlyingNetworks: Null] ]
2026-04-23 21:02:47.219 15549-15628 Ads                     com.lmsa.app                         W  Invoke Firebase method getInstance error.
2026-04-23 21:02:47.219 15549-15628 Ads                     com.lmsa.app                         W  The Google Mobile Ads SDK will not integrate with Firebase. Admob/Firebase integration requires the latest Firebase SDK jar, but Firebase SDK is either missing or out of date
2026-04-23 21:02:47.221   688-1871  AppsFilter              system_server                        I  interaction: PackageSetting{3a85457 com.lmsa.app/10237} -> PackageSetting{27f794b com.google.android.apps.maps/10169} BLOCKED
2026-04-23 21:02:47.222 15549-15549 ServiceBindIntentUtils  com.lmsa.app                         W  Dynamic lookup for intent failed for action: com.google.android.gms.ads.service.CACHE
2026-04-23 21:02:47.232 15549-15549 chromium                com.lmsa.app                         I  [INFO:CONSOLE:19] "TTSService created, Android available: true", source: file:///android_asset/LMSA/js/tts-service.js (19)
2026-04-23 21:02:47.235 15549-15549 chromium                com.lmsa.app                         I  [INFO:CONSOLE:27] "Loading modals...", source: file:///android_asset/LMSA/js/components/modal-loader.js (27)
2026-04-23 21:02:47.235 15549-15549 chromium                com.lmsa.app                         I  [INFO:CONSOLE:43] "Modals loaded successfully", source: file:///android_asset/LMSA/js/components/modal-loader.js (43)
2026-04-23 21:02:47.259 15549-15549 TextToSpeech            com.lmsa.app                         W  isSpeaking failed: not bound to TTS engine
2026-04-23 21:02:47.289 15549-15627 Ads                     com.lmsa.app                         W  Not retrying to fetch app settings
2026-04-23 21:02:47.297 15549-15711 ServiceBindIntentUtils  com.lmsa.app                         W  Dynamic lookup for intent failed for action: com.google.android.gms.ads.service.START
2026-04-23 21:02:47.327   688-816   ImeTracker              system_server                        I  com.lmsa.app:30ab9e38: onRequestHide at ORIGIN_SERVER reason HIDE_UNSPECIFIED_WINDOW fromUser false userId 0 displayId 0
2026-04-23 21:02:47.335   688-1037  ImeTracker              system_server                        I  com.lmsa.app:72239d8a: onRequestHide at ORIGIN_SERVER reason HIDE_SOFT_INPUT fromUser false userId 0 displayId 0
2026-04-23 21:02:47.336   688-1037  ImeTracker              system_server                        I  com.lmsa.app:72239d8a: onCancelled at PHASE_SERVER_SHOULD_HIDE
2026-04-23 21:02:47.341  2017-2017  GoogleInpu...hodService com...gle.android.inputmethod.latin  I  GoogleInputMethodService.onStartInput():1384 onStartInput(EditorInfo{EditorInfo{packageName=com.lmsa.app, inputType=0, inputTypeString=NULL, enableLearning=false, autoCorrection=false, autoComplete=false, imeOptions=0, privateImeOptions=null, actionName=UNSPECIFIED, actionLabel=null, initialSelStart=-1, initialSelEnd=-1, initialCapsMode=0, label=null, fieldId=0, fieldName=null, extras=null, hintText=null, hintLocales=[]}}, false)
2026-04-23 21:02:47.345 15549-15549 InsetsController        com.lmsa.app                         D  hide(ime())
2026-04-23 21:02:47.349 15549-15549 ImeTracker              com.lmsa.app                         I  com.lmsa.app:30ab9e38: onCancelled at PHASE_CLIENT_ALREADY_HIDDEN
2026-04-23 21:02:47.349   688-1871  PackageConfigPersister  system_server                        W  App-specific configuration not found for packageName: com.lmsa.app and userId: 0
2026-04-23 21:02:47.375 15549-15719 HWUI                    com.lmsa.app                         I  Using FreeType backend (prop=Auto)
