2026-03-20 18:32:35.507   713-742   WindowManager           system_server                        V  Sent Transition (#163) createdAt=03-20 18:32:34.963 via request=TransitionRequestInfo { type = OPEN, triggerTask = TaskInfo{userId=0 taskId=55 effectiveUid=10217 displayId=0 isRunning=true baseIntent=Intent { act=android.intent.action.MAIN cat=[android.intent.category.LAUNCHER] flg=0x10200000 cmp=com.lmsa.app/.WebViewActivity } baseActivity=ComponentInfo{com.lmsa.app/com.lmsa.app.WebViewActivity} topActivity=ComponentInfo{com.google.android.permissioncontroller/com.android.permissioncontroller.permission.ui.GrantPermissionsActivity} origActivity=null realActivity=ComponentInfo{com.lmsa.app/com.lmsa.app.WebViewActivity} numActivities=2 lastActiveTime=3712593 supportsMultiWindow=true resizeMode=1 isResizeable=true minWidth=-1 minHeight=-1 defaultMinSize=220 token=WCT{RemoteToken{5d97f48 Task{e0e5c4 #55 type=standard A=10217:com.lmsa.app}}} topActivityType=1 pictureInPictureParams=null shouldDockBigOverlays=false launchIntoPipHostTaskId=-1 lastParentTaskIdBeforePip=-1 displayCutoutSafeInsets=Rect(0, 0 - 0, 0) topActivityInfo=ActivityInfo{57205d com.android.permissioncontroller.permission.ui.GrantPermissionsActivity} launchCookies=[android.os.BinderProxy@c329b06] positionInParent=Point(0, 0) parentTaskId=-1 isFocused=true isVisible=true isVisibleRequested=true isTopActivityNoDisplay=false isSleeping=false locusId=null displayAreaFeatureId=1 isTopActivityTransparent=true isActivityStackTransparent=false lastNonFullscreenBounds=Rect(345, 867 - 999, 2211) capturedLink=null capturedLinkTimestamp=0 requestedVisibleTypes=-9 topActivityRequestOpenInBrowserEducationTimestamp=0 appCompatTaskInfo=AppCompatTaskInfo { topActivityInSizeCompat=false eligibleForLetterboxEducation= false isLetterboxEducationEnabled= true isLetterboxDoubleTapEnabled= false eligibleForUserAspectRatioButton= false topActivityBoundsLetterboxed= false isFromLetterboxDoubleTap= false topActivityLetterboxVerticalPosition= -1 topActivityLetterboxHorizontalPosition= -1 topActivityLetterboxWidth=-1 topActivityLetterboxHeight=-1 topActivityAppBounds=Rect(0, 0 - 1344, 2992) isUserFullscreenOverrideEnabled=false isSystemFullscreenOverrideEnabled=false hasMinAspectRatioOverride=false topActivityLetterboxBounds=null cameraCompatTaskInfo=CameraCompatTaskInfo { freeformCameraCompatMode=inactive}} topActivityMainWindowFrame=null}, pipChange = null, remoteTransition = null, displayChange = null, flags = 0, debugId = 163 }
2026-03-20 18:32:35.534  5399-5399  GrantPermi...sViewModel com....android.permissioncontroller  I  Permission grant result requestId=1409403777309866081 callingUid=10217 callingPackage=com.lmsa.app permission=android.permission.READ_EXTERNAL_STORAGE isImplicit=false result=1 isPermissionRationaleShown=falseisPackageRestrictedByEnhancedConfirmation=false
2026-03-20 18:32:35.595 15689-15689 LMSA_WebView            pid-15689                            D  Audio attributes set for TTS with USAGE_MEDIA/CONTENT_TYPE_SPEECH
2026-03-20 18:32:35.595 15689-15689 LMSA_WebView            pid-15689                            D  TTS initialized successfully with optimized settings and audio attributes
2026-03-20 18:32:35.612   713-2041  CoreBackPreview         system_server                        D  Window{2476a9 u0 Splash Screen com.lmsa.app EXITING}: Setting back callback null
2026-03-20 18:32:35.657   713-1228  MediaFocusControl       system_server                        I  abandonAudioFocus() from uid/pid 10217/15689 clientId=android.media.AudioManager@8281d4ccom.lmsa.app.WebViewActivity$$ExternalSyntheticLambda24@6c9d195 callingPack=com.lmsa.app
2026-03-20 18:32:35.657 15689-15689 LMSA_WebView            pid-15689                            D  Creating TextToSpeech instance
2026-03-20 18:32:35.659 15689-15689 LMSA_WebView            pid-15689                            D  TTS reset and re-initialization started on resume
2026-03-20 18:32:35.666   713-836   ImeTracker              system_server                        I  com.lmsa.app:4cf5f5dd: onRequestHide at ORIGIN_SERVER reason HIDE_UNSPECIFIED_WINDOW fromUser false
2026-03-20 18:32:35.674 15689-15689 ImeTracker              pid-15689                            I  com.lmsa.app:4cf5f5dd: onCancelled at PHASE_CLIENT_ALREADY_HIDDEN
2026-03-20 18:32:35.674  1412-1412  GoogleInpu...hodService com...gle.android.inputmethod.latin  I  GoogleInputMethodService.onStartInput():1293 onStartInput(EditorInfo{EditorInfo{packageName=com.lmsa.app, inputType=0, inputTypeString=NULL, enableLearning=false, autoCorrection=false, autoComplete=false, imeOptions=0, privateImeOptions=null, actionName=UNSPECIFIED, actionLabel=null, initialSelStart=-1, initialSelEnd=-1, initialCapsMode=0, label=null, fieldId=0, fieldName=null, extras=null, hintText=null, hintLocales=[]}}, false)
2026-03-20 18:32:35.682   713-1228  PackageConfigPersister  system_server                        W  App-specific configuration not found for packageName: com.lmsa.app and userId: 0
2026-03-20 18:32:35.807 15689-15694 com.lmsa.app            pid-15689                            I  Compiler allocated 5042KB to compile void android.view.ViewRootImpl.performTraversals()
2026-03-20 18:32:35.815 15689-15689 chromium                pid-15689                            I  [INFO:CONSOLE:19] "TTSService created, Android available: true", source: file:///android_asset/LMSA/js/tts-service.js (19)
2026-03-20 18:32:36.241 15689-15689 chromium                pid-15689                            I  [INFO:CONSOLE:24] "Loading modals...", source: file:///android_asset/LMSA/js/components/modal-loader.js (24)
2026-03-20 18:32:36.241 15689-15689 chromium                pid-15689                            I  [INFO:CONSOLE:40] "Modals loaded successfully", source: file:///android_asset/LMSA/js/components/modal-loader.js (40)
2026-03-20 18:32:36.305 15689-15689 LMSA_WebView            pid-15689                            D  Audio attributes set for TTS with USAGE_MEDIA/CONTENT_TYPE_SPEECH
2026-03-20 18:32:36.305 15689-15689 LMSA_WebView            pid-15689                            D  TTS initialized successfully with optimized settings and audio attributes
2026-03-20 18:32:36.325 15689-15783 LMSA_WebView            pid-15689                            D  Successfully saved data to internal storage: chatHistory
2026-03-20 18:32:36.455 15689-15689 chromium                pid-15689                            I  [INFO:CONSOLE:95] "Performing silent model check...", source: file:///android_asset/LMSA/js/model-manager.js (95)
2026-03-20 18:32:36.457 15689-15689 chromium                pid-15689                            I  [INFO:CONSOLE:82] "Initializing OpenRouter Key Required Modal...", source: file:///android_asset/LMSA/js/components/modals/openrouter-key-required-modal.js (82)
2026-03-20 18:32:36.457 15689-15689 chromium                pid-15689                            I  [INFO:CONSOLE:120] "OpenRouter Key Required Modal initialized successfully", source: file:///android_asset/LMSA/js/components/modals/openrouter-key-required-modal.js (120)
2026-03-20 18:32:36.457 15689-15689 chromium                pid-15689                            I  [INFO:CONSOLE:88] "Initializing Smart Reply Warning Modal...", source: file:///android_asset/LMSA/js/components/modals/smart-reply-warning-modal.js (88)
2026-03-20 18:32:36.457 15689-15689 chromium                pid-15689                            I  [INFO:CONSOLE:136] "Smart Reply Warning Modal initialized successfully", source: file:///android_asset/LMSA/js/components/modals/smart-reply-warning-modal.js (136)
2026-03-20 18:32:36.457 15689-15689 chromium                pid-15689                            I  [INFO:CONSOLE:111] "Initializing OpenRouter Warning Modal...", source: file:///android_asset/LMSA/js/components/modals/openrouter-warning-modal.js (111)
2026-03-20 18:32:36.457 15689-15689 chromium                pid-15689                            I  [INFO:CONSOLE:155] "OpenRouter Warning Modal initialized successfully", source: file:///android_asset/LMSA/js/components/modals/openrouter-warning-modal.js (155)
2026-03-20 18:32:36.457 15689-15689 chromium                pid-15689                            I  [INFO:CONSOLE:170] "Pre-initializing TTS service...", source: file:///android_asset/LMSA/js/main.js (170)
2026-03-20 18:32:36.457 15689-15689 chromium                pid-15689                            I  [INFO:CONSOLE:90] "Calling AndroidTTS.initializeTTS()", source: file:///android_asset/LMSA/js/tts-service.js (90)
2026-03-20 18:32:36.457 15689-15689 chromium                pid-15689                            I  [INFO:CONSOLE:74] "LM Studio native v1 API detected (/api/v1/*)", source: file:///android_asset/LMSA/js/api-service.js (74)
2026-03-20 18:32:36.523 15689-15689 chromium                pid-15689                            I  [INFO:CONSOLE:79] "TTS initialization callback received: true", source: file:///android_asset/LMSA/js/tts-service.js (79)
2026-03-20 18:32:36.523 15689-15689 chromium                pid-15689                            I  [INFO:CONSOLE:82] "Android TTS initialized successfully", source: file:///android_asset/LMSA/js/tts-service.js (82)
2026-03-20 18:32:36.539 15689-15689 chromium                pid-15689                            I  [INFO:CONSOLE:233] "Loading model information from server...", source: file:///android_asset/LMSA/js/model-manager.js (233)
2026-03-20 18:32:36.563 15689-15689 chromium                pid-15689                            I  [INFO:CONSOLE:392] "Native v1 API: loaded model detected: google/gemma-3-4b", source: file:///android_asset/LMSA/js/api-service.js (392)
2026-03-20 18:32:36.589 15689-15689 chromium                pid-15689                            I  [INFO:CONSOLE:87] "Native v1 API: vision capability for google/gemma-3-4b: true", source: file:///android_asset/LMSA/js/file-upload.js (87)
2026-03-20 18:32:36.589 15689-15689 chromium                pid-15689                            I  [INFO:CONSOLE:251] "All available models: [object Object],[object Object],[object Object],[object Object],[object Object]", source: file:///android_asset/LMSA/js/model-manager.js (251)
2026-03-20 18:32:36.589 15689-15689 chromium                pid-15689                            I  [INFO:CONSOLE:258] "Currently loaded models according to API: google/gemma-3-4b", source: file:///android_asset/LMSA/js/model-manager.js (258)
2026-03-20 18:32:36.589 15689-15689 chromium                pid-15689                            I  [INFO:CONSOLE:262] "Using model from API service: google/gemma-3-4b", source: file:///android_asset/LMSA/js/model-manager.js (262)
2026-03-20 18:32:36.589 15689-15689 chromium                pid-15689                            I  [INFO:CONSOLE:295] "Default model ID from storage: null", source: file:///android_asset/LMSA/js/model-manager.js (295)
2026-03-20 18:32:36.590 15689-15689 chromium                pid-15689                            I  [INFO:CONSOLE:296] "Currently loaded model ID: google/gemma-3-4b", source: file:///android_asset/LMSA/js/model-manager.js (296)
2026-03-20 18:32:36.590 15689-15689 chromium                pid-15689                            I  [INFO:CONSOLE:297] "originalStartupFlag: true", source: file:///android_asset/LMSA/js/model-manager.js (297)
2026-03-20 18:32:36.590 15689-15689 chromium                pid-15689                            I  [INFO:CONSOLE:974] "Displaying models with loaded model ID: google/gemma-3-4b", source: file:///android_asset/LMSA/js/model-manager.js (974)
2026-03-20 18:32:36.819 15689-15689 chromium                pid-15689                            I  [INFO:CONSOLE:587] "[Settings Scroll Fix] Applied touch scrolling styles to settings-content-wrapper", source: file:///android_asset/LMSA/index.html (587)
2026-03-20 18:32:36.845 15689-15689 chromium                pid-15689                            I  [INFO:CONSOLE:228] "KaTeX loaded successfully", source: file:///android_asset/LMSA/js/external-libs-loader.js (228)
2026-03-20 18:32:36.845 15689-15689 chromium                pid-15689                            I  [INFO:CONSOLE:312] "Returning cached model info", source: file:///android_asset/LMSA/js/api-service.js (312)
2026-03-20 18:32:36.869 15689-15689 chromium                pid-15689                            I  [INFO:CONSOLE:24] "Premium status updated: true", source: file:///android_asset/LMSA/js/android-interface.js (24)
2026-03-20 18:32:40.283 15689-15836 ProfileInstaller        pid-15689                            D  Installing profile for com.lmsa.app
2026-03-20 18:32:40.687  1412-1412  GoogleInpu...hodService com...gle.android.inputmethod.latin  I  GoogleInputMethodService.onStartInput():1293 onStartInput(EditorInfo{EditorInfo{packageName=com.lmsa.app, inputType=0, inputTypeString=NULL, enableLearning=false, autoCorrection=false, autoComplete=false, imeOptions=12000000, privateImeOptions=null, actionName=UNSPECIFIED, actionLabel=null, initialSelStart=-1, initialSelEnd=-1, initialCapsMode=0, label=null, fieldId=0, fieldName=null, extras=null, hintText=null, hintLocales=[]}}, false)
2026-03-20 18:32:40.689   713-2086  PackageConfigPersister  system_server                        W  App-specific configuration not found for packageName: com.lmsa.app and userId: 0
2026-03-20 18:32:41.044 15689-15783 LMSA_WebView            pid-15689                            D  Successfully saved data to internal storage: chatHistory
2026-03-20 18:32:41.050 15689-15783 LMSA_WebView            pid-15689                            D  Successfully saved data to internal storage: chatHistory
2026-03-20 18:32:41.386  3589-3600  artd                    artd                                 W  Could not get dex checksums for location /data/app/~~z_gZJR6MTtdJXmSeW8VSEA==/com.lmsa.app-CWWcXZ-v4_RuS5SE4tr0sw==/base.apk, fd=-1
2026-03-20 18:32:45.331 15689-15689 chromium                pid-15689                            I  [INFO:CONSOLE:544] "Android TTS is ready after 100 ms", source: file:///android_asset/LMSA/js/tts-service.js (544)
2026-03-20 18:32:45.333   713-2089  MediaFocusControl       system_server                        I  requestAudioFocus() from uid/pid 10217/15689 AA=USAGE_MEDIA/CONTENT_TYPE_SPEECH clientId=android.media.AudioManager@8281d4ccom.lmsa.app.WebViewActivity$$ExternalSyntheticLambda24@6c9d195 callingPack=com.lmsa.app req=2 flags=0x1 sdk=35
2026-03-20 18:32:45.341 15689-15689 LMSA_WebView            pid-15689                            D  TTS speaking chunk 0 of 17: The rain in Havenwood always smelled of pine and r...
2026-03-20 18:32:45.412 15689-15828 LMSA_WebView            pid-15689                            D  TTS started chunk: tts_1774045965331_1_chunk_0
2026-03-20 18:32:45.422 15689-15689 chromium                pid-15689                            I  [INFO:CONSOLE:314] "Android TTS started: tts_1774045965331_1", source: file:///android_asset/LMSA/js/tts-service.js (314)
2026-03-20 18:32:46.731   713-738   MediaFocusControl       system_server                        I  abandonAudioFocus() from uid/pid 10217/15689 clientId=android.media.AudioManager@8281d4ccom.lmsa.app.WebViewActivity$$ExternalSyntheticLambda24@6c9d195 callingPack=com.lmsa.app
2026-03-20 18:32:46.732 15689-15689 LMSA_WebView            pid-15689                            D  TTS stopped (reason: speaker-toggle-stop)
2026-03-20 18:32:48.584 15689-15689 chromium                pid-15689                            I  [INFO:CONSOLE:544] "Android TTS is ready after 100 ms", source: file:///android_asset/LMSA/js/tts-service.js (544)
2026-03-20 18:32:48.585   713-738   MediaFocusControl       system_server                        I  requestAudioFocus() from uid/pid 10217/15689 AA=USAGE_MEDIA/CONTENT_TYPE_SPEECH clientId=android.media.AudioManager@8281d4ccom.lmsa.app.WebViewActivity$$ExternalSyntheticLambda24@6c9d195 callingPack=com.lmsa.app req=2 flags=0x1 sdk=35
2026-03-20 18:32:48.587 15689-15689 LMSA_WebView            pid-15689                            D  TTS speaking chunk 0 of 10: His name was Silas Blackwood a fittingly melanchol...
2026-03-20 18:32:48.646 15689-15699 LMSA_WebView            pid-15689                            D  TTS started chunk: tts_1774045968584_2_chunk_0
2026-03-20 18:32:48.648 15689-15689 chromium                pid-15689                            I  [INFO:CONSOLE:314] "Android TTS started: tts_1774045968584_2", source: file:///android_asset/LMSA/js/tts-service.js (314)
2026-03-20 18:32:50.198   713-2041  MediaFocusControl       system_server                        I  abandonAudioFocus() from uid/pid 10217/15689 clientId=android.media.AudioManager@8281d4ccom.lmsa.app.WebViewActivity$$ExternalSyntheticLambda24@6c9d195 callingPack=com.lmsa.app
2026-03-20 18:32:50.198 15689-15689 LMSA_WebView            pid-15689                            D  TTS stopped (reason: speaker-toggle-stop)
2026-03-20 18:32:51.394  3589-3589  artd                    artd                                 W  Could not get dex checksums for location /data/app/~~z_gZJR6MTtdJXmSeW8VSEA==/com.lmsa.app-CWWcXZ-v4_RuS5SE4tr0sw==/base.apk, fd=-1
2026-03-20 18:33:01.419  3589-3600  artd                    artd                                 W  Could not get dex checksums for location /data/app/~~z_gZJR6MTtdJXmSeW8VSEA==/com.lmsa.app-CWWcXZ-v4_RuS5SE4tr0sw==/base.apk, fd=-1
2026-03-20 18:33:11.376  3589-3600  artd                    artd                                 W  Could not get dex checksums for location /data/app/~~z_gZJR6MTtdJXmSeW8VSEA==/com.lmsa.app-CWWcXZ-v4_RuS5SE4tr0sw==/base.apk, fd=-1
2026-03-20 18:33:19.143 15689-15783 LMSA_WebView            pid-15689                            D  Successfully saved data to internal storage: chatHistory
2026-03-20 18:33:19.147 15689-15783 LMSA_WebView            pid-15689                            D  Successfully saved data to internal storage: chatHistory
2026-03-20 18:33:20.709 15689-15689 chromium                pid-15689                            I  [INFO:CONSOLE:106] "showModelModal called, isInitialStartup: false", source: file:///android_asset/LMSA/js/model-manager.js (106)
2026-03-20 18:33:20.710 15689-15689 chromium                pid-15689                            I  [INFO:CONSOLE:1372] "Showing mobile instructions for smartphone user", source: file:///android_asset/LMSA/js/model-manager.js (1372)
2026-03-20 18:33:20.731 15689-15689 chromium                pid-15689                            I  [INFO:CONSOLE:74] "LM Studio native v1 API detected (/api/v1/*)", source: file:///android_asset/LMSA/js/api-service.js (74)
2026-03-20 18:33:20.739 15689-15689 chromium                pid-15689                            I  [INFO:CONSOLE:233] "Loading model information from server...", source: file:///android_asset/LMSA/js/model-manager.js (233)
2026-03-20 18:33:20.747 15689-15689 chromium                pid-15689                            I  [INFO:CONSOLE:392] "Native v1 API: loaded model detected: google/gemma-3-4b", source: file:///android_asset/LMSA/js/api-service.js (392)
2026-03-20 18:33:20.763 15689-15689 chromium                pid-15689                            I  [INFO:CONSOLE:87] "Native v1 API: vision capability for google/gemma-3-4b: true", source: file:///android_asset/LMSA/js/file-upload.js (87)
2026-03-20 18:33:20.763 15689-15689 chromium                pid-15689                            I  [INFO:CONSOLE:251] "All available models: [object Object],[object Object],[object Object],[object Object],[object Object]", source: file:///android_asset/LMSA/js/model-manager.js (251)
2026-03-20 18:33:20.763 15689-15689 chromium                pid-15689                            I  [INFO:CONSOLE:258] "Currently loaded models according to API: google/gemma-3-4b", source: file:///android_asset/LMSA/js/model-manager.js (258)
2026-03-20 18:33:20.763 15689-15689 chromium                pid-15689                            I  [INFO:CONSOLE:262] "Using model from API service: google/gemma-3-4b", source: file:///android_asset/LMSA/js/model-manager.js (262)
2026-03-20 18:33:20.763 15689-15689 chromium                pid-15689                            I  [INFO:CONSOLE:295] "Default model ID from storage: null", source: file:///android_asset/LMSA/js/model-manager.js (295)
2026-03-20 18:33:20.763 15689-15689 chromium                pid-15689                            I  [INFO:CONSOLE:296] "Currently loaded model ID: google/gemma-3-4b", source: file:///android_asset/LMSA/js/model-manager.js (296)
2026-03-20 18:33:20.763 15689-15689 chromium                pid-15689                            I  [INFO:CONSOLE:297] "originalStartupFlag: false", source: file:///android_asset/LMSA/js/model-manager.js (297)
2026-03-20 18:33:20.763 15689-15689 chromium                pid-15689                            I  [INFO:CONSOLE:974] "Displaying models with loaded model ID: google/gemma-3-4b", source: file:///android_asset/LMSA/js/model-manager.js (974)
2026-03-20 18:33:21.407  3589-3600  artd                    artd                                 W  Could not get dex checksums for location /data/app/~~z_gZJR6MTtdJXmSeW8VSEA==/com.lmsa.app-CWWcXZ-v4_RuS5SE4tr0sw==/base.apk, fd=-1
2026-03-20 18:33:28.690 15689-15689 chromium                pid-15689                            I  [INFO:CONSOLE:166] "Debug Mode toggled: true", source: file:///android_asset/LMSA/js/about.js (166)
2026-03-20 18:33:28.691 15689-15689 chromium                pid-15689                            I  [INFO:CONSOLE:24] "Premium status updated: false", source: file:///android_asset/LMSA/js/android-interface.js (24)
2026-03-20 18:33:31.289   713-2041  NotificationService     system_server                        W  Toast already killed. pkg=com.lmsa.app token=android.os.BinderProxy@f7e9b7e
2026-03-20 18:33:31.403  3589-3600  artd                    artd                                 W  Could not get dex checksums for location /data/app/~~z_gZJR6MTtdJXmSeW8VSEA==/com.lmsa.app-CWWcXZ-v4_RuS5SE4tr0sw==/base.apk, fd=-1
2026-03-20 18:33:40.166 15689-15783 LMSA_WebView            pid-15689                            D  Successfully saved data to internal storage: chatHistory
2026-03-20 18:33:40.174 15689-15783 LMSA_WebView            pid-15689                            D  Successfully saved data to internal storage: chatHistory
2026-03-20 18:33:41.420  3589-3589  artd                    artd                                 W  Could not get dex checksums for location /data/app/~~z_gZJR6MTtdJXmSeW8VSEA==/com.lmsa.app-CWWcXZ-v4_RuS5SE4tr0sw==/base.apk, fd=-1
2026-03-20 18:33:44.833 15689-15689 chromium                pid-15689                            I  [INFO:CONSOLE:544] "Android TTS is ready after 100 ms", source: file:///android_asset/LMSA/js/tts-service.js (544)
2026-03-20 18:33:44.834   713-1025  MediaFocusControl       system_server                        I  requestAudioFocus() from uid/pid 10217/15689 AA=USAGE_MEDIA/CONTENT_TYPE_SPEECH clientId=android.media.AudioManager@8281d4ccom.lmsa.app.WebViewActivity$$ExternalSyntheticLambda24@6c9d195 callingPack=com.lmsa.app req=2 flags=0x1 sdk=35
2026-03-20 18:33:44.836 15689-15689 LMSA_WebView            pid-15689                            D  TTS speaking chunk 0 of 10: His name was Silas Blackwood a fittingly melanchol...
2026-03-20 18:33:44.893 15689-15844 LMSA_WebView            pid-15689                            D  TTS started chunk: tts_1774046024833_3_chunk_0
2026-03-20 18:33:44.916 15689-15689 chromium                pid-15689                            I  [INFO:CONSOLE:314] "Android TTS started: tts_1774046024833_3", source: file:///android_asset/LMSA/js/tts-service.js (314)
2026-03-20 18:33:45.678   713-1025  MediaFocusControl       system_server                        I  abandonAudioFocus() from uid/pid 10217/15689 clientId=android.media.AudioManager@8281d4ccom.lmsa.app.WebViewActivity$$ExternalSyntheticLambda24@6c9d195 callingPack=com.lmsa.app
2026-03-20 18:33:45.678 15689-15689 LMSA_WebView            pid-15689                            D  TTS stopped (reason: speaker-toggle-stop)
2026-03-20 18:33:51.426  3589-3589  artd                    artd                                 W  Could not get dex checksums for location /data/app/~~z_gZJR6MTtdJXmSeW8VSEA==/com.lmsa.app-CWWcXZ-v4_RuS5SE4tr0sw==/base.apk, fd=-1
2026-03-20 18:33:54.436 15689-15689 chromium                pid-15689                            I  [INFO:CONSOLE:12] "Calling AndroidBilling.restorePurchases()", source: file:///android_asset/LMSA/js/android-interface.js (12)
2026-03-20 18:33:54.497   713-1228  CoreBackPreview         system_server                        D  Window{60b04ed u0 com.lmsa.app/com.lmsa.app.WebViewActivity}: Setting back callback OnBackInvokedCallbackInfo{mCallback=android.window.IOnBackInvokedCallback$Stub$Proxy@42f720f, mPriority=0, mIsAnimationCallback=false, mOverrideBehavior=0}
2026-03-20 18:33:57.047   713-1228  NotificationService     system_server                        W  Toast already killed. pkg=com.lmsa.app token=android.os.BinderProxy@769f4d2
2026-03-20 18:33:58.637   713-1228  CoreBackPreview         system_server                        D  Window{60b04ed u0 com.lmsa.app/com.lmsa.app.WebViewActivity}: Setting back callback null
2026-03-20 18:33:58.722   713-836   ImeTracker              system_server                        I  com.lmsa.app:3b495e48: onRequestHide at ORIGIN_SERVER reason HIDE_SAME_WINDOW_FOCUSED_WITHOUT_EDITOR fromUser false
2026-03-20 18:33:58.727  1412-1412  GoogleInpu...hodService com...gle.android.inputmethod.latin  I  GoogleInputMethodService.onStartInput():1293 onStartInput(EditorInfo{EditorInfo{packageName=com.lmsa.app, inputType=0, inputTypeString=NULL, enableLearning=false, autoCorrection=false, autoComplete=false, imeOptions=12000000, privateImeOptions=null, actionName=UNSPECIFIED, actionLabel=null, initialSelStart=-1, initialSelEnd=-1, initialCapsMode=0, label=null, fieldId=0, fieldName=null, extras=null, hintText=null, hintLocales=[]}}, false)
2026-03-20 18:33:58.728   713-738   PackageConfigPersister  system_server                        W  App-specific configuration not found for packageName: com.lmsa.app and userId: 0
2026-03-20 18:33:58.739 15689-15689 ImeTracker              pid-15689                            I  com.lmsa.app:3b495e48: onCancelled at PHASE_CLIENT_ALREADY_HIDDEN
2026-03-20 18:34:01.440  3589-3589  artd                    artd                                 W  Could not get dex checksums for location /data/app/~~z_gZJR6MTtdJXmSeW8VSEA==/com.lmsa.app-CWWcXZ-v4_RuS5SE4tr0sw==/base.apk, fd=-1
2026-03-20 18:34:01.990 15689-15689 LMSA_WebView            pid-15689                            E  JS Error: Ignored attempt to cancel a touchend event with cancelable=false, for example because scrolling is in progress and cannot be interrupted. at file:///android_asset/LMSA/js/event-handlers.js:257
2026-03-20 18:34:01.990 15689-15689 chromium                pid-15689                            I  [INFO:CONSOLE:257] "Ignored attempt to cancel a touchend event with cancelable=false, for example because scrolling is in progress and cannot be interrupted.", source: file:///android_asset/LMSA/js/event-handlers.js (257)
2026-03-20 18:34:06.374 15689-15783 LMSA_WebView            pid-15689                            D  Successfully saved data to internal storage: chatHistory
2026-03-20 18:34:06.382 15689-15783 LMSA_WebView            pid-15689                            D  Successfully saved data to internal storage: chatHistory
2026-03-20 18:34:11.445  3589-3600  artd                    artd                                 W  Could not get dex checksums for location /data/app/~~z_gZJR6MTtdJXmSeW8VSEA==/com.lmsa.app-CWWcXZ-v4_RuS5SE4tr0sw==/base.apk, fd=-1
2026-03-20 18:34:13.571   713-2089  NotificationService     system_server                        W  Toast already killed. pkg=com.lmsa.app token=android.os.BinderProxy@41fb2e1
2026-03-20 18:34:21.470  3589-3600  artd                    artd                                 W  Could not get dex checksums for location /data/app/~~z_gZJR6MTtdJXmSeW8VSEA==/com.lmsa.app-CWWcXZ-v4_RuS5SE4tr0sw==/base.apk, fd=-1
2026-03-20 18:34:31.461  3589-3600  artd                    artd                                 W  Could not get dex checksums for location /data/app/~~z_gZJR6MTtdJXmSeW8VSEA==/com.lmsa.app-CWWcXZ-v4_RuS5SE4tr0sw==/base.apk, fd=-1
2026-03-20 18:34:41.453  3589-3589  artd                    artd                                 W  Could not get dex checksums for location /data/app/~~z_gZJR6MTtdJXmSeW8VSEA==/com.lmsa.app-CWWcXZ-v4_RuS5SE4tr0sw==/base.apk, fd=-1
2026-03-20 18:34:51.491  3589-3600  artd                    artd                                 W  Could not get dex checksums for location /data/app/~~z_gZJR6MTtdJXmSeW8VSEA==/com.lmsa.app-CWWcXZ-v4_RuS5SE4tr0sw==/base.apk, fd=-1
2026-03-20 18:35:00.687   713-2047  AppsFilter              system_server                        I  interaction: PackageSetting{7cc69fe com.lmsa.app/10217} -> PackageSetting{460380f com.google.android.inputmethod.latin/10160} BLOCKED
2026-03-20 18:35:00.692 15689-15689 ImeTracker              pid-15689                            I  com.lmsa.app:e38f0b29: onRequestShow at ORIGIN_CLIENT reason SHOW_SOFT_INPUT fromUser false
2026-03-20 18:35:00.693  1412-1412  GoogleInpu...hodService com...gle.android.inputmethod.latin  I  GoogleInputMethodService.onStartInput():1293 onStartInput(EditorInfo{EditorInfo{packageName=com.lmsa.app, inputType=ac0a1, inputTypeString=WebEditText[NoSuggestion|MultiLine|CapSentences|AutoCorrect], enableLearning=true, autoCorrection=true, autoComplete=true, imeOptions=12000001, privateImeOptions=null, actionName=NONE, actionLabel=null, initialSelStart=0, initialSelEnd=0, initialCapsMode=0, label=null, fieldId=2131231187, fieldName=null, extras=null, hintText=null, hintLocales=[]}}, true)
2026-03-20 18:35:00.700   713-2089  ContentCap...serService system_server                        D  Notified activity assist data for activity: Token{f5bbcad ActivityRecord{180435159 u0 com.lmsa.app/.WebViewActivity t55}} without a session Id
2026-03-20 18:35:00.703   713-1025  PackageConfigPersister  system_server                        W  App-specific configuration not found for packageName: com.lmsa.app and userId: 0
2026-03-20 18:35:00.704  1412-1412  GoogleInpu...hodService com...gle.android.inputmethod.latin  I  GoogleInputMethodService.onStartInputView():1392 onStartInputView(EditorInfo{EditorInfo{packageName=com.lmsa.app, inputType=ac0a1, inputTypeString=WebEditText[NoSuggestion|MultiLine|CapSentences|AutoCorrect], enableLearning=true, autoCorrection=true, autoComplete=true, imeOptions=12000001, privateImeOptions=null, actionName=NONE, actionLabel=null, initialSelStart=0, initialSelEnd=0, initialCapsMode=0, label=null, fieldId=2131231187, fieldName=null, extras=null, hintText=null, hintLocales=[]}}, false)
2026-03-20 18:35:00.730  1412-1412  AndroidIME              com...gle.android.inputmethod.latin  I  AbstractIme.onActivate():90 LatinIme.onActivate() : EditorInfo = EditorInfo{packageName=com.lmsa.app, inputType=ac0a1, inputTypeString=WebEditText[NoSuggestion|MultiLine|CapSentences|AutoCorrect], enableLearning=true, autoCorrection=true, autoComplete=true, imeOptions=12000001, privateImeOptions=null, actionName=NONE, actionLabel=null, initialSelStart=0, initialSelEnd=0, initialCapsMode=0, label=null, fieldId=2131231187, fieldName=null, extras=null, hintText=null, hintLocales=[]}, IncognitoMode = false, DeviceLocked = false
2026-03-20 18:35:00.771   713-1228  CoreBackPreview         system_server                        D  Window{6db2637 u0 com.lmsa.app/com.lmsa.app.WebViewActivity}: Setting back callback OnBackInvokedCallbackInfo{mCallback=android.window.IOnBackInvokedCallback$Stub$Proxy@1fbff2d, mPriority=0, mIsAnimationCallback=true, mOverrideBehavior=0}
2026-03-20 18:35:00.873 15689-15915 InteractionJankMonitor  pid-15689                            W  Initializing without READ_DEVICE_CONFIG permission. enabled=false, interval=1, missedFrameThreshold=3, frameTimeThreshold=64, package=com.lmsa.app
2026-03-20 18:35:01.106 15689-15689 ImeTracker              pid-15689                            I  com.lmsa.app:e38f0b29: onShown
2026-03-20 18:35:01.466  3589-3600  artd                    artd                                 W  Could not get dex checksums for location /data/app/~~z_gZJR6MTtdJXmSeW8VSEA==/com.lmsa.app-CWWcXZ-v4_RuS5SE4tr0sw==/base.apk, fd=-1
2026-03-20 18:35:02.723 15689-15689 ImeTracker              pid-15689                            I  com.lmsa.app:790174d8: onRequestHide at ORIGIN_CLIENT reason HIDE_SOFT_INPUT fromUser false
2026-03-20 18:35:02.723   713-1228  CoreBackPreview         system_server                        D  Window{6db2637 u0 com.lmsa.app/com.lmsa.app.WebViewActivity}: Setting back callback OnBackInvokedCallbackInfo{mCallback=android.window.IOnBackInvokedCallback$Stub$Proxy@4d326d5, mPriority=0, mIsAnimationCallback=false, mOverrideBehavior=0}
2026-03-20 18:35:02.725  1412-1412  GoogleInpu...hodService com...gle.android.inputmethod.latin  I  GoogleInputMethodService.onStartInput():1293 onStartInput(EditorInfo{EditorInfo{packageName=com.lmsa.app, inputType=0, inputTypeString=NULL, enableLearning=false, autoCorrection=false, autoComplete=false, imeOptions=12000000, privateImeOptions=null, actionName=UNSPECIFIED, actionLabel=null, initialSelStart=-1, initialSelEnd=-1, initialCapsMode=0, label=null, fieldId=0, fieldName=null, extras=null, hintText=null, hintLocales=[]}}, true)
2026-03-20 18:35:02.727   713-1228  PackageConfigPersister  system_server                        W  App-specific configuration not found for packageName: com.lmsa.app and userId: 0
2026-03-20 18:35:02.727  1412-1412  GoogleInpu...hodService com...gle.android.inputmethod.latin  I  GoogleInputMethodService.onStartInputView():1392 onStartInputView(EditorInfo{EditorInfo{packageName=com.lmsa.app, inputType=0, inputTypeString=NULL, enableLearning=false, autoCorrection=false, autoComplete=false, imeOptions=12000000, privateImeOptions=null, actionName=UNSPECIFIED, actionLabel=null, initialSelStart=-1, initialSelEnd=-1, initialCapsMode=0, label=null, fieldId=0, fieldName=null, extras=null, hintText=null, hintLocales=[]}}, true)
2026-03-20 18:35:02.741  1412-1412  AndroidIME              com...gle.android.inputmethod.latin  I  AbstractIme.onActivate():90 PasswordIme.onActivate() : EditorInfo = EditorInfo{packageName=com.lmsa.app, inputType=0, inputTypeString=NULL, enableLearning=false, autoCorrection=false, autoComplete=false, imeOptions=12000000, privateImeOptions=null, actionName=UNSPECIFIED, actionLabel=null, initialSelStart=-1, initialSelEnd=-1, initialCapsMode=0, label=null, fieldId=0, fieldName=null, extras=null, hintText=null, hintLocales=[]}, IncognitoMode = false, DeviceLocked = false
2026-03-20 18:35:03.872 15689-15689 ImeTracker              pid-15689                            I  com.lmsa.app:c9e4c2a1: onRequestShow at ORIGIN_CLIENT reason SHOW_SOFT_INPUT fromUser false
2026-03-20 18:35:03.873  1412-1412  GoogleInpu...hodService com...gle.android.inputmethod.latin  I  GoogleInputMethodService.onStartInput():1293 onStartInput(EditorInfo{EditorInfo{packageName=com.lmsa.app, inputType=ac0a1, inputTypeString=WebEditText[NoSuggestion|MultiLine|CapSentences|AutoCorrect], enableLearning=true, autoCorrection=true, autoComplete=true, imeOptions=12000001, privateImeOptions=null, actionName=NONE, actionLabel=null, initialSelStart=0, initialSelEnd=0, initialCapsMode=0, label=null, fieldId=2131231187, fieldName=null, extras=null, hintText=null, hintLocales=[]}}, true)
2026-03-20 18:35:03.878   713-738   PackageConfigPersister  system_server                        W  App-specific configuration not found for packageName: com.lmsa.app and userId: 0
2026-03-20 18:35:03.881  1412-1412  GoogleInpu...hodService com...gle.android.inputmethod.latin  I  GoogleInputMethodService.onStartInputView():1392 onStartInputView(EditorInfo{EditorInfo{packageName=com.lmsa.app, inputType=ac0a1, inputTypeString=WebEditText[NoSuggestion|MultiLine|CapSentences|AutoCorrect], enableLearning=true, autoCorrection=true, autoComplete=true, imeOptions=12000001, privateImeOptions=null, actionName=NONE, actionLabel=null, initialSelStart=0, initialSelEnd=0, initialCapsMode=0, label=null, fieldId=2131231187, fieldName=null, extras=null, hintText=null, hintLocales=[]}}, false)
2026-03-20 18:35:03.906  1412-1412  AndroidIME              com...gle.android.inputmethod.latin  I  AbstractIme.onActivate():90 LatinIme.onActivate() : EditorInfo = EditorInfo{packageName=com.lmsa.app, inputType=ac0a1, inputTypeString=WebEditText[NoSuggestion|MultiLine|CapSentences|AutoCorrect], enableLearning=true, autoCorrection=true, autoComplete=true, imeOptions=12000001, privateImeOptions=null, actionName=NONE, actionLabel=null, initialSelStart=0, initialSelEnd=0, initialCapsMode=0, label=null, fieldId=2131231187, fieldName=null, extras=null, hintText=null, hintLocales=[]}, IncognitoMode = false, DeviceLocked = false
2026-03-20 18:35:03.941   713-1904  CoreBackPreview         system_server                        D  Window{6db2637 u0 com.lmsa.app/com.lmsa.app.WebViewActivity}: Setting back callback OnBackInvokedCallbackInfo{mCallback=android.window.IOnBackInvokedCallback$Stub$Proxy@bec6f45, mPriority=0, mIsAnimationCallback=true, mOverrideBehavior=0}
2026-03-20 18:35:04.253 15689-15689 ImeTracker              pid-15689                            I  com.lmsa.app:c9e4c2a1: onShown
2026-03-20 18:35:05.205 15689-15689 ImeTracker              pid-15689                            I  com.lmsa.app:e8d8514f: onRequestHide at ORIGIN_CLIENT reason HIDE_SOFT_INPUT fromUser false
2026-03-20 18:35:05.206   713-2089  CoreBackPreview         system_server                        D  Window{6db2637 u0 com.lmsa.app/com.lmsa.app.WebViewActivity}: Setting back callback OnBackInvokedCallbackInfo{mCallback=android.window.IOnBackInvokedCallback$Stub$Proxy@66f3bcb, mPriority=0, mIsAnimationCallback=false, mOverrideBehavior=0}
2026-03-20 18:35:05.207  1412-1412  GoogleInpu...hodService com...gle.android.inputmethod.latin  I  GoogleInputMethodService.onStartInput():1293 onStartInput(EditorInfo{EditorInfo{packageName=com.lmsa.app, inputType=0, inputTypeString=NULL, enableLearning=false, autoCorrection=false, autoComplete=false, imeOptions=12000000, privateImeOptions=null, actionName=UNSPECIFIED, actionLabel=null, initialSelStart=-1, initialSelEnd=-1, initialCapsMode=0, label=null, fieldId=0, fieldName=null, extras=null, hintText=null, hintLocales=[]}}, true)
2026-03-20 18:35:05.209   713-2089  PackageConfigPersister  system_server                        W  App-specific configuration not found for packageName: com.lmsa.app and userId: 0
2026-03-20 18:35:05.209  1412-1412  GoogleInpu...hodService com...gle.android.inputmethod.latin  I  GoogleInputMethodService.onStartInputView():1392 onStartInputView(EditorInfo{EditorInfo{packageName=com.lmsa.app, inputType=0, inputTypeString=NULL, enableLearning=false, autoCorrection=false, autoComplete=false, imeOptions=12000000, privateImeOptions=null, actionName=UNSPECIFIED, actionLabel=null, initialSelStart=-1, initialSelEnd=-1, initialCapsMode=0, label=null, fieldId=0, fieldName=null, extras=null, hintText=null, hintLocales=[]}}, true)
2026-03-20 18:35:05.221  1412-1412  AndroidIME              com...gle.android.inputmethod.latin  I  AbstractIme.onActivate():90 PasswordIme.onActivate() : EditorInfo = EditorInfo{packageName=com.lmsa.app, inputType=0, inputTypeString=NULL, enableLearning=false, autoCorrection=false, autoComplete=false, imeOptions=12000000, privateImeOptions=null, actionName=UNSPECIFIED, actionLabel=null, initialSelStart=-1, initialSelEnd=-1, initialCapsMode=0, label=null, fieldId=0, fieldName=null, extras=null, hintText=null, hintLocales=[]}, IncognitoMode = false, DeviceLocked = false
2026-03-20 18:35:07.273 15689-15689 ImeTracker              pid-15689                            I  com.lmsa.app:113d6f03: onRequestShow at ORIGIN_CLIENT reason SHOW_SOFT_INPUT fromUser false
2026-03-20 18:35:07.274  1412-1412  GoogleInpu...hodService com...gle.android.inputmethod.latin  I  GoogleInputMethodService.onStartInput():1293 onStartInput(EditorInfo{EditorInfo{packageName=com.lmsa.app, inputType=ac0a1, inputTypeString=WebEditText[NoSuggestion|MultiLine|CapSentences|AutoCorrect], enableLearning=true, autoCorrection=true, autoComplete=true, imeOptions=12000001, privateImeOptions=null, actionName=NONE, actionLabel=null, initialSelStart=0, initialSelEnd=0, initialCapsMode=0, label=null, fieldId=2131231187, fieldName=null, extras=null, hintText=null, hintLocales=[]}}, true)
2026-03-20 18:35:07.279   713-1904  PackageConfigPersister  system_server                        W  App-specific configuration not found for packageName: com.lmsa.app and userId: 0
2026-03-20 18:35:07.280  1412-1412  GoogleInpu...hodService com...gle.android.inputmethod.latin  I  GoogleInputMethodService.onStartInputView():1392 onStartInputView(EditorInfo{EditorInfo{packageName=com.lmsa.app, inputType=ac0a1, inputTypeString=WebEditText[NoSuggestion|MultiLine|CapSentences|AutoCorrect], enableLearning=true, autoCorrection=true, autoComplete=true, imeOptions=12000001, privateImeOptions=null, actionName=NONE, actionLabel=null, initialSelStart=0, initialSelEnd=0, initialCapsMode=0, label=null, fieldId=2131231187, fieldName=null, extras=null, hintText=null, hintLocales=[]}}, false)
2026-03-20 18:35:07.305  1412-1412  AndroidIME              com...gle.android.inputmethod.latin  I  AbstractIme.onActivate():90 LatinIme.onActivate() : EditorInfo = EditorInfo{packageName=com.lmsa.app, inputType=ac0a1, inputTypeString=WebEditText[NoSuggestion|MultiLine|CapSentences|AutoCorrect], enableLearning=true, autoCorrection=true, autoComplete=true, imeOptions=12000001, privateImeOptions=null, actionName=NONE, actionLabel=null, initialSelStart=0, initialSelEnd=0, initialCapsMode=0, label=null, fieldId=2131231187, fieldName=null, extras=null, hintText=null, hintLocales=[]}, IncognitoMode = false, DeviceLocked = false
2026-03-20 18:35:07.349   713-738   CoreBackPreview         system_server                        D  Window{6db2637 u0 com.lmsa.app/com.lmsa.app.WebViewActivity}: Setting back callback OnBackInvokedCallbackInfo{mCallback=android.window.IOnBackInvokedCallback$Stub$Proxy@aaadbb, mPriority=0, mIsAnimationCallback=true, mOverrideBehavior=0}
2026-03-20 18:35:07.639 15689-15689 ImeTracker              pid-15689                            I  com.lmsa.app:113d6f03: onShown
2026-03-20 18:35:09.302 15689-15689 ImeTracker              pid-15689                            I  com.lmsa.app:76c065c7: onRequestHide at ORIGIN_CLIENT reason HIDE_SOFT_INPUT fromUser false
2026-03-20 18:35:09.302   713-1228  CoreBackPreview         system_server                        D  Window{6db2637 u0 com.lmsa.app/com.lmsa.app.WebViewActivity}: Setting back callback OnBackInvokedCallbackInfo{mCallback=android.window.IOnBackInvokedCallback$Stub$Proxy@cb5d631, mPriority=0, mIsAnimationCallback=false, mOverrideBehavior=0}
2026-03-20 18:35:09.304  1412-1412  GoogleInpu...hodService com...gle.android.inputmethod.latin  I  GoogleInputMethodService.onStartInput():1293 onStartInput(EditorInfo{EditorInfo{packageName=com.lmsa.app, inputType=0, inputTypeString=NULL, enableLearning=false, autoCorrection=false, autoComplete=false, imeOptions=12000000, privateImeOptions=null, actionName=UNSPECIFIED, actionLabel=null, initialSelStart=-1, initialSelEnd=-1, initialCapsMode=0, label=null, fieldId=0, fieldName=null, extras=null, hintText=null, hintLocales=[]}}, true)
2026-03-20 18:35:09.305   713-1228  PackageConfigPersister  system_server                        W  App-specific configuration not found for packageName: com.lmsa.app and userId: 0
2026-03-20 18:35:09.306  1412-1412  GoogleInpu...hodService com...gle.android.inputmethod.latin  I  GoogleInputMethodService.onStartInputView():1392 onStartInputView(EditorInfo{EditorInfo{packageName=com.lmsa.app, inputType=0, inputTypeString=NULL, enableLearning=false, autoCorrection=false, autoComplete=false, imeOptions=12000000, privateImeOptions=null, actionName=UNSPECIFIED, actionLabel=null, initialSelStart=-1, initialSelEnd=-1, initialCapsMode=0, label=null, fieldId=0, fieldName=null, extras=null, hintText=null, hintLocales=[]}}, true)
2026-03-20 18:35:09.322  1412-1412  AndroidIME              com...gle.android.inputmethod.latin  I  AbstractIme.onActivate():90 PasswordIme.onActivate() : EditorInfo = EditorInfo{packageName=com.lmsa.app, inputType=0, inputTypeString=NULL, enableLearning=false, autoCorrection=false, autoComplete=false, imeOptions=12000000, privateImeOptions=null, actionName=UNSPECIFIED, actionLabel=null, initialSelStart=-1, initialSelEnd=-1, initialCapsMode=0, label=null, fieldId=0, fieldName=null, extras=null, hintText=null, hintLocales=[]}, IncognitoMode = false, DeviceLocked = false
2026-03-20 18:35:11.495  3589-3600  artd                    artd                                 W  Could not get dex checksums for location /data/app/~~z_gZJR6MTtdJXmSeW8VSEA==/com.lmsa.app-CWWcXZ-v4_RuS5SE4tr0sw==/base.apk, fd=-1
2026-03-20 18:35:12.724   713-836   ImeTracker              system_server                        I  com.lmsa.app:790174d8: setFinished at PHASE_CLIENT_ANIMATION_CANCEL with STATUS_TIMEOUT
2026-03-20 18:35:15.207   713-836   ImeTracker              system_server                        I  com.lmsa.app:e8d8514f: setFinished at PHASE_CLIENT_ANIMATION_CANCEL with STATUS_TIMEOUT
2026-03-20 18:35:18.003 15689-15689 chromium                pid-15689                            I  [INFO:CONSOLE:544] "Android TTS is ready after 100 ms", source: file:///android_asset/LMSA/js/tts-service.js (544)
2026-03-20 18:35:18.035 15689-15783 LMSA_WebView            pid-15689                            D  Available TTS voices: [{"name":"es-us-x-sfb-local","locale":"es_US","quality":"High","isNetworkConnectionRequired":false,"gender":""},{"name":"ur-PK-language","locale":"ur_PK","quality":"High","isNetworkConnectionRequired":false,"gender":""},{"name":"ja-jp-x-htm-network","locale":"ja_JP","quality":"High","isNetworkConnectionRequired":true,"gender":""},{"name":"ru-ru-x-rud-local","locale":"ru_RU","quality":"High","isNetworkConnectionRequired":false,"gender":""},{"name":"th-th-x-thd-network","locale":"th_TH","quality":"High","isNetworkConnectionRequired":true,"gender":""},{"name":"nl-nl-x-yfr-network","locale":"nl_NL","quality":"High","isNetworkConnectionRequired":true,"gender":""},{"name":"it-it-x-itd-local","locale":"it_IT","quality":"High","isNetworkConnectionRequired":false,"gender":""},{"name":"en-AU-language","locale":"en_AU","quality":"High","isNetworkConnectionRequired":false,"gender":""},{"name":"as-in-x-end-local","locale":"as_IN","quality":"High","isNetworkConnectionRequired":false,"gender":""},{"name":"vi-vn-x-vif-network","locale":"vi_VN","quality":"High","isNetworkConnectionRequired":true,"gender":""},{"name":"uk-UA-language","locale":"uk_UA","quality":"High","isNetworkConnectionRequired":false,"gender":""},{"name":"sv-se-x-lfs-local","locale":"sv_SE","quality":"High","isNetworkConnectionRequired":false,"gender":""},{"name":"cmn-tw-x-ctc-network","locale":"zh_TW","quality":"High","isNetworkConnectionRequired":true,"gender":""},{"name":"ar-xa-x-arz-local","locale":"ar","quality":"High","isNetworkConnectionRequired":false,"gender":""},{"name":"en-us-x-tpf-local","locale":"en_US","quality":"High","isNetworkConnectionRequired":false,"gender":""},{"name":"de-de-x-deb-network","locale":"de_DE","quality":"High","isNetworkConnectionRequired":true,"gender":""},{"name":"bn-in-x-bnd-local","locale":"bn_IN","quality":"High","isNetworkConnectionRequired":false,"gender":""},{"name":"yue-hk-x-yuf-network","locale":"yue_HK","quality":"High","isNetworkConnectionRequired":true,"gender":""},{"name":"cy-gb-x-cyf-local","locale":"cy_GB","quality":"High","isNetworkConnectionRequired":false,"gender":""},{"name":"en-in-x-end-network","locale":"en_IN","quality":"High","isNetworkConnectionRequired":true,"gender":""},{"name":"nl-nl-x-yfr-local","locale":"nl_NL","quality":"High","isNetworkConnectionRequired":false,"gender":""},{"name":"ur-in-x-urc-local","locale":"ur_IN","quality":"High","isNetworkConnectionRequired":false,"gender":""},{"name":"cy-gb-x-cyf-network","locale":"cy_GB","quality":"High","isNetworkConnectionRequired":true,"gender":""},{"name":"pl-pl-x-afb-local","locale":"pl_PL","quality":"High","isNetworkConnectionRequired":false,"gender":""},{"name":"fr-ca-x-cab-local","locale":"fr_CA","quality":"High","isNetworkConnectionRequired":false,"gender":""},{"name":"id-id-x-idd-network","locale":"id_ID","quality":"High","isNetworkConnectionRequired":true,"gender":""},{"name":"ar-xa-x-ard-local","locale":"ar","quality":"High","isNetworkConnectionRequired":false,"gender":""},{"name":"id-id-x-idc-local","locale":"id_ID","quality":"High","isNetworkConnectionRequired":false,"gender":""},{"name":"da-dk-x-sfp-network","locale":"da_DK","quality":"High","isNetworkConnectionRequired":true,"gender":""},{"name":"bn-BD-language","locale":"bn_BD","quality":"High","isNetworkConnectionRequired":false,"gender":""},{"name":"ml-in-x-mlc-local","locale":"ml_IN","quality":"High","isNetworkConnectionRequired":false,"gender":""},{"name":"hr-HR-language","locale":"hr_HR","quality":"High","isNetworkConnectionRequired":false,"gender":""},{"name":"zh-TW-language","locale":"zh_TW","quality":"High","isNetworkConnectionRequired":false,"gender":""},{"name":"mni-in-x-end-local","locale":"mni_IN","quality":"High","isNetworkConnectionRequired":false,"gender":""},{"name":"en-au-x-aua-network","locale":"en_AU","quality":"High","isNetworkConnectionRequired":true,"gender":""},{"name":"en-GB-language","locale":"en_GB","quality":"High","isNetworkConnectionRequired":false,"gender":""},{"name":"vi-vn-x-vid-network","locale":"vi_V
