2026-04-24 00:10:09.643  2305-2633  Finsky                  com.android.vending                  I  [52] com.lmsa.app: Account from first account - [ALMcM1m5Ns6Ba1X64AKCj5PQ6ioXwdEB6jM5XOp2kiU]
2026-04-24 00:10:09.643  2305-2633  Finsky                  com.android.vending                  I  [52] Billing preferred account via installer for com.lmsa.app: [ALMcM1m5Ns6Ba1X64AKCj5PQ6ioXwdEB6jM5XOp2kiU]
2026-04-24 00:10:09.643 29757-29757 WindowOnBackDispatcher  com.lmsa.app                         D  setTopOnBackInvokedCallback (unwrapped): android.app.Activity$$ExternalSyntheticLambda0@912937b
2026-04-24 00:10:09.643 29757-29757 WindowOnBackDispatcher  com.lmsa.app                         D  setTopOnBackInvokedCallback (unwrapped): androidx.activity.OnBackPressedDispatcher$Api34Impl$createOnBackAnimationCallback$1@30891f1
2026-04-24 00:10:09.644   688-1037  CoreBackPreview         system_server                        D  Window{cf5516e u0 com.lmsa.app/com.lmsa.app.WebViewActivity}: Setting back callback OnBackInvokedCallbackInfo{mCallback=android.window.IOnBackInvokedCallback$Stub$Proxy@8a22046, mPriority=-1, mIsAnimationCallback=false, mOverrideBehavior=0}
2026-04-24 00:10:09.645   688-1037  CoreBackPreview         system_server                        D  Window{cf5516e u0 com.lmsa.app/com.lmsa.app.WebViewActivity}: Setting back callback OnBackInvokedCallbackInfo{mCallback=android.window.IOnBackInvokedCallback$Stub$Proxy@f014207, mPriority=0, mIsAnimationCallback=true, mOverrideBehavior=0}
2026-04-24 00:10:09.649  2305-2633  Finsky                  com.android.vending                  I  [52] com.lmsa.app: Account from first account - [ALMcM1m5Ns6Ba1X64AKCj5PQ6ioXwdEB6jM5XOp2kiU]
2026-04-24 00:10:09.649  2305-2633  Finsky                  com.android.vending                  I  [52] Billing preferred account via installer for com.lmsa.app: [ALMcM1m5Ns6Ba1X64AKCj5PQ6ioXwdEB6jM5XOp2kiU]
2026-04-24 00:10:09.650 29757-29757 VRI[WebViewActivity]    com.lmsa.app                         D  WindowInsets changed: 1080x2400 statusBars:[0,121,0,0] navigationBars:[0,0,0,63] mandatorySystemGestures:[0,153,0,84] 
2026-04-24 00:10:09.663 29757-29872 LMSA_WebView            com.lmsa.app                         D  Startup billing entitlement resolved via queryPurchases
2026-04-24 00:10:09.666   688-1037  WindowManager           system_server                        D  setClientSurface Surface(name=VRI-com.lmsa.app/com.lmsa.app.WebViewActivity#3012)/@0xa8ef21e for cf5516e com.lmsa.app/com.lmsa.app.WebViewActivity
2026-04-24 00:10:09.669 29757-29757 Surface                 com.lmsa.app                         I  Creating surface for consumer unnamed-29757-0 with slotExpansion=1 for 64 slots
2026-04-24 00:10:09.671 29757-29757 Surface                 com.lmsa.app                         I  Creating surface for consumer VRI[WebViewActivity]#0(BLAST Consumer)0 with slotExpansion=1 for 64 slots
2026-04-24 00:10:09.673 29757-29757 VRI[WebViewActivity]    com.lmsa.app                         D  WindowInsets changed: statusBars:null navigationBars:null 
2026-04-24 00:10:09.682 29757-29757 LMSA_WebView            com.lmsa.app                         D  Updated system gesture exclusion rects: Rect(0, 937 - 105, 1462)
2026-04-24 00:10:09.790 29757-29757 LMSA_WebView            com.lmsa.app                         D  App Open ad eligible: opens=19, dailyCount=0, debug=true
2026-04-24 00:10:09.800 29757-29757 DynamiteModule          com.lmsa.app                         I  Considering local module com.google.android.gms.ads.dynamite:0 and remote module com.google.android.gms.ads.dynamite:260480602
2026-04-24 00:10:09.801 29757-29757 DynamiteModule          com.lmsa.app                         I  Selected remote version of com.google.android.gms.ads.dynamite, version >= 260480602
2026-04-24 00:10:09.801 29757-29757 DynamiteModule          com.lmsa.app                         V  Dynamite loader version >= 2, using loadModule2NoCrashUtils
2026-04-24 00:10:09.822 29757-29757 Ads                     com.lmsa.app                         I  This request is sent from a test device.
2026-04-24 00:10:09.922   688-1981  ConnectivityService     system_server                        D  requestNetwork for uid/pid:10238/29757 activeRequest: null callbackRequest: 687 [NetworkRequest [ REQUEST id=688, [ Capabilities: INTERNET&NOT_RESTRICTED&TRUSTED&NOT_VCN_MANAGED&NOT_BANDWIDTH_CONSTRAINED Uid: 10238 RequestorUid: 10238 RequestorPkg: com.lmsa.app UnderlyingNetworks: Null] ]] callback flags: 0 order: 2147483647 isUidTracked: false declaredMethods: AVAIL|LOST|NC
2026-04-24 00:10:09.924   688-858   WifiNetworkFactory      system_server                        D  got request NetworkRequest [ REQUEST id=688, [ Capabilities: INTERNET&NOT_RESTRICTED&TRUSTED&NOT_VCN_MANAGED&NOT_BANDWIDTH_CONSTRAINED Uid: 10238 RequestorUid: 10238 RequestorPkg: com.lmsa.app UnderlyingNetworks: Null] ]
2026-04-24 00:10:09.924   688-858   UntrustedW...orkFactory system_server                        D  got request NetworkRequest [ REQUEST id=688, [ Capabilities: INTERNET&NOT_RESTRICTED&TRUSTED&NOT_VCN_MANAGED&NOT_BANDWIDTH_CONSTRAINED Uid: 10238 RequestorUid: 10238 RequestorPkg: com.lmsa.app UnderlyingNetworks: Null] ]
2026-04-24 00:10:09.924   688-858   OemPaidWif...orkFactory system_server                        D  got request NetworkRequest [ REQUEST id=688, [ Capabilities: INTERNET&NOT_RESTRICTED&TRUSTED&NOT_VCN_MANAGED&NOT_BANDWIDTH_CONSTRAINED Uid: 10238 RequestorUid: 10238 RequestorPkg: com.lmsa.app UnderlyingNetworks: Null] ]
2026-04-24 00:10:09.924   688-858   MultiInter...orkFactory system_server                        D  got request NetworkRequest [ REQUEST id=688, [ Capabilities: INTERNET&NOT_RESTRICTED&TRUSTED&NOT_VCN_MANAGED&NOT_BANDWIDTH_CONSTRAINED Uid: 10238 RequestorUid: 10238 RequestorPkg: com.lmsa.app UnderlyingNetworks: Null] ]
2026-04-24 00:10:09.939   688-1037  ConnectivityService     system_server                        D  requestNetwork for uid/pid:10238/29757 activeRequest: null callbackRequest: 689 [NetworkRequest [ REQUEST id=690, [ Capabilities: INTERNET&NOT_RESTRICTED&TRUSTED&NOT_VCN_MANAGED&NOT_BANDWIDTH_CONSTRAINED Uid: 10238 RequestorUid: 10238 RequestorPkg: com.lmsa.app UnderlyingNetworks: Null] ]] callback flags: 0 order: 2147483647 isUidTracked: false declaredMethods: AVAIL|LOST|NC
2026-04-24 00:10:09.940   688-858   WifiNetworkFactory      system_server                        D  got request NetworkRequest [ REQUEST id=690, [ Capabilities: INTERNET&NOT_RESTRICTED&TRUSTED&NOT_VCN_MANAGED&NOT_BANDWIDTH_CONSTRAINED Uid: 10238 RequestorUid: 10238 RequestorPkg: com.lmsa.app UnderlyingNetworks: Null] ]
2026-04-24 00:10:09.940   688-858   UntrustedW...orkFactory system_server                        D  got request NetworkRequest [ REQUEST id=690, [ Capabilities: INTERNET&NOT_RESTRICTED&TRUSTED&NOT_VCN_MANAGED&NOT_BANDWIDTH_CONSTRAINED Uid: 10238 RequestorUid: 10238 RequestorPkg: com.lmsa.app UnderlyingNetworks: Null] ]
2026-04-24 00:10:09.940   688-858   OemPaidWif...orkFactory system_server                        D  got request NetworkRequest [ REQUEST id=690, [ Capabilities: INTERNET&NOT_RESTRICTED&TRUSTED&NOT_VCN_MANAGED&NOT_BANDWIDTH_CONSTRAINED Uid: 10238 RequestorUid: 10238 RequestorPkg: com.lmsa.app UnderlyingNetworks: Null] ]
2026-04-24 00:10:09.940   688-858   MultiInter...orkFactory system_server                        D  got request NetworkRequest [ REQUEST id=690, [ Capabilities: INTERNET&NOT_RESTRICTED&TRUSTED&NOT_VCN_MANAGED&NOT_BANDWIDTH_CONSTRAINED Uid: 10238 RequestorUid: 10238 RequestorPkg: com.lmsa.app UnderlyingNetworks: Null] ]
2026-04-24 00:10:09.978   688-1037  AppsFilter              system_server                        I  interaction: PackageSetting{6ed8818 com.lmsa.app/10238} -> PackageSetting{bffa248 com.google.android.apps.maps/10169} BLOCKED
2026-04-24 00:10:09.981 29757-29845 Ads                     com.lmsa.app                         W  Invoke Firebase method getInstance error.
2026-04-24 00:10:09.983 29757-29845 Ads                     com.lmsa.app                         W  The Google Mobile Ads SDK will not integrate with Firebase. Admob/Firebase integration requires the latest Firebase SDK jar, but Firebase SDK is either missing or out of date
2026-04-24 00:10:09.994 29757-29757 ServiceBindIntentUtils  com.lmsa.app                         W  Dynamic lookup for intent failed for action: com.google.android.gms.ads.service.CACHE
2026-04-24 00:10:10.004 29757-29757 chromium                com.lmsa.app                         I  [INFO:CONSOLE:19] "TTSService created, Android available: true", source: file:///android_asset/LMSA/js/tts-service.js (19)
2026-04-24 00:10:10.007 29757-29757 chromium                com.lmsa.app                         I  [INFO:CONSOLE:27] "Loading modals...", source: file:///android_asset/LMSA/js/components/modal-loader.js (27)
2026-04-24 00:10:10.007 29757-29757 chromium                com.lmsa.app                         I  [INFO:CONSOLE:43] "Modals loaded successfully", source: file:///android_asset/LMSA/js/components/modal-loader.js (43)
2026-04-24 00:10:10.027 29757-29757 TextToSpeech            com.lmsa.app                         W  isSpeaking failed: not bound to TTS engine
2026-04-24 00:10:10.049   688-816   ImeTracker              system_server                        I  com.lmsa.app:6609f07f: onRequestHide at ORIGIN_SERVER reason HIDE_UNSPECIFIED_WINDOW fromUser false userId 0 displayId 0
2026-04-24 00:10:10.050   688-1037  ImeTracker              system_server                        I  com.lmsa.app:426b74f7: onRequestHide at ORIGIN_SERVER reason HIDE_SOFT_INPUT fromUser false userId 0 displayId 0
2026-04-24 00:10:10.050   688-1037  ImeTracker              system_server                        I  com.lmsa.app:426b74f7: onCancelled at PHASE_SERVER_SHOULD_HIDE
2026-04-24 00:10:10.052  2017-2017  GoogleInpu...hodService com...gle.android.inputmethod.latin  I  GoogleInputMethodService.onStartInput():1384 onStartInput(EditorInfo{EditorInfo{packageName=com.lmsa.app, inputType=0, inputTypeString=NULL, enableLearning=false, autoCorrection=false, autoComplete=false, imeOptions=0, privateImeOptions=null, actionName=UNSPECIFIED, actionLabel=null, initialSelStart=-1, initialSelEnd=-1, initialCapsMode=0, label=null, fieldId=0, fieldName=null, extras=null, hintText=null, hintLocales=[]}}, false)
2026-04-24 00:10:10.058   688-1037  PackageConfigPersister  system_server                        W  App-specific configuration not found for packageName: com.lmsa.app and userId: 0
2026-04-24 00:10:10.093 29757-29850 Ads                     com.lmsa.app                         W  Not retrying to fetch app settings
2026-04-24 00:10:10.097 29757-29757 InsetsController        com.lmsa.app                         D  hide(ime())
2026-04-24 00:10:10.097 29757-29757 ImeTracker              com.lmsa.app                         I  com.lmsa.app:6609f07f: onCancelled at PHASE_CLIENT_ALREADY_HIDDEN
2026-04-24 00:10:10.121 29757-29922 ServiceBindIntentUtils  com.lmsa.app                         W  Dynamic lookup for intent failed for action: com.google.android.gms.ads.service.START
2026-04-24 00:10:10.141 29757-29923 HWUI                    com.lmsa.app                         I  Using FreeType backend (prop=Auto)
2026-04-24 00:10:10.172   688-711   WindowManager           system_server                        V  Sent Transition (#311) createdAt=04-24 00:10:09.534 via request=TransitionRequestInfo { type = OPEN, triggerTask = TaskInfo{userId=0 taskId=260 effectiveUid=10238 displayId=0 isRunning=true baseIntent=Intent { act=android.intent.action.MAIN cat=[android.intent.category.LAUNCHER] flg=0x10000000 cmp=com.lmsa.app/.WebViewActivity } baseActivity=ComponentInfo{com.lmsa.app/com.lmsa.app.WebViewActivity} topActivity=ComponentInfo{com.google.android.permissioncontroller/com.android.permissioncontroller.permission.ui.GrantPermissionsActivity} origActivity=null realActivity=ComponentInfo{com.lmsa.app/com.lmsa.app.WebViewActivity} realActivityIsAppLockEnabled=false numActivities=2 lastActiveTime=12571857 supportsMultiWindow=true supportsMultiWindowWithoutConstraints=true resizeMode=1 isResizeable=true minWidth=-1 minHeight=-1 defaultMinSize=220 token=WCT{RemoteToken{f08ca7 Task{f15ddea #260 type=standard A=10238:com.lmsa.app}}} topActivityType=1 pictureInPictureParams=null shouldDockBigOverlays=false launchIntoPipHostTaskId=-1 lastParentTaskIdBeforePip=-1 displayCutoutSafeInsets=Rect(0, 0 - 0, 0) topActivityInfo=ActivityInfo{2efbb42 com.android.permissioncontroller.permission.ui.GrantPermissionsActivity} launchCookies=[] positionInParent=Point(0, 0) parentTaskId=-1 isFocused=true isInteractive=false isVisible=true isVisibleRequested=true isTopActivityNoDisplay=false isSleeping=false locusId=null displayAreaFeatureId=1 isTopActivityTransparent=true isActivityStackTransparent=false lastNonFullscreenBounds=null leafTaskBoundsFromOptions= false capturedLink=null capturedLinkTimestamp=0 requestedVisibleTypes=503 topActivityRequestOpenInBrowserEducationTimestamp=0 appCompatTaskInfo=AppCompatTaskInfo { topActivityInSizeCompat=false isLeafTask= true eligibleForLetterboxEducation= false isLetterboxEducationEnabled= true isLetterboxDoubleTapEnabled= false eligibleForUserAspectRatioButton= false topActivityBoundsLetterboxed= false isFromLetterboxDoubleTap= false topActivityLetterboxVerticalPosition= -1 topActivityLetterboxHorizontalPosition= -1 topActivityLetterboxWidth=-1 topActivityLetterboxHeight=-1 topActivityAppBounds=Rect(0, 0 - 1080, 2400) isUserFullscreenOverrideEnabled=false isSystemFullscreenOverrideEnabled=false hasMinAspectRatioOverride=false topActivityLetterboxBounds=null topNonResizableActivityAspectRatio=-1.0} topActivityMainWindowFrame=null isAppBubble=false}, pipChange = null, remoteTransitionInfo = null, displayChange = null, requestedLocation = null, userChange = null, windowingLayerChange = null, fullscreenRequestChange = null, flags = 0, debugId = 311 }
2026-04-24 00:10:10.172   688-711   WindowManager           system_server                        V      info={id=311 t=OPEN f=0x0 trk=0 r=[0@Point(0, 0)] c=[
                                                                                                            {m=OPEN f=TRANSLUCENT|FILLS_TASK p=WCT{RemoteToken{f08ca7 Task{f15ddea #260 type=standard A=10238:com.lmsa.app}}} leash=Surface(name=ActivityRecord{232432181 u0 com.google.android.permissioncontroller/com.android.permissioncontroller.permission.ui.GrantPermissionsActivity t260}#3010)/@0x93cbe24 sb=Rect(0, 0 - 0, 0) eb=Rect(0, 0 - 1080, 2400) epz=Point(1080, 2400) d=-1->0 r=-1->0:-1 bc=ffededf6 activity=ActivityTransitionInfo { component = ComponentInfo{com.google.android.permissioncontroller/com.android.permissioncontroller.permission.ui.GrantPermissionsActivity}, taskId = 260, appCompatTransitionInfo = null }},
                                                                                                            {WCT{RemoteToken{f08ca7 Task{f15ddea #260 type=standard A=10238:com.lmsa.app}}} m=CHANGE f=NONE leash=Surface(name=Task=260#3001)/@0x46a05c1 sb=Rect(0, 0 - 1080, 2400) eb=Rect(0, 0 - 1080, 2400) epz=Point(1080, 2400) d=0 taskParent=-1 winMode=1 userId=0}
                                                                                                        ]}
2026-04-24 00:10:10.193 29757-29757 VRI[WebViewActivity]    com.lmsa.app                         D  WindowInsets changed: statusBars:[0,121,0,0] navigationBars:[0,0,0,63] 
2026-04-24 00:10:10.196 29757-29919 InteractionJankMonitor  com.lmsa.app                         W  Initializing without READ_DEVICE_CONFIG permission. enabled=false, interval=1, missedFrameThreshold=3, frameTimeThreshold=64, package=com.lmsa.app
2026-04-24 00:10:10.213 29757-29757 LMSA_WebView            com.lmsa.app                         D  Updated system gesture exclusion rects: Rect(0, 906 - 105, 1431)
2026-04-24 00:10:10.261  1233-1233  GrantPermi...sViewModel com....android.permissioncontroller  I  Permission grant result requestId=-592997463902295746 callingUid=10238 callingPackage=com.lmsa.app permission=android.permission.READ_EXTERNAL_STORAGE isImplicit=false result=1 isPermissionRationaleShown=falseisPackageRestrictedByEnhancedConfirmation=false
2026-04-24 00:10:10.271 29757-29757 VRI[WebViewActivity]    com.lmsa.app                         D  WindowInsets changed: statusBars:null navigationBars:null 
2026-04-24 00:10:10.273 29757-29757 LMSA_WebView            com.lmsa.app                         D  Updated system gesture exclusion rects: Rect(0, 937 - 105, 1462)
2026-04-24 00:10:10.276 29757-29770 TextToSpeech            com.lmsa.app                         I  Connected to TTS engine
2026-04-24 00:10:10.491 29757-29932 TextToSpeech            com.lmsa.app                         I  Setting up the connection to TTS engine...
2026-04-24 00:10:10.492   688-1981  MediaFocusControl       system_server                        I  abandonAudioFocus() from uid/pid 10238/29757 clientId=android.media.AudioManager@40681abcom.lmsa.app.WebViewActivity$$ExternalSyntheticLambda5@7898008 callingPack=com.lmsa.app
2026-04-24 00:10:10.493 29757-29757 LMSA_WebView            com.lmsa.app                         D  Creating TextToSpeech instance
2026-04-24 00:10:10.495 29757-29757 TextToSpeech            com.lmsa.app                         I  Sucessfully bound to com.google.android.tts
2026-04-24 00:10:10.495 29757-29757 LMSA_WebView            com.lmsa.app                         D  TTS engine re-initialization started on resume
2026-04-24 00:10:10.496 29757-29943 TextToSpeech            com.lmsa.app                         I  Disconnected from TTS engine
2026-04-24 00:10:10.510   688-816   ImeTracker              system_server                        I  com.lmsa.app:71efe196: onRequestHide at ORIGIN_SERVER reason HIDE_UNSPECIFIED_WINDOW fromUser false userId 0 displayId 0
2026-04-24 00:10:10.517  2017-2017  GoogleInpu...hodService com...gle.android.inputmethod.latin  I  GoogleInputMethodService.onStartInput():1384 onStartInput(EditorInfo{EditorInfo{packageName=com.lmsa.app, inputType=0, inputTypeString=NULL, enableLearning=false, autoCorrection=false, autoComplete=false, imeOptions=0, privateImeOptions=null, actionName=UNSPECIFIED, actionLabel=null, initialSelStart=-1, initialSelEnd=-1, initialCapsMode=0, label=null, fieldId=0, fieldName=null, extras=null, hintText=null, hintLocales=[]}}, false)
2026-04-24 00:10:10.517 29757-29757 InsetsController        com.lmsa.app                         D  hide(ime())
2026-04-24 00:10:10.518 29757-29757 ImeTracker              com.lmsa.app                         I  com.lmsa.app:71efe196: onCancelled at PHASE_CLIENT_ALREADY_HIDDEN
2026-04-24 00:10:10.522   688-2325  PackageConfigPersister  system_server                        W  App-specific configuration not found for packageName: com.lmsa.app and userId: 0
2026-04-24 00:10:10.676 29757-29762 com.lmsa.app            com.lmsa.app                         I  Compiler allocated 5236KB to compile void android.view.ViewRootImpl.performTraversals(long)
2026-04-24 00:10:10.961 29757-29767 TextToSpeech            com.lmsa.app                         I  Connected to TTS engine
2026-04-24 00:10:11.099 29757-29932 TextToSpeech            com.lmsa.app                         I  Setting up the connection to TTS engine...
2026-04-24 00:10:11.130 29757-29757 LMSA_WebView            com.lmsa.app                         D  Audio attributes set for TTS with USAGE_MEDIA/CONTENT_TYPE_SPEECH
2026-04-24 00:10:11.131 29757-29757 LMSA_WebView            com.lmsa.app                         D  TTS initialized successfully with optimized settings and audio attributes
2026-04-24 00:10:13.889 29757-29954 ProfileInstaller        com.lmsa.app                         D  Installing profile for com.lmsa.app
2026-04-24 00:10:26.159 29757-29763 com.lmsa.app            com.lmsa.app                         I  Background concurrent mark compact GC freed 14MB AllocSpace bytes, 31(1360KB) LOS objects, 49% free, 6761KB/13MB, paused 620us,5.548ms total 15.952ms
2026-04-24 00:10:28.847 29757-29859 LMSA_WebView            com.lmsa.app                         D  Offline gate internet probe failed via https://connectivitycheck.gstatic.com/generate_204: Unable to resolve host "connectivitycheck.gstatic.com": No address associated with hostname
2026-04-24 00:10:30.141 29757-29757 LMSA_WebView            com.lmsa.app                         E  App Open ad failed to load: Error while connecting to ad server: Unable to resolve host "googleads.g.doubleclick.net": No address associated with hostname
2026-04-24 00:10:30.141 29757-29757 Ads                     com.lmsa.app                         I  Ad failed to load : 0
