2026-04-23 21:02:21.044   688-770   ActivityTaskManager     system_server                        I  START u0 {act=android.intent.action.MAIN cat=[android.intent.category.LAUNCHER] flg=0x10200000 xflg=0x4 cmp=com.lmsa.app/.WebViewActivity bnds=[836,1905][1009,2100]} with LAUNCH_MULTIPLE from uid 10193 (com.google.android.apps.nexuslauncher) (sr=221628456) (BAL_ALLOW_VISIBLE_WINDOW) result code=0
2026-04-23 21:02:21.057   688-721   ActivityManager         system_server                        I  Start proc 15058:com.lmsa.app/u0a237 for next-top-activity {com.lmsa.app/com.lmsa.app.WebViewActivity}
2026-04-23 21:02:21.061 15058-15058 Zygote                  zygote64                             I  Process 15058 created for com.lmsa.app
2026-04-23 21:02:21.062 15058-15058 com.lmsa.app            zygote64                             I  Late-enabling -Xcheck:jni
2026-04-23 21:02:21.062   688-1218  WindowManager           system_server                        D  setClientSurface Surface(name=VRI-Splash Screen com.lmsa.app#1085)/@0x6d8d4aa for 3b48c9e Splash Screen com.lmsa.app
2026-04-23 21:02:21.074 15058-15058 com.lmsa.app            zygote64                             I  Using generational CollectorTypeCMC GC.
2026-04-23 21:02:21.075 15058-15058 com.lmsa.app            zygote64                             W  Unexpected CPU variant for x86: x86_64.
                                                                                                    Known variants: atom, sandybridge, silvermont, goldmont, goldmont-plus, goldmont-without-sha-xsaves, tremont, kabylake, alderlake, lunarlake, default
---------------------------- PROCESS STARTED (15058) for package com.lmsa.app ----------------------------
2026-04-23 21:02:21.086 15058-15058 nativeloader            com.lmsa.app                         D  Load libframework-connectivity-tiramisu-jni.so using APEX ns com_android_tethering for caller /apex/com.android.tethering/javalib/framework-connectivity-t.jar: ok
2026-04-23 21:02:21.112   688-711   WindowManager           system_server                        V  Sent Transition (#114) createdAt=04-23 21:02:21.037 via request=TransitionRequestInfo { type = OPEN, triggerTask = TaskInfo{userId=0 taskId=212 effectiveUid=10237 displayId=0 isRunning=true baseIntent=Intent { act=android.intent.action.MAIN cat=[android.intent.category.LAUNCHER] flg=0x10200000 cmp=com.lmsa.app/.WebViewActivity } baseActivity=ComponentInfo{com.lmsa.app/com.lmsa.app.WebViewActivity} topActivity=ComponentInfo{com.lmsa.app/com.lmsa.app.WebViewActivity} origActivity=null realActivity=ComponentInfo{com.lmsa.app/com.lmsa.app.WebViewActivity} realActivityIsAppLockEnabled=false numActivities=1 lastActiveTime=7469140 supportsMultiWindow=true supportsMultiWindowWithoutConstraints=true resizeMode=1 isResizeable=true minWidth=-1 minHeight=-1 defaultMinSize=220 token=WCT{RemoteToken{80f1377 Task{e698ddd #212 type=standard A=10237:com.lmsa.app}}} topActivityType=1 pictureInPictureParams=null shouldDockBigOverlays=false launchIntoPipHostTaskId=-1 lastParentTaskIdBeforePip=-1 displayCutoutSafeInsets=Rect(0, 121 - 0, 0) topActivityInfo=ActivityInfo{b63bbe4 com.lmsa.app.WebViewActivity} launchCookies=[android.os.BinderProxy@30ea84d] positionInParent=Point(0, 0) parentTaskId=-1 isFocused=false isInteractive=false isVisible=false isVisibleRequested=false isTopActivityNoDisplay=false isSleeping=false locusId=null displayAreaFeatureId=1 isTopActivityTransparent=false isActivityStackTransparent=false lastNonFullscreenBounds=null leafTaskBoundsFromOptions= false capturedLink=null capturedLinkTimestamp=0 requestedVisibleTypes=503 topActivityRequestOpenInBrowserEducationTimestamp=0 appCompatTaskInfo=AppCompatTaskInfo { topActivityInSizeCompat=false isLeafTask= true eligibleForLetterboxEducation= false isLetterboxEducationEnabled= true isLetterboxDoubleTapEnabled= false eligibleForUserAspectRatioButton= false topActivityBoundsLetterboxed= false isFromLetterboxDoubleTap= false topActivityLetterboxVerticalPosition= -1 topActivityLetterboxHorizontalPosition= -1 topActivityLetterboxWidth=-1 topActivityLetterboxHeight=-1 topActivityAppBounds=Rect(0, 0 - 1080, 2400) isUserFullscreenOverrideEnabled=false isSystemFullscreenOverrideEnabled=false hasMinAspectRatioOverride=false topActivityLetterboxBounds=null topNonResizableActivityAspectRatio=-1.0} topActivityMainWindowFrame=null isAppBubble=false}, pipChange = null, remoteTransitionInfo = RemoteTransitionInfo { remoteTransition = android.window.IRemoteTransition$Stub$Proxy@d77013, debugName = QuickstepLaunch, filter = null }, displayChange = null, requestedLocation = null, userChange = null, windowingLayerChange = null, fullscreenRequestChange = null, flags = 0, debugId = 114 }
2026-04-23 21:02:21.112   688-711   WindowManager           system_server                        V      info={id=114 t=OPEN f=0x0 trk=0 r=[0@Point(0, 0)] c=[
                                                                                                            {WCT{RemoteToken{80f1377 Task{e698ddd #212 type=standard A=10237:com.lmsa.app}}} m=OPEN f=MOVE_TO_TOP leash=Surface(name=Task=212#1082)/@0x1815c11 sb=Rect(0, 0 - 1080, 2400) eb=Rect(0, 0 - 1080, 2400) epz=Point(1080, 2400) d=0 taskParent=-1 winMode=1 userId=0},
                                                                                                            {WCT{RemoteToken{90b6243 Task{cee887d #1 type=home}}} m=TO_BACK f=SHOW_WALLPAPER leash=Surface(name=Task=1#34)/@0x8233f66 sb=Rect(0, 0 - 1080, 2400) eb=Rect(0, 0 - 1080, 2400) epz=Point(1080, 2400) d=0 taskParent=-1 winMode=1 userId=0},
                                                                                                            {m=TO_BACK f=IS_WALLPAPER leash=Surface(name=WallpaperWindowToken{a0d7e83}#53)/@0x2484bc1 sb=Rect(0, 0 - 1080, 2400) eb=Rect(0, 0 - 1080, 2400) epz=Point(1080, 2400) d=0}
                                                                                                        ]}
2026-04-23 21:02:21.259 15058-15058 nativeloader            com.lmsa.app                         D  Configuring clns-9 for other apk /data/app/~~eZlAy6x-SE2gZCoLTO7cvw==/com.lmsa.app-g0if599ZfQcgmS8Miv4Raw==/base.apk. target_sdk_version=36, uses_libraries=, library_path=/data/app/~~eZlAy6x-SE2gZCoLTO7cvw==/com.lmsa.app-g0if599ZfQcgmS8Miv4Raw==/lib/x86_64, permitted_path=/data:/mnt/expand:/data/user/0/com.lmsa.app
2026-04-23 21:02:21.270 15058-15058 GraphicsEnvironment     com.lmsa.app                         V  Currently set values for:
2026-04-23 21:02:21.270 15058-15058 GraphicsEnvironment     com.lmsa.app                         V    angle_gl_driver_selection_pkgs=[]
2026-04-23 21:02:21.270 15058-15058 GraphicsEnvironment     com.lmsa.app                         V    angle_gl_driver_selection_values=[]
2026-04-23 21:02:21.270 15058-15058 GraphicsEnvironment     com.lmsa.app                         V  com.lmsa.app is not listed in per-application setting
2026-04-23 21:02:21.270 15058-15058 GraphicsEnvironment     com.lmsa.app                         V  No special selections for ANGLE, returning default driver choice
2026-04-23 21:02:21.272 15058-15058 GraphicsEnvironment     com.lmsa.app                         V  Neither updatable production driver nor prerelease driver is supported.
2026-04-23 21:02:21.290 15058-15058 WM-WrkMgrInitializer    com.lmsa.app                         D  Initializing WorkManager with default configuration.
2026-04-23 21:02:21.295 15058-15074 ApplicationLoaders      com.lmsa.app                         D  Returning zygote-cached class loader: /system/framework/org.apache.http.legacy.jar
2026-04-23 21:02:21.295 15058-15074 ApplicationLoaders      com.lmsa.app                         D  Returning zygote-cached class loader: /system/framework/com.android.location.provider.jar
2026-04-23 21:02:21.295 15058-15074 ApplicationLoaders      com.lmsa.app                         D  Returning zygote-cached class loader: /system/framework/com.android.media.remotedisplay.jar
2026-04-23 21:02:21.298 15058-15074 nativeloader            com.lmsa.app                         D  Configuring clns-10 for other apk /system_ext/framework/com.android.extensions.appfunctions.jar. target_sdk_version=37, uses_libraries=ALL, library_path=/data/app/~~vec9fYC93fr_YUACkpId6g==/com.google.android.gms-VMWMMn4LlGKkusRAciG6zQ==/lib/x86_64:/data/app/~~vec9fYC93fr_YUACkpId6g==/com.google.android.gms-VMWMMn4LlGKkusRAciG6zQ==/base.apk!/lib/x86_64, permitted_path=/data:/mnt/expand:/data/user/0/com.google.android.gms
2026-04-23 21:02:21.309 15058-15074 ApplicationLoaders      com.lmsa.app                         D  Returning zygote-cached class loader: /system_ext/framework/androidx.window.extensions.jar
2026-04-23 21:02:21.310 15058-15074 ApplicationLoaders      com.lmsa.app                         D  Returning zygote-cached class loader: /system_ext/framework/androidx.window.sidecar.jar
2026-04-23 21:02:21.318 15058-15074 com.lmsa.app            com.lmsa.app                         W  Loading /data/app/~~vec9fYC93fr_YUACkpId6g==/com.google.android.gms-VMWMMn4LlGKkusRAciG6zQ==/oat/x86_64/base.odex non-executable as it requires an image which we failed to load
2026-04-23 21:02:21.324 15058-15074 nativeloader            com.lmsa.app                         D  Configuring clns-11 for other apk /data/app/~~vec9fYC93fr_YUACkpId6g==/com.google.android.gms-VMWMMn4LlGKkusRAciG6zQ==/base.apk. target_sdk_version=37, uses_libraries=, library_path=/data/app/~~vec9fYC93fr_YUACkpId6g==/com.google.android.gms-VMWMMn4LlGKkusRAciG6zQ==/lib/x86_64:/data/app/~~vec9fYC93fr_YUACkpId6g==/com.google.android.gms-VMWMMn4LlGKkusRAciG6zQ==/base.apk!/lib/x86_64, permitted_path=/data:/mnt/expand:/data/user/0/com.google.android.gms
2026-04-23 21:02:21.352   688-1218  AppsFilter              system_server                        I  interaction: PackageSetting{3a85457 com.lmsa.app/10237} -> PackageSetting{7e9184a com.google.android.apps.nexuslauncher/10193} BLOCKED
2026-04-23 21:02:21.357 15058-15077 DisplayManager          com.lmsa.app                         I  Choreographer implicitly registered for the refresh rate.
2026-04-23 21:02:21.395 15058-15077 GFXSTREAM               com.lmsa.app                         I  [eglDisplay.cpp(297)] Opening libGLESv1_CM_emulation.so
2026-04-23 21:02:21.395 15058-15077 GFXSTREAM               com.lmsa.app                         I  [eglDisplay.cpp(297)] Opening libGLESv2_emulation.so
2026-04-23 21:02:21.421 15058-15077 HWUI                    com.lmsa.app                         W  Failed to choose config with EGL_SWAP_BEHAVIOR_PRESERVED, retrying without...
2026-04-23 21:02:21.421 15058-15077 HWUI                    com.lmsa.app                         W  Failed to initialize 101010-2 format, error = EGL_SUCCESS
2026-04-23 21:02:21.439 15058-15058 DesktopExperienceFlags  com.lmsa.app                         D  Toggle override initialized to: false
2026-04-23 21:02:21.454 15058-15058 AppCompatDelegate       com.lmsa.app                         D  Checking for metadata for AppLocalesMetadataHolderService : Service not found
2026-04-23 21:02:21.471 15058-15058 CompatChangeReporter    com.lmsa.app                         D  Compat change id reported: 377864165; UID 10237; state: ENABLED
2026-04-23 21:02:21.471 15058-15058 DesktopModeFlags        com.lmsa.app                         D  Toggle override initialized to: OVERRIDE_UNSET
2026-04-23 21:02:21.522 15058-15058 com.lmsa.app            com.lmsa.app                         I  hiddenapi: Accessing hidden method Landroid/view/ViewGroup;->makeOptionalFitsSystemWindows()V (runtime_flags=0, domain=platform, api=unsupported) from Landroidx/appcompat/widget/ViewUtils; (domain=app, TargetSdkVersion=36) using reflection: allowed
2026-04-23 21:02:21.543 15058-15058 WebViewFactory          com.lmsa.app                         I  Loading com.google.android.webview version 145.0.7632.45 (code 763204538)
2026-04-23 21:02:21.546 15058-15058 ResourcesManager        com.lmsa.app                         V  The following library key has been added: ResourcesKey{ mHash=6deb663f mResDir=null mSplitDirs=[] mOverlayDirs=[] mLibDirs=[/data/app/~~SRpTDepN5z9xkPBtqVvp-Q==/com.google.android.webview-D67mMC3w8zrn1tK99UW9ag==/WebViewGoogle.apk,/data/app/~~oAn4M-MEwLoDo-zcXfORew==/com.google.android.trichromelibrary_763204538--vDTjwJs28Xd2AsNhFiBeg==/TrichromeLibrary.apk,/system_ext/framework/androidx.window.extensions.jar] mDisplayId=0 mOverrideConfig=v37 mCompatInfo={420dpi always-compat} mLoaders=[]}
2026-04-23 21:02:21.549 15058-15058 com.lmsa.app            com.lmsa.app                         W  Failed to find entry 'classes.dex': Entry not found
2026-04-23 21:02:21.551 15058-15058 nativeloader            com.lmsa.app                         D  Configuring clns-12 for other apk /data/app/~~oAn4M-MEwLoDo-zcXfORew==/com.google.android.trichromelibrary_763204538--vDTjwJs28Xd2AsNhFiBeg==/TrichromeLibrary.apk. target_sdk_version=36, uses_libraries=ALL, library_path=/data/app/~~SRpTDepN5z9xkPBtqVvp-Q==/com.google.android.webview-D67mMC3w8zrn1tK99UW9ag==/lib/x86_64:/data/app/~~SRpTDepN5z9xkPBtqVvp-Q==/com.google.android.webview-D67mMC3w8zrn1tK99UW9ag==/WebViewGoogle.apk!/lib/x86_64:/data/app/~~oAn4M-MEwLoDo-zcXfORew==/com.google.android.trichromelibrary_763204538--vDTjwJs28Xd2AsNhFiBeg==/TrichromeLibrary.apk!/lib/x86_64, permitted_path=/data:/mnt/expand
2026-04-23 21:02:21.555 15058-15058 ApplicationLoaders      com.lmsa.app                         D  Returning zygote-cached class loader: /system_ext/framework/androidx.window.extensions.jar
2026-04-23 21:02:21.557 15058-15058 nativeloader            com.lmsa.app                         D  Configuring clns-13 for other apk /data/app/~~SRpTDepN5z9xkPBtqVvp-Q==/com.google.android.webview-D67mMC3w8zrn1tK99UW9ag==/WebViewGoogle.apk. target_sdk_version=36, uses_libraries=, library_path=/data/app/~~SRpTDepN5z9xkPBtqVvp-Q==/com.google.android.webview-D67mMC3w8zrn1tK99UW9ag==/lib/x86_64:/data/app/~~SRpTDepN5z9xkPBtqVvp-Q==/com.google.android.webview-D67mMC3w8zrn1tK99UW9ag==/WebViewGoogle.apk!/lib/x86_64:/data/app/~~oAn4M-MEwLoDo-zcXfORew==/com.google.android.trichromelibrary_763204538--vDTjwJs28Xd2AsNhFiBeg==/TrichromeLibrary.apk!/lib/x86_64, permitted_path=/data:/mnt/expand
2026-04-23 21:02:21.575 15058-15058 cr_WVCFactoryProvider   com.lmsa.app                         I  version=145.0.7632.45 (763204538) minSdkVersion=29 multiprocess=true packageId=2 splits=<none>
2026-04-23 21:02:21.594 15058-15058 nativeloader            com.lmsa.app                         D  Load /data/app/~~oAn4M-MEwLoDo-zcXfORew==/com.google.android.trichromelibrary_763204538--vDTjwJs28Xd2AsNhFiBeg==/TrichromeLibrary.apk!/lib/x86_64/libmonochrome_64.so using class loader ns clns-13 (caller=/data/app/~~SRpTDepN5z9xkPBtqVvp-Q==/com.google.android.webview-D67mMC3w8zrn1tK99UW9ag==/WebViewGoogle.apk): ok
2026-04-23 21:02:21.596 15058-15058 nativeloader            com.lmsa.app                         D  Load /system/lib64/libwebviewchromium_plat_support.so using class loader ns clns-13 (caller=/data/app/~~SRpTDepN5z9xkPBtqVvp-Q==/com.google.android.webview-D67mMC3w8zrn1tK99UW9ag==/WebViewGoogle.apk): ok
2026-04-23 21:02:21.601 15058-15084 chromium                com.lmsa.app                         E  [0423/210221.600908:ERROR:android_webview/browser/variations/variations_seed_loader.cc:39] Seed missing signature.
2026-04-23 21:02:21.601 15058-15084 chromium                com.lmsa.app                         I  [0423/210221.601249:INFO:android_webview/browser/variations/variations_seed_loader.cc:67] Failed to open file for reading.: No such file or directory (2)
2026-04-23 21:02:21.607 15058-15058 cr_LibraryLoader        com.lmsa.app                         I  Successfully loaded native library
2026-04-23 21:02:21.608 15058-15058 cr_CachingUmaRecorder   com.lmsa.app                         I  Flushed 18 samples from 18 histograms, 0 samples were dropped.
2026-04-23 21:02:21.610 15058-15058 cr_ChildProcLH          com.lmsa.app                         I  ScopedServiceBindingBatch.tryActivate: false
2026-04-23 21:02:21.611 15058-15058 cr_CombinedPProvider    com.lmsa.app                         I  #registerProvider() provider:WV.qk@16bbb7 isPolicyCacheEnabled:false policyProvidersSize:0
2026-04-23 21:02:21.612 15058-15058 cr_PolicyProvider       com.lmsa.app                         I  #setManagerAndSource() 0
2026-04-23 21:02:21.618 15058-15058 cr_DisplayManager       com.lmsa.app                         I  Is Display Topology available: false
2026-04-23 21:02:21.642 15058-15058 cr_CombinedPProvider    com.lmsa.app                         I  #linkNativeInternal() 1
2026-04-23 21:02:21.643 15058-15058 cr_AppResProvider       com.lmsa.app                         I  #getApplicationRestrictionsFromUserManager() Bundle[EMPTY_PARCEL]
2026-04-23 21:02:21.644 15058-15058 cr_PolicyProvider       com.lmsa.app                         I  #notifySettingsAvailable() 0
2026-04-23 21:02:21.644 15058-15058 cr_CombinedPProvider    com.lmsa.app                         I  #onSettingsAvailable() 0
2026-04-23 21:02:21.644 15058-15058 cr_CombinedPProvider    com.lmsa.app                         I  #flushPolicies()
2026-04-23 21:02:21.650   688-721   ActivityManager         system_server                        I  Start proc 15088:com.google.android.webview:sandboxed_process0:org.chromium.content.app.SandboxedProcessService0:0/u0i25 for bound-service {com.lmsa.app/org.chromium.content.app.SandboxedProcessService0:0}
2026-04-23 21:02:21.667 15058-15058 chromium                com.lmsa.app                         W  [WARNING:android_webview/browser/network_service/net_helpers.cc:137] HTTP Cache size is: 20971520
2026-04-23 21:02:21.699   688-1218  ConnectivityService     system_server                        D  requestNetwork for uid/pid:10237/15058 activeRequest: null callbackRequest: 352 [NetworkRequest [ REQUEST id=353, [ Capabilities: INTERNET&NOT_RESTRICTED&TRUSTED&NOT_VCN_MANAGED&NOT_BANDWIDTH_CONSTRAINED Uid: 10237 RequestorUid: 10237 RequestorPkg: com.lmsa.app UnderlyingNetworks: Null] ]] callback flags: 0 order: 2147483647 isUidTracked: false declaredMethods: AVAIL|LOST|NC|LP
2026-04-23 21:02:21.701   688-858   WifiNetworkFactory      system_server                        D  got request NetworkRequest [ REQUEST id=353, [ Capabilities: INTERNET&NOT_RESTRICTED&TRUSTED&NOT_VCN_MANAGED&NOT_BANDWIDTH_CONSTRAINED Uid: 10237 RequestorUid: 10237 RequestorPkg: com.lmsa.app UnderlyingNetworks: Null] ]
2026-04-23 21:02:21.704   688-858   UntrustedW...orkFactory system_server                        D  got request NetworkRequest [ REQUEST id=353, [ Capabilities: INTERNET&NOT_RESTRICTED&TRUSTED&NOT_VCN_MANAGED&NOT_BANDWIDTH_CONSTRAINED Uid: 10237 RequestorUid: 10237 RequestorPkg: com.lmsa.app UnderlyingNetworks: Null] ]
2026-04-23 21:02:21.704   688-858   OemPaidWif...orkFactory system_server                        D  got request NetworkRequest [ REQUEST id=353, [ Capabilities: INTERNET&NOT_RESTRICTED&TRUSTED&NOT_VCN_MANAGED&NOT_BANDWIDTH_CONSTRAINED Uid: 10237 RequestorUid: 10237 RequestorPkg: com.lmsa.app UnderlyingNetworks: Null] ]
2026-04-23 21:02:21.705   688-858   MultiInter...orkFactory system_server                        D  got request NetworkRequest [ REQUEST id=353, [ Capabilities: INTERNET&NOT_RESTRICTED&TRUSTED&NOT_VCN_MANAGED&NOT_BANDWIDTH_CONSTRAINED Uid: 10237 RequestorUid: 10237 RequestorPkg: com.lmsa.app UnderlyingNetworks: Null] ]
2026-04-23 21:02:21.806 15058-15103 cr_media                com.lmsa.app                         W  BLUETOOTH_CONNECT permission is missing.
2026-04-23 21:02:21.807 15058-15103 cr_media                com.lmsa.app                         W  getBluetoothAdapter() requires BLUETOOTH permission
2026-04-23 21:02:21.807 15058-15103 cr_media                com.lmsa.app                         W  registerBluetoothIntentsIfNeeded: Requires BLUETOOTH permission
2026-04-23 21:02:21.818 15058-15121 libc                    com.lmsa.app                         W  Access denied finding property "vendor.mesa.log"
2026-04-23 21:02:21.818 15058-15121 libc                    com.lmsa.app                         W  Access denied finding property "vendor.mesa.log.file"
2026-04-23 21:02:21.818 15058-15121 MESA                    com.lmsa.app                         E  Failed to open rendernode: No such file or directory
2026-04-23 21:02:21.818 15058-15121 MESA                    com.lmsa.app                         E  Failed to open rendernode: No such file or directory
2026-04-23 21:02:21.820 15058-15103 AudioSystem             com.lmsa.app                         D  onNewService: media.audio_policy service obtained 0x7d4ad3e407e0
2026-04-23 21:02:21.821 15058-15103 AudioSystem             com.lmsa.app                         D  getService: IAudioPolicyService retrieved: 0x7d4ad3e407e0  cached: 0x7d4ad3e407e0
2026-04-23 21:02:21.825 15058-15121 MESA                    com.lmsa.app                         E  Failed to open rendernode: No such file or directory
2026-04-23 21:02:21.831 15058-15121 MESA                    com.lmsa.app                         E  Failed to open rendernode: No such file or directory
2026-04-23 21:02:21.831 15058-15121 MESA                    com.lmsa.app                         E  Failed to open rendernode: No such file or directory
2026-04-23 21:02:21.832 15058-15121 MESA                    com.lmsa.app                         E  Failed to open rendernode: No such file or directory
2026-04-23 21:02:21.832 15058-15121 MESA                    com.lmsa.app                         E  Failed to open rendernode: No such file or directory
2026-04-23 21:02:21.833 15058-15121 MESA                    com.lmsa.app                         E  Failed to open rendernode: No such file or directory
2026-04-23 21:02:21.833 15058-15121 MESA                    com.lmsa.app                         E  Failed to open rendernode: No such file or directory
2026-04-23 21:02:21.834 15058-15121 libc                    com.lmsa.app                         W  Access denied finding property "vendor.mesa.vk.trace.per.submit"
2026-04-23 21:02:21.834 15058-15121 libc                    com.lmsa.app                         W  Access denied finding property "vendor.mesa.gallium.print.optio"
2026-04-23 21:02:21.834 15058-15121 libc                    com.lmsa.app                         W  Access denied finding property "vendor.mesa.vk.trace.frame"
2026-04-23 21:02:21.852 15058-15121 MESA                    com.lmsa.app                         E  Failed to open rendernode: No such file or directory
2026-04-23 21:02:21.855 15058-15121 libc                    com.lmsa.app                         W  Access denied finding property "vendor.mesa.vk.wsi.headless.swa"
2026-04-23 21:02:21.855 15058-15121 MESA                    com.lmsa.app                         E  Failed to open rendernode: No such file or directory
2026-04-23 21:02:21.855 15058-15121 MESA                    com.lmsa.app                         E  Failed to open rendernode: No such file or directory
2026-04-23 21:02:21.871 15058-15058 DynamiteModule          com.lmsa.app                         I  Considering local module com.google.android.gms.ads.dynamite:0 and remote module com.google.android.gms.ads.dynamite:260480602
2026-04-23 21:02:21.872 15058-15058 DynamiteModule          com.lmsa.app                         I  Selected remote version of com.google.android.gms.ads.dynamite, version >= 260480602
2026-04-23 21:02:21.872 15058-15058 DynamiteModule          com.lmsa.app                         V  Dynamite loader version >= 2, using loadModule2NoCrashUtils
2026-04-23 21:02:21.880 15058-15058 System                  com.lmsa.app                         W  ClassLoader referenced unknown path: 
2026-04-23 21:02:21.880 15058-15058 nativeloader            com.lmsa.app                         D  Configuring clns-14 for other apk . target_sdk_version=37, uses_libraries=, library_path=/data/app/~~vec9fYC93fr_YUACkpId6g==/com.google.android.gms-VMWMMn4LlGKkusRAciG6zQ==/lib/x86_64:/data/app/~~vec9fYC93fr_YUACkpId6g==/com.google.android.gms-VMWMMn4LlGKkusRAciG6zQ==/base.apk!/lib/x86_64, permitted_path=/data:/mnt/expand:/data/user/0/com.google.android.gms
2026-04-23 21:02:21.980   688-770   ConnectivityService     system_server                        D  requestNetwork for uid/pid:10237/15058 activeRequest: null callbackRequest: 355 [NetworkRequest [ REQUEST id=356, [ Capabilities: INTERNET&NOT_RESTRICTED&TRUSTED&NOT_VCN_MANAGED&NOT_BANDWIDTH_CONSTRAINED Uid: 10237 RequestorUid: 10237 RequestorPkg: com.lmsa.app UnderlyingNetworks: Null] ]] callback flags: 0 order: 2147483647 isUidTracked: false declaredMethods: AVAIL|LOST
2026-04-23 21:02:21.982   688-858   WifiNetworkFactory      system_server                        D  got request NetworkRequest [ REQUEST id=356, [ Capabilities: INTERNET&NOT_RESTRICTED&TRUSTED&NOT_VCN_MANAGED&NOT_BANDWIDTH_CONSTRAINED Uid: 10237 RequestorUid: 10237 RequestorPkg: com.lmsa.app UnderlyingNetworks: Null] ]
2026-04-23 21:02:21.982   688-858   UntrustedW...orkFactory system_server                        D  got request NetworkRequest [ REQUEST id=356, [ Capabilities: INTERNET&NOT_RESTRICTED&TRUSTED&NOT_VCN_MANAGED&NOT_BANDWIDTH_CONSTRAINED Uid: 10237 RequestorUid: 10237 RequestorPkg: com.lmsa.app UnderlyingNetworks: Null] ]
2026-04-23 21:02:21.982   688-858   OemPaidWif...orkFactory system_server                        D  got request NetworkRequest [ REQUEST id=356, [ Capabilities: INTERNET&NOT_RESTRICTED&TRUSTED&NOT_VCN_MANAGED&NOT_BANDWIDTH_CONSTRAINED Uid: 10237 RequestorUid: 10237 RequestorPkg: com.lmsa.app UnderlyingNetworks: Null] ]
2026-04-23 21:02:21.983   688-858   MultiInter...orkFactory system_server                        D  got request NetworkRequest [ REQUEST id=356, [ Capabilities: INTERNET&NOT_RESTRICTED&TRUSTED&NOT_VCN_MANAGED&NOT_BANDWIDTH_CONSTRAINED Uid: 10237 RequestorUid: 10237 RequestorPkg: com.lmsa.app UnderlyingNetworks: Null] ]
2026-04-23 21:02:22.066   688-1970  ActivityTaskManager     system_server                        V  TaskLaunchParamsModifier: phase=3 task=Task{e698ddd #212 type=standard A=10237:com.lmsa.app} activity=ActivityRecord{122691475 u0 com.google.android.permissioncontroller/com.android.permissioncontroller.permission.ui.GrantPermissionsActivity t-1} display-area-from-source=DefaultTaskDisplayArea@151661958 display-id=0 task-display-area-windowing-mode=1 suggested-display-area=DefaultTaskDisplayArea@151661958 inherit-from-source=fullscreen non-freeform-task-display-area display-area=DefaultTaskDisplayArea@151661958 skip-bounds-fullscreen
2026-04-23 21:02:22.066   969-1028  WindowManagerShell      com.android.systemui                 V  Transition requested (#115): android.os.BinderProxy@438273a TransitionRequestInfo { type = OPEN, triggerTask = TaskInfo{userId=0 taskId=212 effectiveUid=10237 displayId=0 isRunning=true baseIntent=Intent { act=android.intent.action.MAIN cat=[android.intent.category.LAUNCHER] flg=0x10200000 cmp=com.lmsa.app/.WebViewActivity } baseActivity=ComponentInfo{com.lmsa.app/com.lmsa.app.WebViewActivity} topActivity=ComponentInfo{com.google.android.permissioncontroller/com.android.permissioncontroller.permission.ui.GrantPermissionsActivity} origActivity=null realActivity=ComponentInfo{com.lmsa.app/com.lmsa.app.WebViewActivity} realActivityIsAppLockEnabled=false numActivities=2 lastActiveTime=7470162 supportsMultiWindow=true supportsMultiWindowWithoutConstraints=true resizeMode=1 isResizeable=true minWidth=-1 minHeight=-1 defaultMinSize=220 token=WCT{android.os.BinderProxy@ad9c1e7} topActivityType=1 pictureInPictureParams=null shouldDockBigOverlays=false launchIntoPipHostTaskId=-1 lastParentTaskIdBeforePip=-1 displayCutoutSafeInsets=Rect(0, 0 - 0, 0) topActivityInfo=ActivityInfo{8b88feb com.android.permissioncontroller.permission.ui.GrantPermissionsActivity} launchCookies=[android.os.BinderProxy@7ff943d] positionInParent=Point(0, 0) parentTaskId=-1 isFocused=true isInteractive=false isVisible=true isVisibleRequested=true isTopActivityNoDisplay=false isSleeping=false locusId=null displayAreaFeatureId=1 isTopActivityTransparent=true isActivityStackTransparent=false lastNonFullscreenBounds=null leafTaskBoundsFromOptions= false capturedLink=null capturedLinkTimestamp=0 requestedVisibleTypes=503 topActivityRequestOpenInBrowserEducationTimestamp=0 appCompatTaskInfo=AppCompatTaskInfo { topActivityInSizeCompat=false isLeafTask= true eligibleForLetterboxEducation= false isLetterboxEducationEnabled= true isLetterboxDoubleTapEnabled= false eligibleForUserAspectRatioButton= false topActivityBoundsLetterboxed= false isFromLetterboxDoubleTap= false topActivityLetterboxVerticalPosition= -1 topActivityLetterboxHorizontalPosition= -1 topActivityLetterboxWidth=-1 topActivityLetterboxHeight=-1 topActivityAppBounds=Rect(0, 0 - 1080, 2400) isUserFullscreenOverrideEnabled=false isSystemFullscreenOverrideEnabled=false hasMinAspectRatioOverride=false topActivityLetterboxBounds=null topNonResizableActivityAspectRatio=-1.0} topActivityMainWindowFrame=null isAppBubble=false}, pipChange = null, remoteTransitionInfo = null, displayChange = null, requestedLocation = null, userChange = null, windowingLayerChange = null, fullscreenRequestChange = null, flags = 0, debugId = 115 }
2026-04-23 21:02:22.066   688-1970  ActivityTaskManager     system_server                        I  START u0 {act=android.content.pm.action.REQUEST_PERMISSIONS xflg=0x4 pkg=com.google.android.permissioncontroller cmp=com.google.android.permissioncontroller/com.android.permissioncontroller.permission.ui.GrantPermissionsActivity (has extras)} with LAUNCH_MULTIPLE from uid 10237 (com.lmsa.app) (rr=142113415) (BAL_ALLOW_VISIBLE_WINDOW) result code=0
2026-04-23 21:02:22.088 15058-15058 BillingClient           com.lmsa.app                         W  Client is already in the process of connecting to billing service.
2026-04-23 21:02:22.099 15058-15058 LMSA_WebView            com.lmsa.app                         D  Deferring App Open ad display until billing entitlement resolves
2026-04-23 21:02:22.101   688-706   MediaFocusControl       system_server                        I  abandonAudioFocus() from uid/pid 10237/15058 clientId=android.media.AudioManager@43fbb8fcom.lmsa.app.WebViewActivity$$ExternalSyntheticLambda32@9e29e1c callingPack=com.lmsa.app
2026-04-23 21:02:22.101 15058-15058 LMSA_WebView            com.lmsa.app                         D  Creating TextToSpeech instance
2026-04-23 21:02:22.104 15058-15058 TextToSpeech            com.lmsa.app                         I  Sucessfully bound to com.google.android.tts
2026-04-23 21:02:22.104 15058-15058 LMSA_WebView            com.lmsa.app                         D  TTS engine re-initialization started on resume
2026-04-23 21:02:22.112 15058-15058 HWUI                    com.lmsa.app                         W  Unknown dataspace 0
2026-04-23 21:02:22.116 15058-15058 InsetsController        com.lmsa.app                         D  Setting requestedVisibleTypes to 496 (was 503)
2026-04-23 21:02:22.156 15058-15058 Choreographer           com.lmsa.app                         I  Skipped 47 frames!  The application may be doing too much work on its main thread.
2026-04-23 21:02:22.159 15058-15162 CameraManagerGlobal     com.lmsa.app                         I  Connecting to camera service
2026-04-23 21:02:22.160 15058-15058 WindowOnBackDispatcher  com.lmsa.app                         D  setTopOnBackInvokedCallback (unwrapped): android.app.Activity$$ExternalSyntheticLambda0@c6c5b67
2026-04-23 21:02:22.160 15058-15058 WindowOnBackDispatcher  com.lmsa.app                         D  setTopOnBackInvokedCallback (unwrapped): androidx.activity.OnBackPressedDispatcher$Api34Impl$createOnBackAnimationCallback$1@7789bd
2026-04-23 21:02:22.162   688-1970  CoreBackPreview         system_server                        D  Window{2766794 u0 com.lmsa.app/com.lmsa.app.WebViewActivity}: Setting back callback OnBackInvokedCallbackInfo{mCallback=android.window.IOnBackInvokedCallback$Stub$Proxy@95f152c, mPriority=-1, mIsAnimationCallback=false, mOverrideBehavior=0}
2026-04-23 21:02:22.162   688-1970  CoreBackPreview         system_server                        D  Window{2766794 u0 com.lmsa.app/com.lmsa.app.WebViewActivity}: Setting back callback OnBackInvokedCallbackInfo{mCallback=android.window.IOnBackInvokedCallback$Stub$Proxy@1f79bf5, mPriority=0, mIsAnimationCallback=true, mOverrideBehavior=0}
2026-04-23 21:02:22.164 15058-15058 VRI[WebViewActivity]    com.lmsa.app                         D  WindowInsets changed: 1080x2400 statusBars:[0,121,0,0] navigationBars:[0,0,0,63] mandatorySystemGestures:[0,153,0,84] 
2026-04-23 21:02:22.176   688-1970  WindowManager           system_server                        D  setClientSurface Surface(name=VRI-com.lmsa.app/com.lmsa.app.WebViewActivity#1096)/@0xc703d8a for 2766794 com.lmsa.app/com.lmsa.app.WebViewActivity
2026-04-23 21:02:22.180 15058-15058 Surface                 com.lmsa.app                         I  Creating surface for consumer unnamed-15058-0 with slotExpansion=1 for 64 slots
2026-04-23 21:02:22.180 15058-15058 Surface                 com.lmsa.app                         I  Creating surface for consumer VRI[WebViewActivity]#0(BLAST Consumer)0 with slotExpansion=1 for 64 slots
2026-04-23 21:02:22.182 15058-15058 VRI[WebViewActivity]    com.lmsa.app                         D  WindowInsets changed: statusBars:null navigationBars:null 
2026-04-23 21:02:22.185 15058-15058 LMSA_WebView            com.lmsa.app                         D  Updated system gesture exclusion rects: Rect(0, 937 - 105, 1462)
2026-04-23 21:02:22.297 15058-15069 HWUI                    com.lmsa.app                         I  Davey! duration=918ms; Flags=1, FrameTimelineVsyncId=859929, IntendedVsync=7469457327176, Vsync=7470240660478, InputEventId=0, HandleInputStart=7470253375600, AnimationStart=7470253446500, PerformTraversalsStart=7470256573100, DrawStart=7470309142200, FrameDeadline=7469473993842, FrameStartTime=7470252979500, FrameInterval=16666666, WorkloadTarget=16666666, SyncQueued=7470325066000, SyncStart=7470341308500, IssueDrawCommandsStart=7470342096700, SwapBuffers=7470384364600, FrameCompleted=7470391638100, DequeueBufferDuration=26800, QueueBufferDuration=246100, GpuCompleted=7470391638100, SwapBuffersCompleted=7470386691400, DisplayPresentTime=0, CommandSubmissionCompleted=7470384364600, 
2026-04-23 21:02:22.305  2305-2633  Finsky                  com.android.vending                  I  [52] com.lmsa.app: Account from first account - [ALMcM1m5Ns6Ba1X64AKCj5PQ6ioXwdEB6jM5XOp2kiU]
2026-04-23 21:02:22.305  2305-2645  Finsky                  com.android.vending                  I  [53] Billing preferred account via installer for com.lmsa.app: [ALMcM1m5Ns6Ba1X64AKCj5PQ6ioXwdEB6jM5XOp2kiU]
2026-04-23 21:02:22.321 15058-15058 DynamiteModule          com.lmsa.app                         I  Considering local module com.google.android.gms.ads.dynamite:0 and remote module com.google.android.gms.ads.dynamite:260480602
2026-04-23 21:02:22.321 15058-15058 DynamiteModule          com.lmsa.app                         I  Selected remote version of com.google.android.gms.ads.dynamite, version >= 260480602
2026-04-23 21:02:22.321 15058-15058 DynamiteModule          com.lmsa.app                         V  Dynamite loader version >= 2, using loadModule2NoCrashUtils
2026-04-23 21:02:22.321  2305-2651  Finsky                  com.android.vending                  I  [56] com.lmsa.app: Account from first account - [ALMcM1m5Ns6Ba1X64AKCj5PQ6ioXwdEB6jM5XOp2kiU]
2026-04-23 21:02:22.321  2305-2651  Finsky                  com.android.vending                  I  [56] Billing preferred account via installer for com.lmsa.app: [ALMcM1m5Ns6Ba1X64AKCj5PQ6ioXwdEB6jM5XOp2kiU]
2026-04-23 21:02:22.335 15058-15169 LMSA_WebView            com.lmsa.app                         D  Startup billing entitlement resolved via queryPurchases
2026-04-23 21:02:22.345 15058-15058 Ads                     com.lmsa.app                         I  This request is sent from a test device.
2026-04-23 21:02:22.471   688-770   AppsFilter              system_server                        I  interaction: PackageSetting{3a85457 com.lmsa.app/10237} -> PackageSetting{27f794b com.google.android.apps.maps/10169} BLOCKED
2026-04-23 21:02:22.483 15058-15143 Ads                     com.lmsa.app                         W  Invoke Firebase method getInstance error.
2026-04-23 21:02:22.483 15058-15143 Ads                     com.lmsa.app                         W  The Google Mobile Ads SDK will not integrate with Firebase. Admob/Firebase integration requires the latest Firebase SDK jar, but Firebase SDK is either missing or out of date
2026-04-23 21:02:22.508   688-1970  ConnectivityService     system_server                        D  requestNetwork for uid/pid:10237/15058 activeRequest: null callbackRequest: 357 [NetworkRequest [ REQUEST id=358, [ Capabilities: INTERNET&NOT_RESTRICTED&TRUSTED&NOT_VCN_MANAGED&NOT_BANDWIDTH_CONSTRAINED Uid: 10237 RequestorUid: 10237 RequestorPkg: com.lmsa.app UnderlyingNetworks: Null] ]] callback flags: 0 order: 2147483647 isUidTracked: false declaredMethods: AVAIL|LOST|NC
2026-04-23 21:02:22.510   688-858   WifiNetworkFactory      system_server                        D  got request NetworkRequest [ REQUEST id=358, [ Capabilities: INTERNET&NOT_RESTRICTED&TRUSTED&NOT_VCN_MANAGED&NOT_BANDWIDTH_CONSTRAINED Uid: 10237 RequestorUid: 10237 RequestorPkg: com.lmsa.app UnderlyingNetworks: Null] ]
2026-04-23 21:02:22.511   688-858   UntrustedW...orkFactory system_server                        D  got request NetworkRequest [ REQUEST id=358, [ Capabilities: INTERNET&NOT_RESTRICTED&TRUSTED&NOT_VCN_MANAGED&NOT_BANDWIDTH_CONSTRAINED Uid: 10237 RequestorUid: 10237 RequestorPkg: com.lmsa.app UnderlyingNetworks: Null] ]
2026-04-23 21:02:22.511   688-858   OemPaidWif...orkFactory system_server                        D  got request NetworkRequest [ REQUEST id=358, [ Capabilities: INTERNET&NOT_RESTRICTED&TRUSTED&NOT_VCN_MANAGED&NOT_BANDWIDTH_CONSTRAINED Uid: 10237 RequestorUid: 10237 RequestorPkg: com.lmsa.app UnderlyingNetworks: Null] ]
2026-04-23 21:02:22.511   688-858   MultiInter...orkFactory system_server                        D  got request NetworkRequest [ REQUEST id=358, [ Capabilities: INTERNET&NOT_RESTRICTED&TRUSTED&NOT_VCN_MANAGED&NOT_BANDWIDTH_CONSTRAINED Uid: 10237 RequestorUid: 10237 RequestorPkg: com.lmsa.app UnderlyingNetworks: Null] ]
2026-04-23 21:02:22.515 15058-15058 ServiceBindIntentUtils  com.lmsa.app                         W  Dynamic lookup for intent failed for action: com.google.android.gms.ads.service.CACHE
2026-04-23 21:02:22.523   688-2339  ConnectivityService     system_server                        D  requestNetwork for uid/pid:10237/15058 activeRequest: null callbackRequest: 359 [NetworkRequest [ REQUEST id=360, [ Capabilities: INTERNET&NOT_RESTRICTED&TRUSTED&NOT_VCN_MANAGED&NOT_BANDWIDTH_CONSTRAINED Uid: 10237 RequestorUid: 10237 RequestorPkg: com.lmsa.app UnderlyingNetworks: Null] ]] callback flags: 0 order: 2147483647 isUidTracked: false declaredMethods: AVAIL|LOST|NC
2026-04-23 21:02:22.524   688-858   WifiNetworkFactory      system_server                        D  got request NetworkRequest [ REQUEST id=360, [ Capabilities: INTERNET&NOT_RESTRICTED&TRUSTED&NOT_VCN_MANAGED&NOT_BANDWIDTH_CONSTRAINED Uid: 10237 RequestorUid: 10237 RequestorPkg: com.lmsa.app UnderlyingNetworks: Null] ]
2026-04-23 21:02:22.524   688-858   UntrustedW...orkFactory system_server                        D  got request NetworkRequest [ REQUEST id=360, [ Capabilities: INTERNET&NOT_RESTRICTED&TRUSTED&NOT_VCN_MANAGED&NOT_BANDWIDTH_CONSTRAINED Uid: 10237 RequestorUid: 10237 RequestorPkg: com.lmsa.app UnderlyingNetworks: Null] ]
2026-04-23 21:02:22.525   688-858   OemPaidWif...orkFactory system_server                        D  got request NetworkRequest [ REQUEST id=360, [ Capabilities: INTERNET&NOT_RESTRICTED&TRUSTED&NOT_VCN_MANAGED&NOT_BANDWIDTH_CONSTRAINED Uid: 10237 RequestorUid: 10237 RequestorPkg: com.lmsa.app UnderlyingNetworks: Null] ]
2026-04-23 21:02:22.525   688-858   MultiInter...orkFactory system_server                        D  got request NetworkRequest [ REQUEST id=360, [ Capabilities: INTERNET&NOT_RESTRICTED&TRUSTED&NOT_VCN_MANAGED&NOT_BANDWIDTH_CONSTRAINED Uid: 10237 RequestorUid: 10237 RequestorPkg: com.lmsa.app UnderlyingNetworks: Null] ]
2026-04-23 21:02:22.540 15058-15058 chromium                com.lmsa.app                         I  [INFO:CONSOLE:19] "TTSService created, Android available: true", source: file:///android_asset/LMSA/js/tts-service.js (19)
2026-04-23 21:02:22.543 15058-15058 chromium                com.lmsa.app                         I  [INFO:CONSOLE:27] "Loading modals...", source: file:///android_asset/LMSA/js/components/modal-loader.js (27)
2026-04-23 21:02:22.543 15058-15058 chromium                com.lmsa.app                         I  [INFO:CONSOLE:43] "Modals loaded successfully", source: file:///android_asset/LMSA/js/components/modal-loader.js (43)
2026-04-23 21:02:22.565 15058-15096 chromium                com.lmsa.app                         E  [ERROR:third_party/crashpad/crashpad/util/file/directory_reader_posix.cc:43] opendir /data/user/0/com.lmsa.app/cache/WebView/Crashpad/attachments/7fa3bfa2-d4dd-492c-afbb-71e8a4eddf35: No such file or directory (2)
2026-04-23 21:02:22.567   688-714   ActivityTaskManager     system_server                        W  Activity top resumed state loss timeout for ActivityRecord{142113415 u0 com.lmsa.app/.WebViewActivity t212}
2026-04-23 21:02:22.567   688-714   ActivityTaskManager     system_server                        W  Activity pause timeout for ActivityRecord{142113415 u0 com.lmsa.app/.WebViewActivity t212}
2026-04-23 21:02:22.576 15058-15096 chromium                com.lmsa.app                         W  [WARNING:third_party/crashpad/crashpad/handler/minidump_to_upload_parameters.cc:67] duplicate annotation name ptype, discarding value browser
2026-04-23 21:02:22.586 15058-15058 TextToSpeech            com.lmsa.app                         W  isSpeaking failed: not bound to TTS engine
2026-04-23 21:02:22.634   688-816   ImeTracker              system_server                        I  com.lmsa.app:e78fa6d4: onRequestHide at ORIGIN_SERVER reason HIDE_UNSPECIFIED_WINDOW fromUser false userId 0 displayId 0
2026-04-23 21:02:22.636   688-1970  ImeTracker              system_server                        I  com.lmsa.app:64e79f8b: onRequestHide at ORIGIN_SERVER reason HIDE_SOFT_INPUT fromUser false userId 0 displayId 0
2026-04-23 21:02:22.636   688-1970  ImeTracker              system_server                        I  com.lmsa.app:64e79f8b: onCancelled at PHASE_SERVER_SHOULD_HIDE
2026-04-23 21:02:22.637  2017-2017  GoogleInpu...hodService com...gle.android.inputmethod.latin  I  GoogleInputMethodService.onStartInput():1384 onStartInput(EditorInfo{EditorInfo{packageName=com.lmsa.app, inputType=0, inputTypeString=NULL, enableLearning=false, autoCorrection=false, autoComplete=false, imeOptions=0, privateImeOptions=null, actionName=UNSPECIFIED, actionLabel=null, initialSelStart=-1, initialSelEnd=-1, initialCapsMode=0, label=null, fieldId=0, fieldName=null, extras=null, hintText=null, hintLocales=[]}}, false)
2026-04-23 21:02:22.639   688-2339  PackageConfigPersister  system_server                        W  App-specific configuration not found for packageName: com.lmsa.app and userId: 0
2026-04-23 21:02:22.641 15058-15138 Ads                     com.lmsa.app                         W  Not retrying to fetch app settings
2026-04-23 21:02:22.654 15058-15058 InsetsController        com.lmsa.app                         D  hide(ime())
2026-04-23 21:02:22.654 15058-15058 ImeTracker              com.lmsa.app                         I  com.lmsa.app:e78fa6d4: onCancelled at PHASE_CLIENT_ALREADY_HIDDEN
2026-04-23 21:02:22.660 15058-15217 ServiceBindIntentUtils  com.lmsa.app                         W  Dynamic lookup for intent failed for action: com.google.android.gms.ads.service.START
2026-04-23 21:02:22.674 15058-15218 HWUI                    com.lmsa.app                         I  Using FreeType backend (prop=Auto)
2026-04-23 21:02:22.782   688-711   WindowManager           system_server                        V  Sent Transition (#115) createdAt=04-23 21:02:22.062 via request=TransitionRequestInfo { type = OPEN, triggerTask = TaskInfo{userId=0 taskId=212 effectiveUid=10237 displayId=0 isRunning=true baseIntent=Intent { act=android.intent.action.MAIN cat=[android.intent.category.LAUNCHER] flg=0x10200000 cmp=com.lmsa.app/.WebViewActivity } baseActivity=ComponentInfo{com.lmsa.app/com.lmsa.app.WebViewActivity} topActivity=ComponentInfo{com.google.android.permissioncontroller/com.android.permissioncontroller.permission.ui.GrantPermissionsActivity} origActivity=null realActivity=ComponentInfo{com.lmsa.app/com.lmsa.app.WebViewActivity} realActivityIsAppLockEnabled=false numActivities=2 lastActiveTime=7470162 supportsMultiWindow=true supportsMultiWindowWithoutConstraints=true resizeMode=1 isResizeable=true minWidth=-1 minHeight=-1 defaultMinSize=220 token=WCT{RemoteToken{80f1377 Task{e698ddd #212 type=standard A=10237:com.lmsa.app}}} topActivityType=1 pictureInPictureParams=null shouldDockBigOverlays=false launchIntoPipHostTaskId=-1 lastParentTaskIdBeforePip=-1 displayCutoutSafeInsets=Rect(0, 0 - 0, 0) topActivityInfo=ActivityInfo{bab4295 com.android.permissioncontroller.permission.ui.GrantPermissionsActivity} launchCookies=[android.os.BinderProxy@30ea84d] positionInParent=Point(0, 0) parentTaskId=-1 isFocused=true isInteractive=false isVisible=true isVisibleRequested=true isTopActivityNoDisplay=false isSleeping=false locusId=null displayAreaFeatureId=1 isTopActivityTransparent=true isActivityStackTransparent=false lastNonFullscreenBounds=null leafTaskBoundsFromOptions= false capturedLink=null capturedLinkTimestamp=0 requestedVisibleTypes=503 topActivityRequestOpenInBrowserEducationTimestamp=0 appCompatTaskInfo=AppCompatTaskInfo { topActivityInSizeCompat=false isLeafTask= true eligibleForLetterboxEducation= false isLetterboxEducationEnabled= true isLetterboxDoubleTapEnabled= false eligibleForUserAspectRatioButton= false topActivityBoundsLetterboxed= false isFromLetterboxDoubleTap= false topActivityLetterboxVerticalPosition= -1 topActivityLetterboxHorizontalPosition= -1 topActivityLetterboxWidth=-1 topActivityLetterboxHeight=-1 topActivityAppBounds=Rect(0, 0 - 1080, 2400) isUserFullscreenOverrideEnabled=false isSystemFullscreenOverrideEnabled=false hasMinAspectRatioOverride=false topActivityLetterboxBounds=null topNonResizableActivityAspectRatio=-1.0} topActivityMainWindowFrame=null isAppBubble=false}, pipChange = null, remoteTransitionInfo = null, displayChange = null, requestedLocation = null, userChange = null, windowingLayerChange = null, fullscreenRequestChange = null, flags = 0, debugId = 115 }
2026-04-23 21:02:22.782   688-711   WindowManager           system_server                        V      info={id=115 t=OPEN f=0x0 trk=0 r=[0@Point(0, 0)] c=[
                                                                                                            {m=OPEN f=TRANSLUCENT|FILLS_TASK p=WCT{RemoteToken{80f1377 Task{e698ddd #212 type=standard A=10237:com.lmsa.app}}} leash=Surface(name=ActivityRecord{122691475 u0 com.google.android.permissioncontroller/com.android.permissioncontroller.permission.ui.GrantPermissionsActivity t212}#1094)/@0xf9c27f sb=Rect(0, 0 - 0, 0) eb=Rect(0, 0 - 1080, 2400) epz=Point(1080, 2400) d=-1->0 r=-1->0:-1 bc=ffededf6 activity=ActivityTransitionInfo { component = ComponentInfo{com.google.android.permissioncontroller/com.android.permissioncontroller.permission.ui.GrantPermissionsActivity}, taskId = 212, appCompatTransitionInfo = null }},
                                                                                                            {WCT{RemoteToken{80f1377 Task{e698ddd #212 type=standard A=10237:com.lmsa.app}}} m=CHANGE f=NONE leash=Surface(name=Task=212#1082)/@0x1815c11 sb=Rect(0, 0 - 1080, 2400) eb=Rect(0, 0 - 1080, 2400) epz=Point(1080, 2400) d=0 taskParent=-1 winMode=1 userId=0}
                                                                                                        ]}
2026-04-23 21:02:22.790 15058-15070 TextToSpeech            com.lmsa.app                         I  Connected to TTS engine
2026-04-23 21:02:22.823 15058-15058 chromium                com.lmsa.app                         I  [INFO:CONSOLE:1917] "[Biometric] Event listener attached to require-biometric checkbox", source: file:///android_asset/LMSA/js/settings-manager.js (1917)
2026-04-23 21:02:22.826  1233-1233  GrantPermi...sViewModel com....android.permissioncontroller  I  Permission grant result requestId=6323852035747360459 callingUid=10237 callingPackage=com.lmsa.app permission=android.permission.READ_EXTERNAL_STORAGE isImplicit=false result=1 isPermissionRationaleShown=falseisPackageRestrictedByEnhancedConfirmation=false
2026-04-23 21:02:22.849   688-772   BiometricS...reAuthInfo system_server                        D  Package: com.lmsa.app Sensor ID: 0 Modality: 2 User id: 0 Status: 7
2026-04-23 21:02:22.980 15058-15213 InteractionJankMonitor  com.lmsa.app                         W  Initializing without READ_DEVICE_CONFIG permission. enabled=false, interval=1, missedFrameThreshold=3, frameTimeThreshold=64, package=com.lmsa.app
2026-04-23 21:02:23.013 15058-15225 TextToSpeech            com.lmsa.app                         I  Setting up the connection to TTS engine...
2026-04-23 21:02:23.015   688-1781  MediaFocusControl       system_server                        I  abandonAudioFocus() from uid/pid 10237/15058 clientId=android.media.AudioManager@43fbb8fcom.lmsa.app.WebViewActivity$$ExternalSyntheticLambda32@9e29e1c callingPack=com.lmsa.app
